Archive member included to satisfy reference by file (symbol)

c:/st/stm32cubeide_1.4.0/stm32cubeide/plugins/com.st.stm32cube.ide.mcu.externaltools.gnu-tools-for-stm32.7-2018-q2-update.win32_1.4.0.202007081208/tools/bin/../lib/gcc/arm-none-eabi/7.3.1/../../../../arm-none-eabi/lib/thumb/v7-m\libc_nano.a(lib_a-errno.o)
                              Src/syscalls.o (__errno)
c:/st/stm32cubeide_1.4.0/stm32cubeide/plugins/com.st.stm32cube.ide.mcu.externaltools.gnu-tools-for-stm32.7-2018-q2-update.win32_1.4.0.202007081208/tools/bin/../lib/gcc/arm-none-eabi/7.3.1/../../../../arm-none-eabi/lib/thumb/v7-m\libc_nano.a(lib_a-exit.o)
                              c:/st/stm32cubeide_1.4.0/stm32cubeide/plugins/com.st.stm32cube.ide.mcu.externaltools.gnu-tools-for-stm32.7-2018-q2-update.win32_1.4.0.202007081208/tools/bin/../lib/gcc/arm-none-eabi/7.3.1/../../../../arm-none-eabi/lib/thumb/v7-m/crt0.o (exit)
c:/st/stm32cubeide_1.4.0/stm32cubeide/plugins/com.st.stm32cube.ide.mcu.externaltools.gnu-tools-for-stm32.7-2018-q2-update.win32_1.4.0.202007081208/tools/bin/../lib/gcc/arm-none-eabi/7.3.1/../../../../arm-none-eabi/lib/thumb/v7-m\libc_nano.a(lib_a-impure.o)
                              c:/st/stm32cubeide_1.4.0/stm32cubeide/plugins/com.st.stm32cube.ide.mcu.externaltools.gnu-tools-for-stm32.7-2018-q2-update.win32_1.4.0.202007081208/tools/bin/../lib/gcc/arm-none-eabi/7.3.1/../../../../arm-none-eabi/lib/thumb/v7-m\libc_nano.a(lib_a-exit.o) (_global_impure_ptr)
c:/st/stm32cubeide_1.4.0/stm32cubeide/plugins/com.st.stm32cube.ide.mcu.externaltools.gnu-tools-for-stm32.7-2018-q2-update.win32_1.4.0.202007081208/tools/bin/../lib/gcc/arm-none-eabi/7.3.1/../../../../arm-none-eabi/lib/thumb/v7-m\libc_nano.a(lib_a-init.o)
                              c:/st/stm32cubeide_1.4.0/stm32cubeide/plugins/com.st.stm32cube.ide.mcu.externaltools.gnu-tools-for-stm32.7-2018-q2-update.win32_1.4.0.202007081208/tools/bin/../lib/gcc/arm-none-eabi/7.3.1/../../../../arm-none-eabi/lib/thumb/v7-m/crt0.o (__libc_init_array)
c:/st/stm32cubeide_1.4.0/stm32cubeide/plugins/com.st.stm32cube.ide.mcu.externaltools.gnu-tools-for-stm32.7-2018-q2-update.win32_1.4.0.202007081208/tools/bin/../lib/gcc/arm-none-eabi/7.3.1/../../../../arm-none-eabi/lib/thumb/v7-m\libc_nano.a(lib_a-memset.o)
                              c:/st/stm32cubeide_1.4.0/stm32cubeide/plugins/com.st.stm32cube.ide.mcu.externaltools.gnu-tools-for-stm32.7-2018-q2-update.win32_1.4.0.202007081208/tools/bin/../lib/gcc/arm-none-eabi/7.3.1/../../../../arm-none-eabi/lib/thumb/v7-m/crt0.o (memset)

Allocating common symbols
Common symbol       size              file

MyKeypad            0x24              Src/main.o
Button              0x1               Src/main.o
MyLcd               0x30              Src/main.o

Discarded input sections

 .text          0x0000000000000000        0x0 c:/st/stm32cubeide_1.4.0/stm32cubeide/plugins/com.st.stm32cube.ide.mcu.externaltools.gnu-tools-for-stm32.7-2018-q2-update.win32_1.4.0.202007081208/tools/bin/../lib/gcc/arm-none-eabi/7.3.1/thumb/v7-m/crti.o
 .data          0x0000000000000000        0x0 c:/st/stm32cubeide_1.4.0/stm32cubeide/plugins/com.st.stm32cube.ide.mcu.externaltools.gnu-tools-for-stm32.7-2018-q2-update.win32_1.4.0.202007081208/tools/bin/../lib/gcc/arm-none-eabi/7.3.1/thumb/v7-m/crti.o
 .bss           0x0000000000000000        0x0 c:/st/stm32cubeide_1.4.0/stm32cubeide/plugins/com.st.stm32cube.ide.mcu.externaltools.gnu-tools-for-stm32.7-2018-q2-update.win32_1.4.0.202007081208/tools/bin/../lib/gcc/arm-none-eabi/7.3.1/thumb/v7-m/crti.o
 .data          0x0000000000000000        0x4 c:/st/stm32cubeide_1.4.0/stm32cubeide/plugins/com.st.stm32cube.ide.mcu.externaltools.gnu-tools-for-stm32.7-2018-q2-update.win32_1.4.0.202007081208/tools/bin/../lib/gcc/arm-none-eabi/7.3.1/thumb/v7-m/crtbegin.o
 .text          0x0000000000000000       0x74 c:/st/stm32cubeide_1.4.0/stm32cubeide/plugins/com.st.stm32cube.ide.mcu.externaltools.gnu-tools-for-stm32.7-2018-q2-update.win32_1.4.0.202007081208/tools/bin/../lib/gcc/arm-none-eabi/7.3.1/../../../../arm-none-eabi/lib/thumb/v7-m/crt0.o
 .data          0x0000000000000000        0x0 c:/st/stm32cubeide_1.4.0/stm32cubeide/plugins/com.st.stm32cube.ide.mcu.externaltools.gnu-tools-for-stm32.7-2018-q2-update.win32_1.4.0.202007081208/tools/bin/../lib/gcc/arm-none-eabi/7.3.1/../../../../arm-none-eabi/lib/thumb/v7-m/crt0.o
 .bss           0x0000000000000000        0x0 c:/st/stm32cubeide_1.4.0/stm32cubeide/plugins/com.st.stm32cube.ide.mcu.externaltools.gnu-tools-for-stm32.7-2018-q2-update.win32_1.4.0.202007081208/tools/bin/../lib/gcc/arm-none-eabi/7.3.1/../../../../arm-none-eabi/lib/thumb/v7-m/crt0.o
 .ARM.extab     0x0000000000000000        0x0 c:/st/stm32cubeide_1.4.0/stm32cubeide/plugins/com.st.stm32cube.ide.mcu.externaltools.gnu-tools-for-stm32.7-2018-q2-update.win32_1.4.0.202007081208/tools/bin/../lib/gcc/arm-none-eabi/7.3.1/../../../../arm-none-eabi/lib/thumb/v7-m/crt0.o
 .ARM.exidx     0x0000000000000000        0x8 c:/st/stm32cubeide_1.4.0/stm32cubeide/plugins/com.st.stm32cube.ide.mcu.externaltools.gnu-tools-for-stm32.7-2018-q2-update.win32_1.4.0.202007081208/tools/bin/../lib/gcc/arm-none-eabi/7.3.1/../../../../arm-none-eabi/lib/thumb/v7-m/crt0.o
 .ARM.attributes
                0x0000000000000000       0x1b c:/st/stm32cubeide_1.4.0/stm32cubeide/plugins/com.st.stm32cube.ide.mcu.externaltools.gnu-tools-for-stm32.7-2018-q2-update.win32_1.4.0.202007081208/tools/bin/../lib/gcc/arm-none-eabi/7.3.1/../../../../arm-none-eabi/lib/thumb/v7-m/crt0.o
 .group         0x0000000000000000        0xc Src/main.o
 .group         0x0000000000000000        0xc Src/main.o
 .group         0x0000000000000000        0xc Src/main.o
 .group         0x0000000000000000        0xc Src/main.o
 .group         0x0000000000000000        0xc Src/main.o
 .group         0x0000000000000000        0xc Src/main.o
 .group         0x0000000000000000        0xc Src/main.o
 .group         0x0000000000000000        0xc Src/main.o
 .group         0x0000000000000000        0xc Src/main.o
 .group         0x0000000000000000        0xc Src/main.o
 .group         0x0000000000000000        0xc Src/main.o
 .group         0x0000000000000000        0xc Src/main.o
 .group         0x0000000000000000        0xc Src/main.o
 .group         0x0000000000000000        0xc Src/main.o
 .group         0x0000000000000000        0xc Src/main.o
 .group         0x0000000000000000        0xc Src/main.o
 .group         0x0000000000000000        0xc Src/main.o
 .group         0x0000000000000000        0xc Src/main.o
 .group         0x0000000000000000        0xc Src/main.o
 .group         0x0000000000000000        0xc Src/main.o
 .group         0x0000000000000000        0xc Src/main.o
 .group         0x0000000000000000        0xc Src/main.o
 .group         0x0000000000000000        0xc Src/main.o
 .group         0x0000000000000000        0xc Src/main.o
 .group         0x0000000000000000        0xc Src/main.o
 .group         0x0000000000000000        0xc Src/main.o
 .text          0x0000000000000000        0x0 Src/main.o
 .data          0x0000000000000000        0x0 Src/main.o
 .bss           0x0000000000000000        0x0 Src/main.o
 .group         0x0000000000000000        0xc Src/syscalls.o
 .group         0x0000000000000000        0xc Src/syscalls.o
 .group         0x0000000000000000        0xc Src/syscalls.o
 .group         0x0000000000000000        0xc Src/syscalls.o
 .group         0x0000000000000000        0xc Src/syscalls.o
 .group         0x0000000000000000        0xc Src/syscalls.o
 .group         0x0000000000000000        0xc Src/syscalls.o
 .group         0x0000000000000000        0xc Src/syscalls.o
 .group         0x0000000000000000        0xc Src/syscalls.o
 .group         0x0000000000000000        0xc Src/syscalls.o
 .group         0x0000000000000000        0xc Src/syscalls.o
 .group         0x0000000000000000        0xc Src/syscalls.o
 .group         0x0000000000000000        0xc Src/syscalls.o
 .group         0x0000000000000000        0xc Src/syscalls.o
 .group         0x0000000000000000        0xc Src/syscalls.o
 .group         0x0000000000000000        0xc Src/syscalls.o
 .group         0x0000000000000000        0xc Src/syscalls.o
 .group         0x0000000000000000        0xc Src/syscalls.o
 .group         0x0000000000000000        0xc Src/syscalls.o
 .group         0x0000000000000000        0xc Src/syscalls.o
 .group         0x0000000000000000        0xc Src/syscalls.o
 .group         0x0000000000000000        0xc Src/syscalls.o
 .group         0x0000000000000000        0xc Src/syscalls.o
 .group         0x0000000000000000        0xc Src/syscalls.o
 .group         0x0000000000000000        0xc Src/syscalls.o
 .group         0x0000000000000000        0xc Src/syscalls.o
 .group         0x0000000000000000        0xc Src/syscalls.o
 .group         0x0000000000000000        0xc Src/syscalls.o
 .group         0x0000000000000000        0xc Src/syscalls.o
 .group         0x0000000000000000        0xc Src/syscalls.o
 .group         0x0000000000000000        0xc Src/syscalls.o
 .group         0x0000000000000000        0xc Src/syscalls.o
 .group         0x0000000000000000        0xc Src/syscalls.o
 .group         0x0000000000000000        0xc Src/syscalls.o
 .group         0x0000000000000000        0xc Src/syscalls.o
 .group         0x0000000000000000        0xc Src/syscalls.o
 .group         0x0000000000000000        0xc Src/syscalls.o
 .group         0x0000000000000000        0xc Src/syscalls.o
 .group         0x0000000000000000        0xc Src/syscalls.o
 .group         0x0000000000000000        0xc Src/syscalls.o
 .group         0x0000000000000000        0xc Src/syscalls.o
 .group         0x0000000000000000        0xc Src/syscalls.o
 .group         0x0000000000000000        0xc Src/syscalls.o
 .group         0x0000000000000000        0xc Src/syscalls.o
 .text          0x0000000000000000        0x0 Src/syscalls.o
 .data          0x0000000000000000        0x0 Src/syscalls.o
 .bss           0x0000000000000000        0x0 Src/syscalls.o
 .bss.__env     0x0000000000000000        0x4 Src/syscalls.o
 .data.environ  0x0000000000000000        0x4 Src/syscalls.o
 .text.initialise_monitor_handles
                0x0000000000000000        0xc Src/syscalls.o
 .text._getpid  0x0000000000000000        0xe Src/syscalls.o
 .text._kill    0x0000000000000000       0x20 Src/syscalls.o
 .text._exit    0x0000000000000000       0x14 Src/syscalls.o
 .text._read    0x0000000000000000       0x3a Src/syscalls.o
 .text._write   0x0000000000000000       0x38 Src/syscalls.o
 .text._close   0x0000000000000000       0x16 Src/syscalls.o
 .text._fstat   0x0000000000000000       0x1e Src/syscalls.o
 .text._isatty  0x0000000000000000       0x14 Src/syscalls.o
 .text._lseek   0x0000000000000000       0x18 Src/syscalls.o
 .text._open    0x0000000000000000       0x1a Src/syscalls.o
 .text._wait    0x0000000000000000       0x1e Src/syscalls.o
 .text._unlink  0x0000000000000000       0x1e Src/syscalls.o
 .text._times   0x0000000000000000       0x16 Src/syscalls.o
 .text._stat    0x0000000000000000       0x1e Src/syscalls.o
 .text._link    0x0000000000000000       0x20 Src/syscalls.o
 .text._fork    0x0000000000000000       0x16 Src/syscalls.o
 .text._execve  0x0000000000000000       0x22 Src/syscalls.o
 .debug_info    0x0000000000000000     0x1038 Src/syscalls.o
 .debug_abbrev  0x0000000000000000      0x254 Src/syscalls.o
 .debug_loc     0x0000000000000000      0x5b8 Src/syscalls.o
 .debug_aranges
                0x0000000000000000       0xa8 Src/syscalls.o
 .debug_ranges  0x0000000000000000       0x98 Src/syscalls.o
 .debug_macro   0x0000000000000000      0x243 Src/syscalls.o
 .debug_macro   0x0000000000000000      0xa60 Src/syscalls.o
 .debug_macro   0x0000000000000000       0x22 Src/syscalls.o
 .debug_macro   0x0000000000000000       0x40 Src/syscalls.o
 .debug_macro   0x0000000000000000       0x18 Src/syscalls.o
 .debug_macro   0x0000000000000000       0x94 Src/syscalls.o
 .debug_macro   0x0000000000000000       0x3c Src/syscalls.o
 .debug_macro   0x0000000000000000       0x34 Src/syscalls.o
 .debug_macro   0x0000000000000000       0x57 Src/syscalls.o
 .debug_macro   0x0000000000000000      0x174 Src/syscalls.o
 .debug_macro   0x0000000000000000      0x330 Src/syscalls.o
 .debug_macro   0x0000000000000000       0x52 Src/syscalls.o
 .debug_macro   0x0000000000000000       0x1f Src/syscalls.o
 .debug_macro   0x0000000000000000       0x43 Src/syscalls.o
 .debug_macro   0x0000000000000000       0x20 Src/syscalls.o
 .debug_macro   0x0000000000000000      0x1a3 Src/syscalls.o
 .debug_macro   0x0000000000000000       0x10 Src/syscalls.o
 .debug_macro   0x0000000000000000       0x35 Src/syscalls.o
 .debug_macro   0x0000000000000000       0x10 Src/syscalls.o
 .debug_macro   0x0000000000000000       0x10 Src/syscalls.o
 .debug_macro   0x0000000000000000       0x10 Src/syscalls.o
 .debug_macro   0x0000000000000000       0x6a Src/syscalls.o
 .debug_macro   0x0000000000000000       0x1c Src/syscalls.o
 .debug_macro   0x0000000000000000       0x52 Src/syscalls.o
 .debug_macro   0x0000000000000000       0x40 Src/syscalls.o
 .debug_macro   0x0000000000000000       0x10 Src/syscalls.o
 .debug_macro   0x0000000000000000       0x40 Src/syscalls.o
 .debug_macro   0x0000000000000000       0xd7 Src/syscalls.o
 .debug_macro   0x0000000000000000       0x1c Src/syscalls.o
 .debug_macro   0x0000000000000000       0x3d Src/syscalls.o
 .debug_macro   0x0000000000000000       0x35 Src/syscalls.o
 .debug_macro   0x0000000000000000      0x122 Src/syscalls.o
 .debug_macro   0x0000000000000000       0x16 Src/syscalls.o
 .debug_macro   0x0000000000000000       0x16 Src/syscalls.o
 .debug_macro   0x0000000000000000       0x29 Src/syscalls.o
 .debug_macro   0x0000000000000000       0x10 Src/syscalls.o
 .debug_macro   0x0000000000000000      0x241 Src/syscalls.o
 .debug_macro   0x0000000000000000       0x1c Src/syscalls.o
 .debug_macro   0x0000000000000000       0x10 Src/syscalls.o
 .debug_macro   0x0000000000000000       0x10 Src/syscalls.o
 .debug_macro   0x0000000000000000       0x16 Src/syscalls.o
 .debug_macro   0x0000000000000000      0x145 Src/syscalls.o
 .debug_macro   0x0000000000000000      0x189 Src/syscalls.o
 .debug_macro   0x0000000000000000       0x16 Src/syscalls.o
 .debug_macro   0x0000000000000000       0x88 Src/syscalls.o
 .debug_line    0x0000000000000000      0x739 Src/syscalls.o
 .debug_str     0x0000000000000000     0x887d Src/syscalls.o
 .comment       0x0000000000000000       0x7c Src/syscalls.o
 .debug_frame   0x0000000000000000      0x2ac Src/syscalls.o
 .ARM.attributes
                0x0000000000000000       0x33 Src/syscalls.o
 .group         0x0000000000000000        0xc Src/sysmem.o
 .group         0x0000000000000000        0xc Src/sysmem.o
 .group         0x0000000000000000        0xc Src/sysmem.o
 .group         0x0000000000000000        0xc Src/sysmem.o
 .group         0x0000000000000000        0xc Src/sysmem.o
 .group         0x0000000000000000        0xc Src/sysmem.o
 .group         0x0000000000000000        0xc Src/sysmem.o
 .group         0x0000000000000000        0xc Src/sysmem.o
 .group         0x0000000000000000        0xc Src/sysmem.o
 .group         0x0000000000000000        0xc Src/sysmem.o
 .group         0x0000000000000000        0xc Src/sysmem.o
 .group         0x0000000000000000        0xc Src/sysmem.o
 .group         0x0000000000000000        0xc Src/sysmem.o
 .group         0x0000000000000000        0xc Src/sysmem.o
 .group         0x0000000000000000        0xc Src/sysmem.o
 .group         0x0000000000000000        0xc Src/sysmem.o
 .group         0x0000000000000000        0xc Src/sysmem.o
 .group         0x0000000000000000        0xc Src/sysmem.o
 .group         0x0000000000000000        0xc Src/sysmem.o
 .text          0x0000000000000000        0x0 Src/sysmem.o
 .data          0x0000000000000000        0x0 Src/sysmem.o
 .bss           0x0000000000000000        0x0 Src/sysmem.o
 .bss.__sbrk_heap_end
                0x0000000000000000        0x4 Src/sysmem.o
 .text._sbrk    0x0000000000000000       0x6c Src/sysmem.o
 .debug_info    0x0000000000000000      0xa7c Src/sysmem.o
 .debug_abbrev  0x0000000000000000      0x18e Src/sysmem.o
 .debug_loc     0x0000000000000000       0x50 Src/sysmem.o
 .debug_aranges
                0x0000000000000000       0x20 Src/sysmem.o
 .debug_ranges  0x0000000000000000       0x10 Src/sysmem.o
 .debug_macro   0x0000000000000000       0xee Src/sysmem.o
 .debug_macro   0x0000000000000000      0xa60 Src/sysmem.o
 .debug_macro   0x0000000000000000       0x10 Src/sysmem.o
 .debug_macro   0x0000000000000000       0x22 Src/sysmem.o
 .debug_macro   0x0000000000000000       0x40 Src/sysmem.o
 .debug_macro   0x0000000000000000       0x18 Src/sysmem.o
 .debug_macro   0x0000000000000000       0x94 Src/sysmem.o
 .debug_macro   0x0000000000000000       0x3c Src/sysmem.o
 .debug_macro   0x0000000000000000       0x34 Src/sysmem.o
 .debug_macro   0x0000000000000000      0x174 Src/sysmem.o
 .debug_macro   0x0000000000000000       0x57 Src/sysmem.o
 .debug_macro   0x0000000000000000       0x52 Src/sysmem.o
 .debug_macro   0x0000000000000000       0x1f Src/sysmem.o
 .debug_macro   0x0000000000000000       0x43 Src/sysmem.o
 .debug_macro   0x0000000000000000       0x20 Src/sysmem.o
 .debug_macro   0x0000000000000000      0x1a3 Src/sysmem.o
 .debug_macro   0x0000000000000000      0x23b Src/sysmem.o
 .debug_macro   0x0000000000000000       0xef Src/sysmem.o
 .debug_macro   0x0000000000000000       0x6a Src/sysmem.o
 .debug_macro   0x0000000000000000      0x1df Src/sysmem.o
 .debug_line    0x0000000000000000      0x4c2 Src/sysmem.o
 .debug_str     0x0000000000000000     0x5f4b Src/sysmem.o
 .comment       0x0000000000000000       0x7c Src/sysmem.o
 .debug_frame   0x0000000000000000       0x34 Src/sysmem.o
 .ARM.attributes
                0x0000000000000000       0x33 Src/sysmem.o
 .text          0x0000000000000000       0x14 Startup/startup_stm32f103c6tx.o
 .data          0x0000000000000000        0x0 Startup/startup_stm32f103c6tx.o
 .bss           0x0000000000000000        0x0 Startup/startup_stm32f103c6tx.o
 .group         0x0000000000000000        0xc Stm32f103c6_Drivers/Keypad_Driver/Keypad.o
 .group         0x0000000000000000        0xc Stm32f103c6_Drivers/Keypad_Driver/Keypad.o
 .group         0x0000000000000000        0xc Stm32f103c6_Drivers/Keypad_Driver/Keypad.o
 .group         0x0000000000000000        0xc Stm32f103c6_Drivers/Keypad_Driver/Keypad.o
 .group         0x0000000000000000        0xc Stm32f103c6_Drivers/Keypad_Driver/Keypad.o
 .group         0x0000000000000000        0xc Stm32f103c6_Drivers/Keypad_Driver/Keypad.o
 .group         0x0000000000000000        0xc Stm32f103c6_Drivers/Keypad_Driver/Keypad.o
 .group         0x0000000000000000        0xc Stm32f103c6_Drivers/Keypad_Driver/Keypad.o
 .group         0x0000000000000000        0xc Stm32f103c6_Drivers/Keypad_Driver/Keypad.o
 .group         0x0000000000000000        0xc Stm32f103c6_Drivers/Keypad_Driver/Keypad.o
 .group         0x0000000000000000        0xc Stm32f103c6_Drivers/Keypad_Driver/Keypad.o
 .group         0x0000000000000000        0xc Stm32f103c6_Drivers/Keypad_Driver/Keypad.o
 .group         0x0000000000000000        0xc Stm32f103c6_Drivers/Keypad_Driver/Keypad.o
 .group         0x0000000000000000        0xc Stm32f103c6_Drivers/Keypad_Driver/Keypad.o
 .group         0x0000000000000000        0xc Stm32f103c6_Drivers/Keypad_Driver/Keypad.o
 .group         0x0000000000000000        0xc Stm32f103c6_Drivers/Keypad_Driver/Keypad.o
 .group         0x0000000000000000        0xc Stm32f103c6_Drivers/Keypad_Driver/Keypad.o
 .group         0x0000000000000000        0xc Stm32f103c6_Drivers/Keypad_Driver/Keypad.o
 .group         0x0000000000000000        0xc Stm32f103c6_Drivers/Keypad_Driver/Keypad.o
 .group         0x0000000000000000        0xc Stm32f103c6_Drivers/Keypad_Driver/Keypad.o
 .group         0x0000000000000000        0xc Stm32f103c6_Drivers/Keypad_Driver/Keypad.o
 .group         0x0000000000000000        0xc Stm32f103c6_Drivers/Keypad_Driver/Keypad.o
 .group         0x0000000000000000        0xc Stm32f103c6_Drivers/Keypad_Driver/Keypad.o
 .group         0x0000000000000000        0xc Stm32f103c6_Drivers/Keypad_Driver/Keypad.o
 .group         0x0000000000000000        0xc Stm32f103c6_Drivers/Keypad_Driver/Keypad.o
 .text          0x0000000000000000        0x0 Stm32f103c6_Drivers/Keypad_Driver/Keypad.o
 .data          0x0000000000000000        0x0 Stm32f103c6_Drivers/Keypad_Driver/Keypad.o
 .bss           0x0000000000000000        0x0 Stm32f103c6_Drivers/Keypad_Driver/Keypad.o
 .debug_macro   0x0000000000000000      0xa60 Stm32f103c6_Drivers/Keypad_Driver/Keypad.o
 .debug_macro   0x0000000000000000       0x18 Stm32f103c6_Drivers/Keypad_Driver/Keypad.o
 .debug_macro   0x0000000000000000       0x22 Stm32f103c6_Drivers/Keypad_Driver/Keypad.o
 .debug_macro   0x0000000000000000       0x40 Stm32f103c6_Drivers/Keypad_Driver/Keypad.o
 .debug_macro   0x0000000000000000       0x94 Stm32f103c6_Drivers/Keypad_Driver/Keypad.o
 .debug_macro   0x0000000000000000       0x3c Stm32f103c6_Drivers/Keypad_Driver/Keypad.o
 .debug_macro   0x0000000000000000       0x34 Stm32f103c6_Drivers/Keypad_Driver/Keypad.o
 .debug_macro   0x0000000000000000       0x16 Stm32f103c6_Drivers/Keypad_Driver/Keypad.o
 .debug_macro   0x0000000000000000      0x10e Stm32f103c6_Drivers/Keypad_Driver/Keypad.o
 .debug_macro   0x0000000000000000       0x8d Stm32f103c6_Drivers/Keypad_Driver/Keypad.o
 .debug_macro   0x0000000000000000       0x57 Stm32f103c6_Drivers/Keypad_Driver/Keypad.o
 .debug_macro   0x0000000000000000       0x52 Stm32f103c6_Drivers/Keypad_Driver/Keypad.o
 .debug_macro   0x0000000000000000       0x1f Stm32f103c6_Drivers/Keypad_Driver/Keypad.o
 .debug_macro   0x0000000000000000       0x43 Stm32f103c6_Drivers/Keypad_Driver/Keypad.o
 .debug_macro   0x0000000000000000       0x20 Stm32f103c6_Drivers/Keypad_Driver/Keypad.o
 .debug_macro   0x0000000000000000      0x1a3 Stm32f103c6_Drivers/Keypad_Driver/Keypad.o
 .debug_macro   0x0000000000000000      0x330 Stm32f103c6_Drivers/Keypad_Driver/Keypad.o
 .debug_macro   0x0000000000000000       0x16 Stm32f103c6_Drivers/Keypad_Driver/Keypad.o
 .debug_macro   0x0000000000000000       0x29 Stm32f103c6_Drivers/Keypad_Driver/Keypad.o
 .debug_macro   0x0000000000000000       0xef Stm32f103c6_Drivers/Keypad_Driver/Keypad.o
 .debug_macro   0x0000000000000000       0x6a Stm32f103c6_Drivers/Keypad_Driver/Keypad.o
 .debug_macro   0x0000000000000000      0x1df Stm32f103c6_Drivers/Keypad_Driver/Keypad.o
 .debug_macro   0x0000000000000000       0xb4 Stm32f103c6_Drivers/Keypad_Driver/Keypad.o
 .debug_macro   0x0000000000000000       0xd6 Stm32f103c6_Drivers/Keypad_Driver/Keypad.o
 .group         0x0000000000000000        0xc Stm32f103c6_Drivers/Keypad_Driver/ecu_keypad.o
 .text          0x0000000000000000        0x0 Stm32f103c6_Drivers/Keypad_Driver/ecu_keypad.o
 .data          0x0000000000000000        0x0 Stm32f103c6_Drivers/Keypad_Driver/ecu_keypad.o
 .bss           0x0000000000000000        0x0 Stm32f103c6_Drivers/Keypad_Driver/ecu_keypad.o
 .debug_info    0x0000000000000000       0x21 Stm32f103c6_Drivers/Keypad_Driver/ecu_keypad.o
 .debug_abbrev  0x0000000000000000       0x13 Stm32f103c6_Drivers/Keypad_Driver/ecu_keypad.o
 .debug_aranges
                0x0000000000000000       0x18 Stm32f103c6_Drivers/Keypad_Driver/ecu_keypad.o
 .debug_macro   0x0000000000000000       0x11 Stm32f103c6_Drivers/Keypad_Driver/ecu_keypad.o
 .debug_macro   0x0000000000000000      0xa60 Stm32f103c6_Drivers/Keypad_Driver/ecu_keypad.o
 .debug_line    0x0000000000000000       0x52 Stm32f103c6_Drivers/Keypad_Driver/ecu_keypad.o
 .debug_str     0x0000000000000000     0x2cfa Stm32f103c6_Drivers/Keypad_Driver/ecu_keypad.o
 .comment       0x0000000000000000       0x7c Stm32f103c6_Drivers/Keypad_Driver/ecu_keypad.o
 .ARM.attributes
                0x0000000000000000       0x33 Stm32f103c6_Drivers/Keypad_Driver/ecu_keypad.o
 .group         0x0000000000000000        0xc Stm32f103c6_Drivers/Lcd_Driver/ecu_chr_lcd.o
 .text          0x0000000000000000        0x0 Stm32f103c6_Drivers/Lcd_Driver/ecu_chr_lcd.o
 .data          0x0000000000000000        0x0 Stm32f103c6_Drivers/Lcd_Driver/ecu_chr_lcd.o
 .bss           0x0000000000000000        0x0 Stm32f103c6_Drivers/Lcd_Driver/ecu_chr_lcd.o
 .debug_info    0x0000000000000000       0x21 Stm32f103c6_Drivers/Lcd_Driver/ecu_chr_lcd.o
 .debug_abbrev  0x0000000000000000       0x13 Stm32f103c6_Drivers/Lcd_Driver/ecu_chr_lcd.o
 .debug_aranges
                0x0000000000000000       0x18 Stm32f103c6_Drivers/Lcd_Driver/ecu_chr_lcd.o
 .debug_macro   0x0000000000000000       0x11 Stm32f103c6_Drivers/Lcd_Driver/ecu_chr_lcd.o
 .debug_macro   0x0000000000000000      0xa60 Stm32f103c6_Drivers/Lcd_Driver/ecu_chr_lcd.o
 .debug_line    0x0000000000000000       0x50 Stm32f103c6_Drivers/Lcd_Driver/ecu_chr_lcd.o
 .debug_str     0x0000000000000000     0x2cf8 Stm32f103c6_Drivers/Lcd_Driver/ecu_chr_lcd.o
 .comment       0x0000000000000000       0x7c Stm32f103c6_Drivers/Lcd_Driver/ecu_chr_lcd.o
 .ARM.attributes
                0x0000000000000000       0x33 Stm32f103c6_Drivers/Lcd_Driver/ecu_chr_lcd.o
 .group         0x0000000000000000        0xc Stm32f103c6_Drivers/Lcd_Driver/lcd.o
 .group         0x0000000000000000        0xc Stm32f103c6_Drivers/Lcd_Driver/lcd.o
 .group         0x0000000000000000        0xc Stm32f103c6_Drivers/Lcd_Driver/lcd.o
 .group         0x0000000000000000        0xc Stm32f103c6_Drivers/Lcd_Driver/lcd.o
 .group         0x0000000000000000        0xc Stm32f103c6_Drivers/Lcd_Driver/lcd.o
 .group         0x0000000000000000        0xc Stm32f103c6_Drivers/Lcd_Driver/lcd.o
 .group         0x0000000000000000        0xc Stm32f103c6_Drivers/Lcd_Driver/lcd.o
 .group         0x0000000000000000        0xc Stm32f103c6_Drivers/Lcd_Driver/lcd.o
 .group         0x0000000000000000        0xc Stm32f103c6_Drivers/Lcd_Driver/lcd.o
 .group         0x0000000000000000        0xc Stm32f103c6_Drivers/Lcd_Driver/lcd.o
 .group         0x0000000000000000        0xc Stm32f103c6_Drivers/Lcd_Driver/lcd.o
 .group         0x0000000000000000        0xc Stm32f103c6_Drivers/Lcd_Driver/lcd.o
 .group         0x0000000000000000        0xc Stm32f103c6_Drivers/Lcd_Driver/lcd.o
 .group         0x0000000000000000        0xc Stm32f103c6_Drivers/Lcd_Driver/lcd.o
 .group         0x0000000000000000        0xc Stm32f103c6_Drivers/Lcd_Driver/lcd.o
 .group         0x0000000000000000        0xc Stm32f103c6_Drivers/Lcd_Driver/lcd.o
 .group         0x0000000000000000        0xc Stm32f103c6_Drivers/Lcd_Driver/lcd.o
 .group         0x0000000000000000        0xc Stm32f103c6_Drivers/Lcd_Driver/lcd.o
 .group         0x0000000000000000        0xc Stm32f103c6_Drivers/Lcd_Driver/lcd.o
 .group         0x0000000000000000        0xc Stm32f103c6_Drivers/Lcd_Driver/lcd.o
 .group         0x0000000000000000        0xc Stm32f103c6_Drivers/Lcd_Driver/lcd.o
 .group         0x0000000000000000        0xc Stm32f103c6_Drivers/Lcd_Driver/lcd.o
 .group         0x0000000000000000        0xc Stm32f103c6_Drivers/Lcd_Driver/lcd.o
 .group         0x0000000000000000        0xc Stm32f103c6_Drivers/Lcd_Driver/lcd.o
 .group         0x0000000000000000        0xc Stm32f103c6_Drivers/Lcd_Driver/lcd.o
 .text          0x0000000000000000        0x0 Stm32f103c6_Drivers/Lcd_Driver/lcd.o
 .data          0x0000000000000000        0x0 Stm32f103c6_Drivers/Lcd_Driver/lcd.o
 .bss           0x0000000000000000        0x0 Stm32f103c6_Drivers/Lcd_Driver/lcd.o
 .text.LCD_IsBusy
                0x0000000000000000       0xde Stm32f103c6_Drivers/Lcd_Driver/lcd.o
 .text.LCD_SetCursor
                0x0000000000000000       0x84 Stm32f103c6_Drivers/Lcd_Driver/lcd.o
 .text.LCD_WriteDataInPosition
                0x0000000000000000       0x38 Stm32f103c6_Drivers/Lcd_Driver/lcd.o
 .text.LCD_WriteStringData
                0x0000000000000000       0x32 Stm32f103c6_Drivers/Lcd_Driver/lcd.o
 .text.LCD_WriteStringDataInPosition
                0x0000000000000000       0x4c Stm32f103c6_Drivers/Lcd_Driver/lcd.o
 .debug_macro   0x0000000000000000      0xa60 Stm32f103c6_Drivers/Lcd_Driver/lcd.o
 .debug_macro   0x0000000000000000       0x18 Stm32f103c6_Drivers/Lcd_Driver/lcd.o
 .debug_macro   0x0000000000000000       0x22 Stm32f103c6_Drivers/Lcd_Driver/lcd.o
 .debug_macro   0x0000000000000000       0x40 Stm32f103c6_Drivers/Lcd_Driver/lcd.o
 .debug_macro   0x0000000000000000       0x94 Stm32f103c6_Drivers/Lcd_Driver/lcd.o
 .debug_macro   0x0000000000000000       0x3c Stm32f103c6_Drivers/Lcd_Driver/lcd.o
 .debug_macro   0x0000000000000000       0x34 Stm32f103c6_Drivers/Lcd_Driver/lcd.o
 .debug_macro   0x0000000000000000       0x16 Stm32f103c6_Drivers/Lcd_Driver/lcd.o
 .debug_macro   0x0000000000000000      0x10e Stm32f103c6_Drivers/Lcd_Driver/lcd.o
 .debug_macro   0x0000000000000000       0x8d Stm32f103c6_Drivers/Lcd_Driver/lcd.o
 .debug_macro   0x0000000000000000       0x57 Stm32f103c6_Drivers/Lcd_Driver/lcd.o
 .debug_macro   0x0000000000000000       0x52 Stm32f103c6_Drivers/Lcd_Driver/lcd.o
 .debug_macro   0x0000000000000000       0x1f Stm32f103c6_Drivers/Lcd_Driver/lcd.o
 .debug_macro   0x0000000000000000       0x43 Stm32f103c6_Drivers/Lcd_Driver/lcd.o
 .debug_macro   0x0000000000000000       0x20 Stm32f103c6_Drivers/Lcd_Driver/lcd.o
 .debug_macro   0x0000000000000000      0x1a3 Stm32f103c6_Drivers/Lcd_Driver/lcd.o
 .debug_macro   0x0000000000000000      0x330 Stm32f103c6_Drivers/Lcd_Driver/lcd.o
 .debug_macro   0x0000000000000000       0x16 Stm32f103c6_Drivers/Lcd_Driver/lcd.o
 .debug_macro   0x0000000000000000       0x29 Stm32f103c6_Drivers/Lcd_Driver/lcd.o
 .debug_macro   0x0000000000000000       0xef Stm32f103c6_Drivers/Lcd_Driver/lcd.o
 .debug_macro   0x0000000000000000       0x6a Stm32f103c6_Drivers/Lcd_Driver/lcd.o
 .debug_macro   0x0000000000000000      0x1df Stm32f103c6_Drivers/Lcd_Driver/lcd.o
 .debug_macro   0x0000000000000000       0xb4 Stm32f103c6_Drivers/Lcd_Driver/lcd.o
 .debug_macro   0x0000000000000000       0xd6 Stm32f103c6_Drivers/Lcd_Driver/lcd.o
 .debug_macro   0x0000000000000000       0x52 Stm32f103c6_Drivers/Lcd_Driver/lcd.o
 .group         0x0000000000000000        0xc Stm32f103c6_Drivers/stm32f103c6_GPIO_Driver.o
 .group         0x0000000000000000        0xc Stm32f103c6_Drivers/stm32f103c6_GPIO_Driver.o
 .group         0x0000000000000000        0xc Stm32f103c6_Drivers/stm32f103c6_GPIO_Driver.o
 .group         0x0000000000000000        0xc Stm32f103c6_Drivers/stm32f103c6_GPIO_Driver.o
 .group         0x0000000000000000        0xc Stm32f103c6_Drivers/stm32f103c6_GPIO_Driver.o
 .group         0x0000000000000000        0xc Stm32f103c6_Drivers/stm32f103c6_GPIO_Driver.o
 .group         0x0000000000000000        0xc Stm32f103c6_Drivers/stm32f103c6_GPIO_Driver.o
 .group         0x0000000000000000        0xc Stm32f103c6_Drivers/stm32f103c6_GPIO_Driver.o
 .group         0x0000000000000000        0xc Stm32f103c6_Drivers/stm32f103c6_GPIO_Driver.o
 .group         0x0000000000000000        0xc Stm32f103c6_Drivers/stm32f103c6_GPIO_Driver.o
 .group         0x0000000000000000        0xc Stm32f103c6_Drivers/stm32f103c6_GPIO_Driver.o
 .group         0x0000000000000000        0xc Stm32f103c6_Drivers/stm32f103c6_GPIO_Driver.o
 .group         0x0000000000000000        0xc Stm32f103c6_Drivers/stm32f103c6_GPIO_Driver.o
 .group         0x0000000000000000        0xc Stm32f103c6_Drivers/stm32f103c6_GPIO_Driver.o
 .group         0x0000000000000000        0xc Stm32f103c6_Drivers/stm32f103c6_GPIO_Driver.o
 .group         0x0000000000000000        0xc Stm32f103c6_Drivers/stm32f103c6_GPIO_Driver.o
 .group         0x0000000000000000        0xc Stm32f103c6_Drivers/stm32f103c6_GPIO_Driver.o
 .group         0x0000000000000000        0xc Stm32f103c6_Drivers/stm32f103c6_GPIO_Driver.o
 .group         0x0000000000000000        0xc Stm32f103c6_Drivers/stm32f103c6_GPIO_Driver.o
 .group         0x0000000000000000        0xc Stm32f103c6_Drivers/stm32f103c6_GPIO_Driver.o
 .group         0x0000000000000000        0xc Stm32f103c6_Drivers/stm32f103c6_GPIO_Driver.o
 .group         0x0000000000000000        0xc Stm32f103c6_Drivers/stm32f103c6_GPIO_Driver.o
 .group         0x0000000000000000        0xc Stm32f103c6_Drivers/stm32f103c6_GPIO_Driver.o
 .group         0x0000000000000000        0xc Stm32f103c6_Drivers/stm32f103c6_GPIO_Driver.o
 .text          0x0000000000000000        0x0 Stm32f103c6_Drivers/stm32f103c6_GPIO_Driver.o
 .data          0x0000000000000000        0x0 Stm32f103c6_Drivers/stm32f103c6_GPIO_Driver.o
 .bss           0x0000000000000000        0x0 Stm32f103c6_Drivers/stm32f103c6_GPIO_Driver.o
 .text.MCAL_GPIO_DeInit
                0x0000000000000000       0xdc Stm32f103c6_Drivers/stm32f103c6_GPIO_Driver.o
 .text.MCAL_GPIO_ReadPort
                0x0000000000000000       0x22 Stm32f103c6_Drivers/stm32f103c6_GPIO_Driver.o
 .text.MCAL_GPIO_WritePort
                0x0000000000000000       0x24 Stm32f103c6_Drivers/stm32f103c6_GPIO_Driver.o
 .text.MCAL_GPIO_TogglePin
                0x0000000000000000       0x2a Stm32f103c6_Drivers/stm32f103c6_GPIO_Driver.o
 .text.MCAL_GPIO_TogglePort
                0x0000000000000000       0x2a Stm32f103c6_Drivers/stm32f103c6_GPIO_Driver.o
 .text.MCAL_GPIO_LockPin
                0x0000000000000000       0x58 Stm32f103c6_Drivers/stm32f103c6_GPIO_Driver.o
 .debug_macro   0x0000000000000000      0xa60 Stm32f103c6_Drivers/stm32f103c6_GPIO_Driver.o
 .debug_macro   0x0000000000000000       0x18 Stm32f103c6_Drivers/stm32f103c6_GPIO_Driver.o
 .debug_macro   0x0000000000000000       0x22 Stm32f103c6_Drivers/stm32f103c6_GPIO_Driver.o
 .debug_macro   0x0000000000000000       0x40 Stm32f103c6_Drivers/stm32f103c6_GPIO_Driver.o
 .debug_macro   0x0000000000000000       0x94 Stm32f103c6_Drivers/stm32f103c6_GPIO_Driver.o
 .debug_macro   0x0000000000000000       0x3c Stm32f103c6_Drivers/stm32f103c6_GPIO_Driver.o
 .debug_macro   0x0000000000000000       0x34 Stm32f103c6_Drivers/stm32f103c6_GPIO_Driver.o
 .debug_macro   0x0000000000000000       0x16 Stm32f103c6_Drivers/stm32f103c6_GPIO_Driver.o
 .debug_macro   0x0000000000000000      0x10e Stm32f103c6_Drivers/stm32f103c6_GPIO_Driver.o
 .debug_macro   0x0000000000000000       0x8d Stm32f103c6_Drivers/stm32f103c6_GPIO_Driver.o
 .debug_macro   0x0000000000000000       0x57 Stm32f103c6_Drivers/stm32f103c6_GPIO_Driver.o
 .debug_macro   0x0000000000000000       0x52 Stm32f103c6_Drivers/stm32f103c6_GPIO_Driver.o
 .debug_macro   0x0000000000000000       0x1f Stm32f103c6_Drivers/stm32f103c6_GPIO_Driver.o
 .debug_macro   0x0000000000000000       0x43 Stm32f103c6_Drivers/stm32f103c6_GPIO_Driver.o
 .debug_macro   0x0000000000000000       0x20 Stm32f103c6_Drivers/stm32f103c6_GPIO_Driver.o
 .debug_macro   0x0000000000000000      0x1a3 Stm32f103c6_Drivers/stm32f103c6_GPIO_Driver.o
 .debug_macro   0x0000000000000000      0x330 Stm32f103c6_Drivers/stm32f103c6_GPIO_Driver.o
 .debug_macro   0x0000000000000000       0x16 Stm32f103c6_Drivers/stm32f103c6_GPIO_Driver.o
 .debug_macro   0x0000000000000000       0x29 Stm32f103c6_Drivers/stm32f103c6_GPIO_Driver.o
 .debug_macro   0x0000000000000000       0xef Stm32f103c6_Drivers/stm32f103c6_GPIO_Driver.o
 .debug_macro   0x0000000000000000       0x6a Stm32f103c6_Drivers/stm32f103c6_GPIO_Driver.o
 .debug_macro   0x0000000000000000      0x1df Stm32f103c6_Drivers/stm32f103c6_GPIO_Driver.o
 .debug_macro   0x0000000000000000       0xb4 Stm32f103c6_Drivers/stm32f103c6_GPIO_Driver.o
 .debug_macro   0x0000000000000000       0xd6 Stm32f103c6_Drivers/stm32f103c6_GPIO_Driver.o
 .text          0x0000000000000000        0x0 c:/st/stm32cubeide_1.4.0/stm32cubeide/plugins/com.st.stm32cube.ide.mcu.externaltools.gnu-tools-for-stm32.7-2018-q2-update.win32_1.4.0.202007081208/tools/bin/../lib/gcc/arm-none-eabi/7.3.1/../../../../arm-none-eabi/lib/thumb/v7-m\libc_nano.a(lib_a-errno.o)
 .data          0x0000000000000000        0x0 c:/st/stm32cubeide_1.4.0/stm32cubeide/plugins/com.st.stm32cube.ide.mcu.externaltools.gnu-tools-for-stm32.7-2018-q2-update.win32_1.4.0.202007081208/tools/bin/../lib/gcc/arm-none-eabi/7.3.1/../../../../arm-none-eabi/lib/thumb/v7-m\libc_nano.a(lib_a-errno.o)
 .bss           0x0000000000000000        0x0 c:/st/stm32cubeide_1.4.0/stm32cubeide/plugins/com.st.stm32cube.ide.mcu.externaltools.gnu-tools-for-stm32.7-2018-q2-update.win32_1.4.0.202007081208/tools/bin/../lib/gcc/arm-none-eabi/7.3.1/../../../../arm-none-eabi/lib/thumb/v7-m\libc_nano.a(lib_a-errno.o)
 .text.__errno  0x0000000000000000        0xc c:/st/stm32cubeide_1.4.0/stm32cubeide/plugins/com.st.stm32cube.ide.mcu.externaltools.gnu-tools-for-stm32.7-2018-q2-update.win32_1.4.0.202007081208/tools/bin/../lib/gcc/arm-none-eabi/7.3.1/../../../../arm-none-eabi/lib/thumb/v7-m\libc_nano.a(lib_a-errno.o)
 .debug_frame   0x0000000000000000       0x20 c:/st/stm32cubeide_1.4.0/stm32cubeide/plugins/com.st.stm32cube.ide.mcu.externaltools.gnu-tools-for-stm32.7-2018-q2-update.win32_1.4.0.202007081208/tools/bin/../lib/gcc/arm-none-eabi/7.3.1/../../../../arm-none-eabi/lib/thumb/v7-m\libc_nano.a(lib_a-errno.o)
 .ARM.attributes
                0x0000000000000000       0x2d c:/st/stm32cubeide_1.4.0/stm32cubeide/plugins/com.st.stm32cube.ide.mcu.externaltools.gnu-tools-for-stm32.7-2018-q2-update.win32_1.4.0.202007081208/tools/bin/../lib/gcc/arm-none-eabi/7.3.1/../../../../arm-none-eabi/lib/thumb/v7-m\libc_nano.a(lib_a-errno.o)
 .text          0x0000000000000000        0x0 c:/st/stm32cubeide_1.4.0/stm32cubeide/plugins/com.st.stm32cube.ide.mcu.externaltools.gnu-tools-for-stm32.7-2018-q2-update.win32_1.4.0.202007081208/tools/bin/../lib/gcc/arm-none-eabi/7.3.1/../../../../arm-none-eabi/lib/thumb/v7-m\libc_nano.a(lib_a-exit.o)
 .data          0x0000000000000000        0x0 c:/st/stm32cubeide_1.4.0/stm32cubeide/plugins/com.st.stm32cube.ide.mcu.externaltools.gnu-tools-for-stm32.7-2018-q2-update.win32_1.4.0.202007081208/tools/bin/../lib/gcc/arm-none-eabi/7.3.1/../../../../arm-none-eabi/lib/thumb/v7-m\libc_nano.a(lib_a-exit.o)
 .bss           0x0000000000000000        0x0 c:/st/stm32cubeide_1.4.0/stm32cubeide/plugins/com.st.stm32cube.ide.mcu.externaltools.gnu-tools-for-stm32.7-2018-q2-update.win32_1.4.0.202007081208/tools/bin/../lib/gcc/arm-none-eabi/7.3.1/../../../../arm-none-eabi/lib/thumb/v7-m\libc_nano.a(lib_a-exit.o)
 .text.exit     0x0000000000000000       0x28 c:/st/stm32cubeide_1.4.0/stm32cubeide/plugins/com.st.stm32cube.ide.mcu.externaltools.gnu-tools-for-stm32.7-2018-q2-update.win32_1.4.0.202007081208/tools/bin/../lib/gcc/arm-none-eabi/7.3.1/../../../../arm-none-eabi/lib/thumb/v7-m\libc_nano.a(lib_a-exit.o)
 .debug_frame   0x0000000000000000       0x28 c:/st/stm32cubeide_1.4.0/stm32cubeide/plugins/com.st.stm32cube.ide.mcu.externaltools.gnu-tools-for-stm32.7-2018-q2-update.win32_1.4.0.202007081208/tools/bin/../lib/gcc/arm-none-eabi/7.3.1/../../../../arm-none-eabi/lib/thumb/v7-m\libc_nano.a(lib_a-exit.o)
 .ARM.attributes
                0x0000000000000000       0x2d c:/st/stm32cubeide_1.4.0/stm32cubeide/plugins/com.st.stm32cube.ide.mcu.externaltools.gnu-tools-for-stm32.7-2018-q2-update.win32_1.4.0.202007081208/tools/bin/../lib/gcc/arm-none-eabi/7.3.1/../../../../arm-none-eabi/lib/thumb/v7-m\libc_nano.a(lib_a-exit.o)
 .text          0x0000000000000000        0x0 c:/st/stm32cubeide_1.4.0/stm32cubeide/plugins/com.st.stm32cube.ide.mcu.externaltools.gnu-tools-for-stm32.7-2018-q2-update.win32_1.4.0.202007081208/tools/bin/../lib/gcc/arm-none-eabi/7.3.1/../../../../arm-none-eabi/lib/thumb/v7-m\libc_nano.a(lib_a-impure.o)
 .data          0x0000000000000000        0x0 c:/st/stm32cubeide_1.4.0/stm32cubeide/plugins/com.st.stm32cube.ide.mcu.externaltools.gnu-tools-for-stm32.7-2018-q2-update.win32_1.4.0.202007081208/tools/bin/../lib/gcc/arm-none-eabi/7.3.1/../../../../arm-none-eabi/lib/thumb/v7-m\libc_nano.a(lib_a-impure.o)
 .bss           0x0000000000000000        0x0 c:/st/stm32cubeide_1.4.0/stm32cubeide/plugins/com.st.stm32cube.ide.mcu.externaltools.gnu-tools-for-stm32.7-2018-q2-update.win32_1.4.0.202007081208/tools/bin/../lib/gcc/arm-none-eabi/7.3.1/../../../../arm-none-eabi/lib/thumb/v7-m\libc_nano.a(lib_a-impure.o)
 .data._impure_ptr
                0x0000000000000000        0x4 c:/st/stm32cubeide_1.4.0/stm32cubeide/plugins/com.st.stm32cube.ide.mcu.externaltools.gnu-tools-for-stm32.7-2018-q2-update.win32_1.4.0.202007081208/tools/bin/../lib/gcc/arm-none-eabi/7.3.1/../../../../arm-none-eabi/lib/thumb/v7-m\libc_nano.a(lib_a-impure.o)
 .data.impure_data
                0x0000000000000000       0x60 c:/st/stm32cubeide_1.4.0/stm32cubeide/plugins/com.st.stm32cube.ide.mcu.externaltools.gnu-tools-for-stm32.7-2018-q2-update.win32_1.4.0.202007081208/tools/bin/../lib/gcc/arm-none-eabi/7.3.1/../../../../arm-none-eabi/lib/thumb/v7-m\libc_nano.a(lib_a-impure.o)
 .rodata._global_impure_ptr
                0x0000000000000000        0x4 c:/st/stm32cubeide_1.4.0/stm32cubeide/plugins/com.st.stm32cube.ide.mcu.externaltools.gnu-tools-for-stm32.7-2018-q2-update.win32_1.4.0.202007081208/tools/bin/../lib/gcc/arm-none-eabi/7.3.1/../../../../arm-none-eabi/lib/thumb/v7-m\libc_nano.a(lib_a-impure.o)
 .ARM.attributes
                0x0000000000000000       0x2d c:/st/stm32cubeide_1.4.0/stm32cubeide/plugins/com.st.stm32cube.ide.mcu.externaltools.gnu-tools-for-stm32.7-2018-q2-update.win32_1.4.0.202007081208/tools/bin/../lib/gcc/arm-none-eabi/7.3.1/../../../../arm-none-eabi/lib/thumb/v7-m\libc_nano.a(lib_a-impure.o)
 .text          0x0000000000000000        0x0 c:/st/stm32cubeide_1.4.0/stm32cubeide/plugins/com.st.stm32cube.ide.mcu.externaltools.gnu-tools-for-stm32.7-2018-q2-update.win32_1.4.0.202007081208/tools/bin/../lib/gcc/arm-none-eabi/7.3.1/../../../../arm-none-eabi/lib/thumb/v7-m\libc_nano.a(lib_a-init.o)
 .data          0x0000000000000000        0x0 c:/st/stm32cubeide_1.4.0/stm32cubeide/plugins/com.st.stm32cube.ide.mcu.externaltools.gnu-tools-for-stm32.7-2018-q2-update.win32_1.4.0.202007081208/tools/bin/../lib/gcc/arm-none-eabi/7.3.1/../../../../arm-none-eabi/lib/thumb/v7-m\libc_nano.a(lib_a-init.o)
 .bss           0x0000000000000000        0x0 c:/st/stm32cubeide_1.4.0/stm32cubeide/plugins/com.st.stm32cube.ide.mcu.externaltools.gnu-tools-for-stm32.7-2018-q2-update.win32_1.4.0.202007081208/tools/bin/../lib/gcc/arm-none-eabi/7.3.1/../../../../arm-none-eabi/lib/thumb/v7-m\libc_nano.a(lib_a-init.o)
 .text          0x0000000000000000        0x0 c:/st/stm32cubeide_1.4.0/stm32cubeide/plugins/com.st.stm32cube.ide.mcu.externaltools.gnu-tools-for-stm32.7-2018-q2-update.win32_1.4.0.202007081208/tools/bin/../lib/gcc/arm-none-eabi/7.3.1/../../../../arm-none-eabi/lib/thumb/v7-m\libc_nano.a(lib_a-memset.o)
 .data          0x0000000000000000        0x0 c:/st/stm32cubeide_1.4.0/stm32cubeide/plugins/com.st.stm32cube.ide.mcu.externaltools.gnu-tools-for-stm32.7-2018-q2-update.win32_1.4.0.202007081208/tools/bin/../lib/gcc/arm-none-eabi/7.3.1/../../../../arm-none-eabi/lib/thumb/v7-m\libc_nano.a(lib_a-memset.o)
 .bss           0x0000000000000000        0x0 c:/st/stm32cubeide_1.4.0/stm32cubeide/plugins/com.st.stm32cube.ide.mcu.externaltools.gnu-tools-for-stm32.7-2018-q2-update.win32_1.4.0.202007081208/tools/bin/../lib/gcc/arm-none-eabi/7.3.1/../../../../arm-none-eabi/lib/thumb/v7-m\libc_nano.a(lib_a-memset.o)
 .text.memset   0x0000000000000000       0x10 c:/st/stm32cubeide_1.4.0/stm32cubeide/plugins/com.st.stm32cube.ide.mcu.externaltools.gnu-tools-for-stm32.7-2018-q2-update.win32_1.4.0.202007081208/tools/bin/../lib/gcc/arm-none-eabi/7.3.1/../../../../arm-none-eabi/lib/thumb/v7-m\libc_nano.a(lib_a-memset.o)
 .debug_frame   0x0000000000000000       0x20 c:/st/stm32cubeide_1.4.0/stm32cubeide/plugins/com.st.stm32cube.ide.mcu.externaltools.gnu-tools-for-stm32.7-2018-q2-update.win32_1.4.0.202007081208/tools/bin/../lib/gcc/arm-none-eabi/7.3.1/../../../../arm-none-eabi/lib/thumb/v7-m\libc_nano.a(lib_a-memset.o)
 .ARM.attributes
                0x0000000000000000       0x2d c:/st/stm32cubeide_1.4.0/stm32cubeide/plugins/com.st.stm32cube.ide.mcu.externaltools.gnu-tools-for-stm32.7-2018-q2-update.win32_1.4.0.202007081208/tools/bin/../lib/gcc/arm-none-eabi/7.3.1/../../../../arm-none-eabi/lib/thumb/v7-m\libc_nano.a(lib_a-memset.o)
 .text          0x0000000000000000        0x0 c:/st/stm32cubeide_1.4.0/stm32cubeide/plugins/com.st.stm32cube.ide.mcu.externaltools.gnu-tools-for-stm32.7-2018-q2-update.win32_1.4.0.202007081208/tools/bin/../lib/gcc/arm-none-eabi/7.3.1/thumb/v7-m/crtend.o
 .data          0x0000000000000000        0x0 c:/st/stm32cubeide_1.4.0/stm32cubeide/plugins/com.st.stm32cube.ide.mcu.externaltools.gnu-tools-for-stm32.7-2018-q2-update.win32_1.4.0.202007081208/tools/bin/../lib/gcc/arm-none-eabi/7.3.1/thumb/v7-m/crtend.o
 .bss           0x0000000000000000        0x0 c:/st/stm32cubeide_1.4.0/stm32cubeide/plugins/com.st.stm32cube.ide.mcu.externaltools.gnu-tools-for-stm32.7-2018-q2-update.win32_1.4.0.202007081208/tools/bin/../lib/gcc/arm-none-eabi/7.3.1/thumb/v7-m/crtend.o
 .eh_frame      0x0000000000000000        0x4 c:/st/stm32cubeide_1.4.0/stm32cubeide/plugins/com.st.stm32cube.ide.mcu.externaltools.gnu-tools-for-stm32.7-2018-q2-update.win32_1.4.0.202007081208/tools/bin/../lib/gcc/arm-none-eabi/7.3.1/thumb/v7-m/crtend.o
 .ARM.attributes
                0x0000000000000000       0x2d c:/st/stm32cubeide_1.4.0/stm32cubeide/plugins/com.st.stm32cube.ide.mcu.externaltools.gnu-tools-for-stm32.7-2018-q2-update.win32_1.4.0.202007081208/tools/bin/../lib/gcc/arm-none-eabi/7.3.1/thumb/v7-m/crtend.o
 .text          0x0000000000000000        0x0 c:/st/stm32cubeide_1.4.0/stm32cubeide/plugins/com.st.stm32cube.ide.mcu.externaltools.gnu-tools-for-stm32.7-2018-q2-update.win32_1.4.0.202007081208/tools/bin/../lib/gcc/arm-none-eabi/7.3.1/thumb/v7-m/crtn.o
 .data          0x0000000000000000        0x0 c:/st/stm32cubeide_1.4.0/stm32cubeide/plugins/com.st.stm32cube.ide.mcu.externaltools.gnu-tools-for-stm32.7-2018-q2-update.win32_1.4.0.202007081208/tools/bin/../lib/gcc/arm-none-eabi/7.3.1/thumb/v7-m/crtn.o
 .bss           0x0000000000000000        0x0 c:/st/stm32cubeide_1.4.0/stm32cubeide/plugins/com.st.stm32cube.ide.mcu.externaltools.gnu-tools-for-stm32.7-2018-q2-update.win32_1.4.0.202007081208/tools/bin/../lib/gcc/arm-none-eabi/7.3.1/thumb/v7-m/crtn.o

Memory Configuration

Name             Origin             Length             Attributes
RAM              0x0000000020000000 0x0000000000002800 xrw
ROM              0x0000000008000000 0x0000000000008000 xr
*default*        0x0000000000000000 0xffffffffffffffff

Linker script and memory map

LOAD c:/st/stm32cubeide_1.4.0/stm32cubeide/plugins/com.st.stm32cube.ide.mcu.externaltools.gnu-tools-for-stm32.7-2018-q2-update.win32_1.4.0.202007081208/tools/bin/../lib/gcc/arm-none-eabi/7.3.1/thumb/v7-m/crti.o
LOAD c:/st/stm32cubeide_1.4.0/stm32cubeide/plugins/com.st.stm32cube.ide.mcu.externaltools.gnu-tools-for-stm32.7-2018-q2-update.win32_1.4.0.202007081208/tools/bin/../lib/gcc/arm-none-eabi/7.3.1/thumb/v7-m/crtbegin.o
LOAD c:/st/stm32cubeide_1.4.0/stm32cubeide/plugins/com.st.stm32cube.ide.mcu.externaltools.gnu-tools-for-stm32.7-2018-q2-update.win32_1.4.0.202007081208/tools/bin/../lib/gcc/arm-none-eabi/7.3.1/../../../../arm-none-eabi/lib/thumb/v7-m/crt0.o
LOAD Src/main.o
LOAD Src/syscalls.o
LOAD Src/sysmem.o
LOAD Startup/startup_stm32f103c6tx.o
LOAD Stm32f103c6_Drivers/Keypad_Driver/Keypad.o
LOAD Stm32f103c6_Drivers/Keypad_Driver/ecu_keypad.o
LOAD Stm32f103c6_Drivers/Lcd_Driver/ecu_chr_lcd.o
LOAD Stm32f103c6_Drivers/Lcd_Driver/lcd.o
LOAD Stm32f103c6_Drivers/stm32f103c6_GPIO_Driver.o
START GROUP
LOAD c:/st/stm32cubeide_1.4.0/stm32cubeide/plugins/com.st.stm32cube.ide.mcu.externaltools.gnu-tools-for-stm32.7-2018-q2-update.win32_1.4.0.202007081208/tools/bin/../lib/gcc/arm-none-eabi/7.3.1/../../../../arm-none-eabi/lib/thumb/v7-m\libc_nano.a
LOAD c:/st/stm32cubeide_1.4.0/stm32cubeide/plugins/com.st.stm32cube.ide.mcu.externaltools.gnu-tools-for-stm32.7-2018-q2-update.win32_1.4.0.202007081208/tools/bin/../lib/gcc/arm-none-eabi/7.3.1/../../../../arm-none-eabi/lib/thumb/v7-m\libm.a
END GROUP
START GROUP
LOAD c:/st/stm32cubeide_1.4.0/stm32cubeide/plugins/com.st.stm32cube.ide.mcu.externaltools.gnu-tools-for-stm32.7-2018-q2-update.win32_1.4.0.202007081208/tools/bin/../lib/gcc/arm-none-eabi/7.3.1/thumb/v7-m\libgcc.a
LOAD c:/st/stm32cubeide_1.4.0/stm32cubeide/plugins/com.st.stm32cube.ide.mcu.externaltools.gnu-tools-for-stm32.7-2018-q2-update.win32_1.4.0.202007081208/tools/bin/../lib/gcc/arm-none-eabi/7.3.1/../../../../arm-none-eabi/lib/thumb/v7-m\libg_nano.a
LOAD c:/st/stm32cubeide_1.4.0/stm32cubeide/plugins/com.st.stm32cube.ide.mcu.externaltools.gnu-tools-for-stm32.7-2018-q2-update.win32_1.4.0.202007081208/tools/bin/../lib/gcc/arm-none-eabi/7.3.1/../../../../arm-none-eabi/lib/thumb/v7-m\libc_nano.a
END GROUP
START GROUP
LOAD c:/st/stm32cubeide_1.4.0/stm32cubeide/plugins/com.st.stm32cube.ide.mcu.externaltools.gnu-tools-for-stm32.7-2018-q2-update.win32_1.4.0.202007081208/tools/bin/../lib/gcc/arm-none-eabi/7.3.1/thumb/v7-m\libgcc.a
LOAD c:/st/stm32cubeide_1.4.0/stm32cubeide/plugins/com.st.stm32cube.ide.mcu.externaltools.gnu-tools-for-stm32.7-2018-q2-update.win32_1.4.0.202007081208/tools/bin/../lib/gcc/arm-none-eabi/7.3.1/../../../../arm-none-eabi/lib/thumb/v7-m\libc_nano.a
LOAD c:/st/stm32cubeide_1.4.0/stm32cubeide/plugins/com.st.stm32cube.ide.mcu.externaltools.gnu-tools-for-stm32.7-2018-q2-update.win32_1.4.0.202007081208/tools/bin/../lib/gcc/arm-none-eabi/7.3.1/../../../../arm-none-eabi/lib/thumb/v7-m\libnosys.a
END GROUP
START GROUP
LOAD c:/st/stm32cubeide_1.4.0/stm32cubeide/plugins/com.st.stm32cube.ide.mcu.externaltools.gnu-tools-for-stm32.7-2018-q2-update.win32_1.4.0.202007081208/tools/bin/../lib/gcc/arm-none-eabi/7.3.1/thumb/v7-m\libgcc.a
LOAD c:/st/stm32cubeide_1.4.0/stm32cubeide/plugins/com.st.stm32cube.ide.mcu.externaltools.gnu-tools-for-stm32.7-2018-q2-update.win32_1.4.0.202007081208/tools/bin/../lib/gcc/arm-none-eabi/7.3.1/../../../../arm-none-eabi/lib/thumb/v7-m\libc_nano.a
LOAD c:/st/stm32cubeide_1.4.0/stm32cubeide/plugins/com.st.stm32cube.ide.mcu.externaltools.gnu-tools-for-stm32.7-2018-q2-update.win32_1.4.0.202007081208/tools/bin/../lib/gcc/arm-none-eabi/7.3.1/../../../../arm-none-eabi/lib/thumb/v7-m\libnosys.a
END GROUP
LOAD c:/st/stm32cubeide_1.4.0/stm32cubeide/plugins/com.st.stm32cube.ide.mcu.externaltools.gnu-tools-for-stm32.7-2018-q2-update.win32_1.4.0.202007081208/tools/bin/../lib/gcc/arm-none-eabi/7.3.1/thumb/v7-m/crtend.o
LOAD c:/st/stm32cubeide_1.4.0/stm32cubeide/plugins/com.st.stm32cube.ide.mcu.externaltools.gnu-tools-for-stm32.7-2018-q2-update.win32_1.4.0.202007081208/tools/bin/../lib/gcc/arm-none-eabi/7.3.1/thumb/v7-m/crtn.o
                0x0000000020002800                _estack = (ORIGIN (RAM) + LENGTH (RAM))
                0x0000000000000200                _Min_Heap_Size = 0x200
                0x0000000000000400                _Min_Stack_Size = 0x400

.isr_vector     0x0000000008000000      0x130
                0x0000000008000000                . = ALIGN (0x4)
 *(.isr_vector)
 .isr_vector    0x0000000008000000      0x130 Startup/startup_stm32f103c6tx.o
                0x0000000008000000                g_pfnVectors
                0x0000000008000130                . = ALIGN (0x4)

.text           0x0000000008000130      0x954
                0x0000000008000130                . = ALIGN (0x4)
 *(.text)
 .text          0x0000000008000130       0x40 c:/st/stm32cubeide_1.4.0/stm32cubeide/plugins/com.st.stm32cube.ide.mcu.externaltools.gnu-tools-for-stm32.7-2018-q2-update.win32_1.4.0.202007081208/tools/bin/../lib/gcc/arm-none-eabi/7.3.1/thumb/v7-m/crtbegin.o
 *(.text*)
 .text.main     0x0000000008000170      0x17c Src/main.o
                0x0000000008000170                main
 .text.Reset_Handler
                0x00000000080002ec       0x50 Startup/startup_stm32f103c6tx.o
                0x00000000080002ec                Reset_Handler
 .text.Default_Handler
                0x000000000800033c        0x2 Startup/startup_stm32f103c6tx.o
                0x000000000800033c                EXTI2_IRQHandler
                0x000000000800033c                TIM8_TRG_COM_IRQHandler
                0x000000000800033c                TIM8_CC_IRQHandler
                0x000000000800033c                DebugMon_Handler
                0x000000000800033c                TIM1_CC_IRQHandler
                0x000000000800033c                HardFault_Handler
                0x000000000800033c                TIM6_IRQHandler
                0x000000000800033c                SysTick_Handler
                0x000000000800033c                PVD_IRQHandler
                0x000000000800033c                SDIO_IRQHandler
                0x000000000800033c                PendSV_Handler
                0x000000000800033c                NMI_Handler
                0x000000000800033c                EXTI3_IRQHandler
                0x000000000800033c                USB_HP_CAN_TX_IRQHandler
                0x000000000800033c                EXTI0_IRQHandler
                0x000000000800033c                I2C2_EV_IRQHandler
                0x000000000800033c                UsageFault_Handler
                0x000000000800033c                ADC1_2_IRQHandler
                0x000000000800033c                SPI1_IRQHandler
                0x000000000800033c                CAN_SCE_IRQHandler
                0x000000000800033c                TAMPER_IRQHandler
                0x000000000800033c                TIM8_UP_IRQHandler
                0x000000000800033c                DMA2_Channel2_IRQHandler
                0x000000000800033c                DMA1_Channel4_IRQHandler
                0x000000000800033c                USART3_IRQHandler
                0x000000000800033c                RTC_IRQHandler
                0x000000000800033c                DMA1_Channel7_IRQHandler
                0x000000000800033c                UART5_IRQHandler
                0x000000000800033c                ADC3_IRQHandler
                0x000000000800033c                TIM4_IRQHandler
                0x000000000800033c                CAN_RX1_IRQHandler
                0x000000000800033c                DMA2_Channel1_IRQHandler
                0x000000000800033c                I2C1_EV_IRQHandler
                0x000000000800033c                DMA1_Channel6_IRQHandler
                0x000000000800033c                UART4_IRQHandler
                0x000000000800033c                TIM3_IRQHandler
                0x000000000800033c                RCC_IRQHandler
                0x000000000800033c                TIM1_TRG_COM_IRQHandler
                0x000000000800033c                DMA1_Channel1_IRQHandler
                0x000000000800033c                Default_Handler
                0x000000000800033c                EXTI15_10_IRQHandler
                0x000000000800033c                TIM7_IRQHandler
                0x000000000800033c                TIM5_IRQHandler
                0x000000000800033c                EXTI9_5_IRQHandler
                0x000000000800033c                SPI2_IRQHandler
                0x000000000800033c                USB_LP_CAN_RX0_IRQHandler
                0x000000000800033c                MemManage_Handler
                0x000000000800033c                SVC_Handler
                0x000000000800033c                DMA1_Channel5_IRQHandler
                0x000000000800033c                EXTI4_IRQHandler
                0x000000000800033c                DMA1_Channel3_IRQHandler
                0x000000000800033c                FSMC_IRQHandler
                0x000000000800033c                TIM1_UP_IRQHandler
                0x000000000800033c                WWDG_IRQHandler
                0x000000000800033c                TIM2_IRQHandler
                0x000000000800033c                TIM1_BRK_IRQHandler
                0x000000000800033c                EXTI1_IRQHandler
                0x000000000800033c                RTCAlarm_IRQHandler
                0x000000000800033c                DMA2_Channel4_5_IRQHandler
                0x000000000800033c                USART2_IRQHandler
                0x000000000800033c                I2C2_ER_IRQHandler
                0x000000000800033c                DMA1_Channel2_IRQHandler
                0x000000000800033c                TIM8_BRK_IRQHandler
                0x000000000800033c                FLASH_IRQHandler
                0x000000000800033c                BusFault_Handler
                0x000000000800033c                USART1_IRQHandler
                0x000000000800033c                SPI3_IRQHandler
                0x000000000800033c                I2C1_ER_IRQHandler
                0x000000000800033c                DMA2_Channel3_IRQHandler
 .text.KEYPAD_Init
                0x000000000800033e       0x88 Stm32f103c6_Drivers/Keypad_Driver/Keypad.o
                0x000000000800033e                KEYPAD_Init
 *fill*         0x00000000080003c6        0x2 
 .text.KEYPAD_GetChar
                0x00000000080003c8      0x110 Stm32f103c6_Drivers/Keypad_Driver/Keypad.o
                0x00000000080003c8                KEYPAD_GetChar
 .text.wait_ms  0x00000000080004d8       0x38 Stm32f103c6_Drivers/Lcd_Driver/lcd.o
                0x00000000080004d8                wait_ms
 .text.wait_us  0x0000000008000510       0x2c Stm32f103c6_Drivers/Lcd_Driver/lcd.o
                0x0000000008000510                wait_us
 .text.LCD_Init
                0x000000000800053c      0x106 Stm32f103c6_Drivers/Lcd_Driver/lcd.o
                0x000000000800053c                LCD_Init
 .text.LCD_SendCommand
                0x0000000008000642       0xd8 Stm32f103c6_Drivers/Lcd_Driver/lcd.o
                0x0000000008000642                LCD_SendCommand
 .text.LCD_WriteCharData
                0x000000000800071a       0xc4 Stm32f103c6_Drivers/Lcd_Driver/lcd.o
                0x000000000800071a                LCD_WriteCharData
 .text.Get_CRL_CRH_PinPosition
                0x00000000080007de       0xc6 Stm32f103c6_Drivers/stm32f103c6_GPIO_Driver.o
 .text.MCAL_GPIO_Init
                0x00000000080008a4      0x116 Stm32f103c6_Drivers/stm32f103c6_GPIO_Driver.o
                0x00000000080008a4                MCAL_GPIO_Init
 .text.MCAL_GPIO_ReadPin
                0x00000000080009ba       0x32 Stm32f103c6_Drivers/stm32f103c6_GPIO_Driver.o
                0x00000000080009ba                MCAL_GPIO_ReadPin
 .text.MCAL_GPIO_WritePin
                0x00000000080009ec       0x38 Stm32f103c6_Drivers/stm32f103c6_GPIO_Driver.o
                0x00000000080009ec                MCAL_GPIO_WritePin
 .text.__libc_init_array
                0x0000000008000a24       0x48 c:/st/stm32cubeide_1.4.0/stm32cubeide/plugins/com.st.stm32cube.ide.mcu.externaltools.gnu-tools-for-stm32.7-2018-q2-update.win32_1.4.0.202007081208/tools/bin/../lib/gcc/arm-none-eabi/7.3.1/../../../../arm-none-eabi/lib/thumb/v7-m\libc_nano.a(lib_a-init.o)
                0x0000000008000a24                __libc_init_array
 *(.glue_7)
 .glue_7        0x0000000008000a6c        0x0 linker stubs
 *(.glue_7t)
 .glue_7t       0x0000000008000a6c        0x0 linker stubs
 *(.eh_frame)
 .eh_frame      0x0000000008000a6c        0x0 c:/st/stm32cubeide_1.4.0/stm32cubeide/plugins/com.st.stm32cube.ide.mcu.externaltools.gnu-tools-for-stm32.7-2018-q2-update.win32_1.4.0.202007081208/tools/bin/../lib/gcc/arm-none-eabi/7.3.1/thumb/v7-m/crtbegin.o
 *(.init)
 .init          0x0000000008000a6c        0x4 c:/st/stm32cubeide_1.4.0/stm32cubeide/plugins/com.st.stm32cube.ide.mcu.externaltools.gnu-tools-for-stm32.7-2018-q2-update.win32_1.4.0.202007081208/tools/bin/../lib/gcc/arm-none-eabi/7.3.1/thumb/v7-m/crti.o
                0x0000000008000a6c                _init
 .init          0x0000000008000a70        0x8 c:/st/stm32cubeide_1.4.0/stm32cubeide/plugins/com.st.stm32cube.ide.mcu.externaltools.gnu-tools-for-stm32.7-2018-q2-update.win32_1.4.0.202007081208/tools/bin/../lib/gcc/arm-none-eabi/7.3.1/thumb/v7-m/crtn.o
 *(.fini)
 .fini          0x0000000008000a78        0x4 c:/st/stm32cubeide_1.4.0/stm32cubeide/plugins/com.st.stm32cube.ide.mcu.externaltools.gnu-tools-for-stm32.7-2018-q2-update.win32_1.4.0.202007081208/tools/bin/../lib/gcc/arm-none-eabi/7.3.1/thumb/v7-m/crti.o
                0x0000000008000a78                _fini
 .fini          0x0000000008000a7c        0x8 c:/st/stm32cubeide_1.4.0/stm32cubeide/plugins/com.st.stm32cube.ide.mcu.externaltools.gnu-tools-for-stm32.7-2018-q2-update.win32_1.4.0.202007081208/tools/bin/../lib/gcc/arm-none-eabi/7.3.1/thumb/v7-m/crtn.o
                0x0000000008000a84                . = ALIGN (0x4)
                0x0000000008000a84                _etext = .

.vfp11_veneer   0x0000000008000a84        0x0
 .vfp11_veneer  0x0000000008000a84        0x0 linker stubs

.v4_bx          0x0000000008000a84        0x0
 .v4_bx         0x0000000008000a84        0x0 linker stubs

.iplt           0x0000000008000a84        0x0
 .iplt          0x0000000008000a84        0x0 c:/st/stm32cubeide_1.4.0/stm32cubeide/plugins/com.st.stm32cube.ide.mcu.externaltools.gnu-tools-for-stm32.7-2018-q2-update.win32_1.4.0.202007081208/tools/bin/../lib/gcc/arm-none-eabi/7.3.1/thumb/v7-m/crtbegin.o

.rel.dyn        0x0000000008000a84        0x0
 .rel.iplt      0x0000000008000a84        0x0 c:/st/stm32cubeide_1.4.0/stm32cubeide/plugins/com.st.stm32cube.ide.mcu.externaltools.gnu-tools-for-stm32.7-2018-q2-update.win32_1.4.0.202007081208/tools/bin/../lib/gcc/arm-none-eabi/7.3.1/thumb/v7-m/crtbegin.o

.rodata         0x0000000008000a84        0x0
                0x0000000008000a84                . = ALIGN (0x4)
 *(.rodata)
 *(.rodata*)
                0x0000000008000a84                . = ALIGN (0x4)

.ARM.extab      0x0000000008000a84        0x0
                0x0000000008000a84                . = ALIGN (0x4)
 *(.ARM.extab* .gnu.linkonce.armextab.*)
                0x0000000008000a84                . = ALIGN (0x4)

.ARM            0x0000000008000a84        0x0
                0x0000000008000a84                . = ALIGN (0x4)
                0x0000000008000a84                __exidx_start = .
 *(.ARM.exidx*)
                0x0000000008000a84                __exidx_end = .
                0x0000000008000a84                . = ALIGN (0x4)

.preinit_array  0x0000000008000a84        0x0
                0x0000000008000a84                . = ALIGN (0x4)
                0x0000000008000a84                PROVIDE (__preinit_array_start = .)
 *(.preinit_array*)
                0x0000000008000a84                PROVIDE (__preinit_array_end = .)
                0x0000000008000a84                . = ALIGN (0x4)

.init_array     0x0000000008000a84        0x4
                0x0000000008000a84                . = ALIGN (0x4)
                0x0000000008000a84                PROVIDE (__init_array_start = .)
 *(SORT_BY_NAME(.init_array.*))
 *(.init_array*)
 .init_array    0x0000000008000a84        0x4 c:/st/stm32cubeide_1.4.0/stm32cubeide/plugins/com.st.stm32cube.ide.mcu.externaltools.gnu-tools-for-stm32.7-2018-q2-update.win32_1.4.0.202007081208/tools/bin/../lib/gcc/arm-none-eabi/7.3.1/thumb/v7-m/crtbegin.o
                0x0000000008000a88                PROVIDE (__init_array_end = .)
                0x0000000008000a88                . = ALIGN (0x4)

.fini_array     0x0000000008000a88        0x4
                0x0000000008000a88                . = ALIGN (0x4)
                [!provide]                        PROVIDE (__fini_array_start = .)
 *(SORT_BY_NAME(.fini_array.*))
 *(.fini_array*)
 .fini_array    0x0000000008000a88        0x4 c:/st/stm32cubeide_1.4.0/stm32cubeide/plugins/com.st.stm32cube.ide.mcu.externaltools.gnu-tools-for-stm32.7-2018-q2-update.win32_1.4.0.202007081208/tools/bin/../lib/gcc/arm-none-eabi/7.3.1/thumb/v7-m/crtbegin.o
                [!provide]                        PROVIDE (__fini_array_end = .)
                0x0000000008000a8c                . = ALIGN (0x4)
                0x0000000008000a8c                _sidata = LOADADDR (.data)

.data           0x0000000020000000       0x30 load address 0x0000000008000a8c
                0x0000000020000000                . = ALIGN (0x4)
                0x0000000020000000                _sdata = .
 *(.data)
 *(.data*)
 .data.RowPins  0x0000000020000000        0x8 Src/main.o
                0x0000000020000000                RowPins
 .data.ColPins  0x0000000020000008        0x8 Src/main.o
                0x0000000020000008                ColPins
 .data.LcdPins  0x0000000020000010       0x10 Src/main.o
                0x0000000020000010                LcdPins
 .data.KPD_ARR  0x0000000020000020       0x10 Stm32f103c6_Drivers/Keypad_Driver/Keypad.o
                0x0000000020000030                . = ALIGN (0x4)
                0x0000000020000030                _edata = .

.igot.plt       0x0000000020000030        0x0 load address 0x0000000008000abc
 .igot.plt      0x0000000020000030        0x0 c:/st/stm32cubeide_1.4.0/stm32cubeide/plugins/com.st.stm32cube.ide.mcu.externaltools.gnu-tools-for-stm32.7-2018-q2-update.win32_1.4.0.202007081208/tools/bin/../lib/gcc/arm-none-eabi/7.3.1/thumb/v7-m/crtbegin.o
                0x0000000020000030                . = ALIGN (0x4)

.bss            0x0000000020000030       0x74 load address 0x0000000008000abc
                0x0000000020000030                _sbss = .
                0x0000000020000030                __bss_start__ = _sbss
 *(.bss)
 .bss           0x0000000020000030       0x1c c:/st/stm32cubeide_1.4.0/stm32cubeide/plugins/com.st.stm32cube.ide.mcu.externaltools.gnu-tools-for-stm32.7-2018-q2-update.win32_1.4.0.202007081208/tools/bin/../lib/gcc/arm-none-eabi/7.3.1/thumb/v7-m/crtbegin.o
 *(.bss*)
 *(COMMON)
 COMMON         0x000000002000004c       0x58 Src/main.o
                0x000000002000004c                MyKeypad
                0x0000000020000070                Button
                0x0000000020000074                MyLcd
                0x00000000200000a4                . = ALIGN (0x4)
                0x00000000200000a4                _ebss = .
                0x00000000200000a4                __bss_end__ = _ebss

._user_heap_stack
                0x00000000200000a4      0x604 load address 0x0000000008000abc
                0x00000000200000a8                . = ALIGN (0x8)
 *fill*         0x00000000200000a4        0x4 
                [!provide]                        PROVIDE (end = .)
                0x00000000200000a8                PROVIDE (_end = .)
                0x00000000200002a8                . = (. + _Min_Heap_Size)
 *fill*         0x00000000200000a8      0x200 
                0x00000000200006a8                . = (. + _Min_Stack_Size)
 *fill*         0x00000000200002a8      0x400 
                0x00000000200006a8                . = ALIGN (0x8)

/DISCARD/
 libc.a(*)
 libm.a(*)
 libgcc.a(*)

.ARM.attributes
                0x0000000000000000       0x29
 *(.ARM.attributes)
 .ARM.attributes
                0x0000000000000000       0x1d c:/st/stm32cubeide_1.4.0/stm32cubeide/plugins/com.st.stm32cube.ide.mcu.externaltools.gnu-tools-for-stm32.7-2018-q2-update.win32_1.4.0.202007081208/tools/bin/../lib/gcc/arm-none-eabi/7.3.1/thumb/v7-m/crti.o
 .ARM.attributes
                0x000000000000001d       0x2d c:/st/stm32cubeide_1.4.0/stm32cubeide/plugins/com.st.stm32cube.ide.mcu.externaltools.gnu-tools-for-stm32.7-2018-q2-update.win32_1.4.0.202007081208/tools/bin/../lib/gcc/arm-none-eabi/7.3.1/thumb/v7-m/crtbegin.o
 .ARM.attributes
                0x000000000000004a       0x33 Src/main.o
 .ARM.attributes
                0x000000000000007d       0x21 Startup/startup_stm32f103c6tx.o
 .ARM.attributes
                0x000000000000009e       0x33 Stm32f103c6_Drivers/Keypad_Driver/Keypad.o
 .ARM.attributes
                0x00000000000000d1       0x33 Stm32f103c6_Drivers/Lcd_Driver/lcd.o
 .ARM.attributes
                0x0000000000000104       0x33 Stm32f103c6_Drivers/stm32f103c6_GPIO_Driver.o
 .ARM.attributes
                0x0000000000000137       0x2d c:/st/stm32cubeide_1.4.0/stm32cubeide/plugins/com.st.stm32cube.ide.mcu.externaltools.gnu-tools-for-stm32.7-2018-q2-update.win32_1.4.0.202007081208/tools/bin/../lib/gcc/arm-none-eabi/7.3.1/../../../../arm-none-eabi/lib/thumb/v7-m\libc_nano.a(lib_a-init.o)
 .ARM.attributes
                0x0000000000000164       0x1d c:/st/stm32cubeide_1.4.0/stm32cubeide/plugins/com.st.stm32cube.ide.mcu.externaltools.gnu-tools-for-stm32.7-2018-q2-update.win32_1.4.0.202007081208/tools/bin/../lib/gcc/arm-none-eabi/7.3.1/thumb/v7-m/crtn.o
OUTPUT(stm32f103c6_Drivers.elf elf32-littlearm)

.debug_info     0x0000000000000000     0x345f
 .debug_info    0x0000000000000000      0xd02 Src/main.o
 .debug_info    0x0000000000000d02       0x22 Startup/startup_stm32f103c6tx.o
 .debug_info    0x0000000000000d24      0xc21 Stm32f103c6_Drivers/Keypad_Driver/Keypad.o
 .debug_info    0x0000000000001945      0xd97 Stm32f103c6_Drivers/Lcd_Driver/lcd.o
 .debug_info    0x00000000000026dc      0xd83 Stm32f103c6_Drivers/stm32f103c6_GPIO_Driver.o

.debug_abbrev   0x0000000000000000      0x7ba
 .debug_abbrev  0x0000000000000000      0x1b3 Src/main.o
 .debug_abbrev  0x00000000000001b3       0x12 Startup/startup_stm32f103c6tx.o
 .debug_abbrev  0x00000000000001c5      0x1cb Stm32f103c6_Drivers/Keypad_Driver/Keypad.o
 .debug_abbrev  0x0000000000000390      0x1fa Stm32f103c6_Drivers/Lcd_Driver/lcd.o
 .debug_abbrev  0x000000000000058a      0x230 Stm32f103c6_Drivers/stm32f103c6_GPIO_Driver.o

.debug_loc      0x0000000000000000      0x79c
 .debug_loc     0x0000000000000000       0x38 Src/main.o
 .debug_loc     0x0000000000000038       0xa0 Stm32f103c6_Drivers/Keypad_Driver/Keypad.o
 .debug_loc     0x00000000000000d8      0x338 Stm32f103c6_Drivers/Lcd_Driver/lcd.o
 .debug_loc     0x0000000000000410      0x38c Stm32f103c6_Drivers/stm32f103c6_GPIO_Driver.o

.debug_aranges  0x0000000000000000      0x140
 .debug_aranges
                0x0000000000000000       0x20 Src/main.o
 .debug_aranges
                0x0000000000000020       0x28 Startup/startup_stm32f103c6tx.o
 .debug_aranges
                0x0000000000000048       0x28 Stm32f103c6_Drivers/Keypad_Driver/Keypad.o
 .debug_aranges
                0x0000000000000070       0x68 Stm32f103c6_Drivers/Lcd_Driver/lcd.o
 .debug_aranges
                0x00000000000000d8       0x68 Stm32f103c6_Drivers/stm32f103c6_GPIO_Driver.o

.debug_ranges   0x0000000000000000       0xf8
 .debug_ranges  0x0000000000000000       0x10 Src/main.o
 .debug_ranges  0x0000000000000010       0x20 Startup/startup_stm32f103c6tx.o
 .debug_ranges  0x0000000000000030       0x18 Stm32f103c6_Drivers/Keypad_Driver/Keypad.o
 .debug_ranges  0x0000000000000048       0x58 Stm32f103c6_Drivers/Lcd_Driver/lcd.o
 .debug_ranges  0x00000000000000a0       0x58 Stm32f103c6_Drivers/stm32f103c6_GPIO_Driver.o

.debug_macro    0x0000000000000000     0x1e6c
 .debug_macro   0x0000000000000000      0x16b Src/main.o
 .debug_macro   0x000000000000016b      0xa60 Src/main.o
 .debug_macro   0x0000000000000bcb       0x18 Src/main.o
 .debug_macro   0x0000000000000be3       0x22 Src/main.o
 .debug_macro   0x0000000000000c05       0x40 Src/main.o
 .debug_macro   0x0000000000000c45       0x94 Src/main.o
 .debug_macro   0x0000000000000cd9       0x3c Src/main.o
 .debug_macro   0x0000000000000d15       0x34 Src/main.o
 .debug_macro   0x0000000000000d49       0x16 Src/main.o
 .debug_macro   0x0000000000000d5f      0x10e Src/main.o
 .debug_macro   0x0000000000000e6d       0x8d Src/main.o
 .debug_macro   0x0000000000000efa       0x57 Src/main.o
 .debug_macro   0x0000000000000f51       0x52 Src/main.o
 .debug_macro   0x0000000000000fa3       0x1f Src/main.o
 .debug_macro   0x0000000000000fc2       0x43 Src/main.o
 .debug_macro   0x0000000000001005       0x20 Src/main.o
 .debug_macro   0x0000000000001025      0x1a3 Src/main.o
 .debug_macro   0x00000000000011c8      0x330 Src/main.o
 .debug_macro   0x00000000000014f8       0x16 Src/main.o
 .debug_macro   0x000000000000150e       0x29 Src/main.o
 .debug_macro   0x0000000000001537       0xef Src/main.o
 .debug_macro   0x0000000000001626       0x6a Src/main.o
 .debug_macro   0x0000000000001690      0x1df Src/main.o
 .debug_macro   0x000000000000186f       0xb4 Src/main.o
 .debug_macro   0x0000000000001923       0xd6 Src/main.o
 .debug_macro   0x00000000000019f9       0x1c Src/main.o
 .debug_macro   0x0000000000001a15       0x52 Src/main.o
 .debug_macro   0x0000000000001a67      0x158 Stm32f103c6_Drivers/Keypad_Driver/Keypad.o
 .debug_macro   0x0000000000001bbf       0x16 Stm32f103c6_Drivers/Keypad_Driver/Keypad.o
 .debug_macro   0x0000000000001bd5      0x158 Stm32f103c6_Drivers/Lcd_Driver/lcd.o
 .debug_macro   0x0000000000001d2d      0x13f Stm32f103c6_Drivers/stm32f103c6_GPIO_Driver.o

.debug_line     0x0000000000000000     0x1ac3
 .debug_line    0x0000000000000000      0x6a0 Src/main.o
 .debug_line    0x00000000000006a0       0x84 Startup/startup_stm32f103c6tx.o
 .debug_line    0x0000000000000724      0x61f Stm32f103c6_Drivers/Keypad_Driver/Keypad.o
 .debug_line    0x0000000000000d43      0x6f0 Stm32f103c6_Drivers/Lcd_Driver/lcd.o
 .debug_line    0x0000000000001433      0x690 Stm32f103c6_Drivers/stm32f103c6_GPIO_Driver.o

.debug_str      0x0000000000000000     0x7b05
 .debug_str     0x0000000000000000     0x7889 Src/main.o
                                       0x7aea (size before relaxing)
 .debug_str     0x0000000000007889       0x31 Startup/startup_stm32f103c6tx.o
                                         0x6e (size before relaxing)
 .debug_str     0x00000000000078ba       0x59 Stm32f103c6_Drivers/Keypad_Driver/Keypad.o
                                       0x7915 (size before relaxing)
 .debug_str     0x0000000000007913       0xd4 Stm32f103c6_Drivers/Lcd_Driver/lcd.o
                                       0x7ace (size before relaxing)
 .debug_str     0x00000000000079e7      0x11e Stm32f103c6_Drivers/stm32f103c6_GPIO_Driver.o
                                       0x79c6 (size before relaxing)

.comment        0x0000000000000000       0x7b
 .comment       0x0000000000000000       0x7b Src/main.o
                                         0x7c (size before relaxing)
 .comment       0x000000000000007b       0x7c Stm32f103c6_Drivers/Keypad_Driver/Keypad.o
 .comment       0x000000000000007b       0x7c Stm32f103c6_Drivers/Lcd_Driver/lcd.o
 .comment       0x000000000000007b       0x7c Stm32f103c6_Drivers/stm32f103c6_GPIO_Driver.o

.debug_frame    0x0000000000000000      0x3d0
 .debug_frame   0x0000000000000000       0x30 Src/main.o
 .debug_frame   0x0000000000000030       0x58 Stm32f103c6_Drivers/Keypad_Driver/Keypad.o
 .debug_frame   0x0000000000000088      0x180 Stm32f103c6_Drivers/Lcd_Driver/lcd.o
 .debug_frame   0x0000000000000208      0x19c Stm32f103c6_Drivers/stm32f103c6_GPIO_Driver.o
 .debug_frame   0x00000000000003a4       0x2c c:/st/stm32cubeide_1.4.0/stm32cubeide/plugins/com.st.stm32cube.ide.mcu.externaltools.gnu-tools-for-stm32.7-2018-q2-update.win32_1.4.0.202007081208/tools/bin/../lib/gcc/arm-none-eabi/7.3.1/../../../../arm-none-eabi/lib/thumb/v7-m\libc_nano.a(lib_a-init.o)
