Archive member included to satisfy reference by file (symbol)

c:/st/stm32cubeide_1.4.0/stm32cubeide/plugins/com.st.stm32cube.ide.mcu.externaltools.gnu-tools-for-stm32.7-2018-q2-update.win32_1.4.0.202007081208/tools/bin/../lib/gcc/arm-none-eabi/7.3.1/../../../../arm-none-eabi/lib/thumb/v7-m\libc_nano.a(lib_a-errno.o)
                              Src/syscalls.o (__errno)
c:/st/stm32cubeide_1.4.0/stm32cubeide/plugins/com.st.stm32cube.ide.mcu.externaltools.gnu-tools-for-stm32.7-2018-q2-update.win32_1.4.0.202007081208/tools/bin/../lib/gcc/arm-none-eabi/7.3.1/../../../../arm-none-eabi/lib/thumb/v7-m\libc_nano.a(lib_a-exit.o)
                              c:/st/stm32cubeide_1.4.0/stm32cubeide/plugins/com.st.stm32cube.ide.mcu.externaltools.gnu-tools-for-stm32.7-2018-q2-update.win32_1.4.0.202007081208/tools/bin/../lib/gcc/arm-none-eabi/7.3.1/../../../../arm-none-eabi/lib/thumb/v7-m/crt0.o (exit)
c:/st/stm32cubeide_1.4.0/stm32cubeide/plugins/com.st.stm32cube.ide.mcu.externaltools.gnu-tools-for-stm32.7-2018-q2-update.win32_1.4.0.202007081208/tools/bin/../lib/gcc/arm-none-eabi/7.3.1/../../../../arm-none-eabi/lib/thumb/v7-m\libc_nano.a(lib_a-impure.o)
                              c:/st/stm32cubeide_1.4.0/stm32cubeide/plugins/com.st.stm32cube.ide.mcu.externaltools.gnu-tools-for-stm32.7-2018-q2-update.win32_1.4.0.202007081208/tools/bin/../lib/gcc/arm-none-eabi/7.3.1/../../../../arm-none-eabi/lib/thumb/v7-m\libc_nano.a(lib_a-exit.o) (_global_impure_ptr)
c:/st/stm32cubeide_1.4.0/stm32cubeide/plugins/com.st.stm32cube.ide.mcu.externaltools.gnu-tools-for-stm32.7-2018-q2-update.win32_1.4.0.202007081208/tools/bin/../lib/gcc/arm-none-eabi/7.3.1/../../../../arm-none-eabi/lib/thumb/v7-m\libc_nano.a(lib_a-init.o)
                              c:/st/stm32cubeide_1.4.0/stm32cubeide/plugins/com.st.stm32cube.ide.mcu.externaltools.gnu-tools-for-stm32.7-2018-q2-update.win32_1.4.0.202007081208/tools/bin/../lib/gcc/arm-none-eabi/7.3.1/../../../../arm-none-eabi/lib/thumb/v7-m/crt0.o (__libc_init_array)
c:/st/stm32cubeide_1.4.0/stm32cubeide/plugins/com.st.stm32cube.ide.mcu.externaltools.gnu-tools-for-stm32.7-2018-q2-update.win32_1.4.0.202007081208/tools/bin/../lib/gcc/arm-none-eabi/7.3.1/../../../../arm-none-eabi/lib/thumb/v7-m\libc_nano.a(lib_a-memset.o)
                              c:/st/stm32cubeide_1.4.0/stm32cubeide/plugins/com.st.stm32cube.ide.mcu.externaltools.gnu-tools-for-stm32.7-2018-q2-update.win32_1.4.0.202007081208/tools/bin/../lib/gcc/arm-none-eabi/7.3.1/../../../../arm-none-eabi/lib/thumb/v7-m/crt0.o (memset)

Allocating common symbols
Common symbol       size              file

GP_IRQ_CallBack     0x40              Stm32f103c6_Drivers/EXTI/stm32f103c6_EXTI_Driver.o

Discarded input sections

 .text          0x0000000000000000        0x0 c:/st/stm32cubeide_1.4.0/stm32cubeide/plugins/com.st.stm32cube.ide.mcu.externaltools.gnu-tools-for-stm32.7-2018-q2-update.win32_1.4.0.202007081208/tools/bin/../lib/gcc/arm-none-eabi/7.3.1/thumb/v7-m/crti.o
 .data          0x0000000000000000        0x0 c:/st/stm32cubeide_1.4.0/stm32cubeide/plugins/com.st.stm32cube.ide.mcu.externaltools.gnu-tools-for-stm32.7-2018-q2-update.win32_1.4.0.202007081208/tools/bin/../lib/gcc/arm-none-eabi/7.3.1/thumb/v7-m/crti.o
 .bss           0x0000000000000000        0x0 c:/st/stm32cubeide_1.4.0/stm32cubeide/plugins/com.st.stm32cube.ide.mcu.externaltools.gnu-tools-for-stm32.7-2018-q2-update.win32_1.4.0.202007081208/tools/bin/../lib/gcc/arm-none-eabi/7.3.1/thumb/v7-m/crti.o
 .data          0x0000000000000000        0x4 c:/st/stm32cubeide_1.4.0/stm32cubeide/plugins/com.st.stm32cube.ide.mcu.externaltools.gnu-tools-for-stm32.7-2018-q2-update.win32_1.4.0.202007081208/tools/bin/../lib/gcc/arm-none-eabi/7.3.1/thumb/v7-m/crtbegin.o
 .text          0x0000000000000000       0x74 c:/st/stm32cubeide_1.4.0/stm32cubeide/plugins/com.st.stm32cube.ide.mcu.externaltools.gnu-tools-for-stm32.7-2018-q2-update.win32_1.4.0.202007081208/tools/bin/../lib/gcc/arm-none-eabi/7.3.1/../../../../arm-none-eabi/lib/thumb/v7-m/crt0.o
 .data          0x0000000000000000        0x0 c:/st/stm32cubeide_1.4.0/stm32cubeide/plugins/com.st.stm32cube.ide.mcu.externaltools.gnu-tools-for-stm32.7-2018-q2-update.win32_1.4.0.202007081208/tools/bin/../lib/gcc/arm-none-eabi/7.3.1/../../../../arm-none-eabi/lib/thumb/v7-m/crt0.o
 .bss           0x0000000000000000        0x0 c:/st/stm32cubeide_1.4.0/stm32cubeide/plugins/com.st.stm32cube.ide.mcu.externaltools.gnu-tools-for-stm32.7-2018-q2-update.win32_1.4.0.202007081208/tools/bin/../lib/gcc/arm-none-eabi/7.3.1/../../../../arm-none-eabi/lib/thumb/v7-m/crt0.o
 .ARM.extab     0x0000000000000000        0x0 c:/st/stm32cubeide_1.4.0/stm32cubeide/plugins/com.st.stm32cube.ide.mcu.externaltools.gnu-tools-for-stm32.7-2018-q2-update.win32_1.4.0.202007081208/tools/bin/../lib/gcc/arm-none-eabi/7.3.1/../../../../arm-none-eabi/lib/thumb/v7-m/crt0.o
 .ARM.exidx     0x0000000000000000        0x8 c:/st/stm32cubeide_1.4.0/stm32cubeide/plugins/com.st.stm32cube.ide.mcu.externaltools.gnu-tools-for-stm32.7-2018-q2-update.win32_1.4.0.202007081208/tools/bin/../lib/gcc/arm-none-eabi/7.3.1/../../../../arm-none-eabi/lib/thumb/v7-m/crt0.o
 .ARM.attributes
                0x0000000000000000       0x1b c:/st/stm32cubeide_1.4.0/stm32cubeide/plugins/com.st.stm32cube.ide.mcu.externaltools.gnu-tools-for-stm32.7-2018-q2-update.win32_1.4.0.202007081208/tools/bin/../lib/gcc/arm-none-eabi/7.3.1/../../../../arm-none-eabi/lib/thumb/v7-m/crt0.o
 .group         0x0000000000000000        0xc HAL/Keypad.o
 .group         0x0000000000000000        0xc HAL/Keypad.o
 .group         0x0000000000000000        0xc HAL/Keypad.o
 .group         0x0000000000000000        0xc HAL/Keypad.o
 .group         0x0000000000000000        0xc HAL/Keypad.o
 .group         0x0000000000000000        0xc HAL/Keypad.o
 .group         0x0000000000000000        0xc HAL/Keypad.o
 .group         0x0000000000000000        0xc HAL/Keypad.o
 .group         0x0000000000000000        0xc HAL/Keypad.o
 .group         0x0000000000000000        0xc HAL/Keypad.o
 .group         0x0000000000000000        0xc HAL/Keypad.o
 .group         0x0000000000000000        0xc HAL/Keypad.o
 .group         0x0000000000000000        0xc HAL/Keypad.o
 .group         0x0000000000000000        0xc HAL/Keypad.o
 .group         0x0000000000000000        0xc HAL/Keypad.o
 .group         0x0000000000000000        0xc HAL/Keypad.o
 .group         0x0000000000000000        0xc HAL/Keypad.o
 .group         0x0000000000000000        0xc HAL/Keypad.o
 .group         0x0000000000000000        0xc HAL/Keypad.o
 .group         0x0000000000000000        0xc HAL/Keypad.o
 .group         0x0000000000000000        0xc HAL/Keypad.o
 .group         0x0000000000000000        0xc HAL/Keypad.o
 .group         0x0000000000000000        0xc HAL/Keypad.o
 .group         0x0000000000000000        0xc HAL/Keypad.o
 .group         0x0000000000000000        0xc HAL/Keypad.o
 .text          0x0000000000000000        0x0 HAL/Keypad.o
 .data          0x0000000000000000        0x0 HAL/Keypad.o
 .bss           0x0000000000000000        0x0 HAL/Keypad.o
 .data.KPD_ARR  0x0000000000000000       0x10 HAL/Keypad.o
 .text.KEYPAD_Init
                0x0000000000000000       0x88 HAL/Keypad.o
 .text.KEYPAD_GetChar
                0x0000000000000000      0x110 HAL/Keypad.o
 .debug_info    0x0000000000000000      0xc21 HAL/Keypad.o
 .debug_abbrev  0x0000000000000000      0x1cb HAL/Keypad.o
 .debug_loc     0x0000000000000000       0xa0 HAL/Keypad.o
 .debug_aranges
                0x0000000000000000       0x28 HAL/Keypad.o
 .debug_ranges  0x0000000000000000       0x18 HAL/Keypad.o
 .debug_macro   0x0000000000000000      0x158 HAL/Keypad.o
 .debug_macro   0x0000000000000000      0xa60 HAL/Keypad.o
 .debug_macro   0x0000000000000000       0x18 HAL/Keypad.o
 .debug_macro   0x0000000000000000       0x22 HAL/Keypad.o
 .debug_macro   0x0000000000000000       0x40 HAL/Keypad.o
 .debug_macro   0x0000000000000000       0x94 HAL/Keypad.o
 .debug_macro   0x0000000000000000       0x3c HAL/Keypad.o
 .debug_macro   0x0000000000000000       0x34 HAL/Keypad.o
 .debug_macro   0x0000000000000000       0x16 HAL/Keypad.o
 .debug_macro   0x0000000000000000      0x10e HAL/Keypad.o
 .debug_macro   0x0000000000000000       0x8d HAL/Keypad.o
 .debug_macro   0x0000000000000000       0x57 HAL/Keypad.o
 .debug_macro   0x0000000000000000       0x52 HAL/Keypad.o
 .debug_macro   0x0000000000000000       0x1f HAL/Keypad.o
 .debug_macro   0x0000000000000000       0x43 HAL/Keypad.o
 .debug_macro   0x0000000000000000       0x20 HAL/Keypad.o
 .debug_macro   0x0000000000000000      0x1a3 HAL/Keypad.o
 .debug_macro   0x0000000000000000      0x330 HAL/Keypad.o
 .debug_macro   0x0000000000000000       0x16 HAL/Keypad.o
 .debug_macro   0x0000000000000000       0x29 HAL/Keypad.o
 .debug_macro   0x0000000000000000       0xef HAL/Keypad.o
 .debug_macro   0x0000000000000000       0x6a HAL/Keypad.o
 .debug_macro   0x0000000000000000      0x1df HAL/Keypad.o
 .debug_macro   0x0000000000000000      0x31e HAL/Keypad.o
 .debug_macro   0x0000000000000000       0xd6 HAL/Keypad.o
 .debug_macro   0x0000000000000000       0x16 HAL/Keypad.o
 .debug_line    0x0000000000000000      0x645 HAL/Keypad.o
 .debug_str     0x0000000000000000     0x88e0 HAL/Keypad.o
 .comment       0x0000000000000000       0x7c HAL/Keypad.o
 .debug_frame   0x0000000000000000       0x58 HAL/Keypad.o
 .ARM.attributes
                0x0000000000000000       0x33 HAL/Keypad.o
 .group         0x0000000000000000        0xc HAL/lcd.o
 .group         0x0000000000000000        0xc HAL/lcd.o
 .group         0x0000000000000000        0xc HAL/lcd.o
 .group         0x0000000000000000        0xc HAL/lcd.o
 .group         0x0000000000000000        0xc HAL/lcd.o
 .group         0x0000000000000000        0xc HAL/lcd.o
 .group         0x0000000000000000        0xc HAL/lcd.o
 .group         0x0000000000000000        0xc HAL/lcd.o
 .group         0x0000000000000000        0xc HAL/lcd.o
 .group         0x0000000000000000        0xc HAL/lcd.o
 .group         0x0000000000000000        0xc HAL/lcd.o
 .group         0x0000000000000000        0xc HAL/lcd.o
 .group         0x0000000000000000        0xc HAL/lcd.o
 .group         0x0000000000000000        0xc HAL/lcd.o
 .group         0x0000000000000000        0xc HAL/lcd.o
 .group         0x0000000000000000        0xc HAL/lcd.o
 .group         0x0000000000000000        0xc HAL/lcd.o
 .group         0x0000000000000000        0xc HAL/lcd.o
 .group         0x0000000000000000        0xc HAL/lcd.o
 .group         0x0000000000000000        0xc HAL/lcd.o
 .group         0x0000000000000000        0xc HAL/lcd.o
 .group         0x0000000000000000        0xc HAL/lcd.o
 .group         0x0000000000000000        0xc HAL/lcd.o
 .group         0x0000000000000000        0xc HAL/lcd.o
 .group         0x0000000000000000        0xc HAL/lcd.o
 .text          0x0000000000000000        0x0 HAL/lcd.o
 .data          0x0000000000000000        0x0 HAL/lcd.o
 .bss           0x0000000000000000        0x0 HAL/lcd.o
 .text.wait_ms  0x0000000000000000       0x38 HAL/lcd.o
 .text.wait_us  0x0000000000000000       0x2c HAL/lcd.o
 .text.LCD_IsBusy
                0x0000000000000000       0xde HAL/lcd.o
 .text.LCD_Init
                0x0000000000000000      0x106 HAL/lcd.o
 .text.LCD_SendCommand
                0x0000000000000000       0xd8 HAL/lcd.o
 .text.LCD_WriteCharData
                0x0000000000000000       0xc4 HAL/lcd.o
 .text.LCD_SetCursor
                0x0000000000000000       0x84 HAL/lcd.o
 .text.LCD_WriteDataInPosition
                0x0000000000000000       0x38 HAL/lcd.o
 .text.LCD_WriteStringData
                0x0000000000000000       0x32 HAL/lcd.o
 .text.LCD_WriteStringDataInPosition
                0x0000000000000000       0x4c HAL/lcd.o
 .debug_info    0x0000000000000000      0xd97 HAL/lcd.o
 .debug_abbrev  0x0000000000000000      0x1fa HAL/lcd.o
 .debug_loc     0x0000000000000000      0x338 HAL/lcd.o
 .debug_aranges
                0x0000000000000000       0x68 HAL/lcd.o
 .debug_ranges  0x0000000000000000       0x58 HAL/lcd.o
 .debug_macro   0x0000000000000000      0x158 HAL/lcd.o
 .debug_macro   0x0000000000000000      0xa60 HAL/lcd.o
 .debug_macro   0x0000000000000000       0x18 HAL/lcd.o
 .debug_macro   0x0000000000000000       0x22 HAL/lcd.o
 .debug_macro   0x0000000000000000       0x40 HAL/lcd.o
 .debug_macro   0x0000000000000000       0x94 HAL/lcd.o
 .debug_macro   0x0000000000000000       0x3c HAL/lcd.o
 .debug_macro   0x0000000000000000       0x34 HAL/lcd.o
 .debug_macro   0x0000000000000000       0x16 HAL/lcd.o
 .debug_macro   0x0000000000000000      0x10e HAL/lcd.o
 .debug_macro   0x0000000000000000       0x8d HAL/lcd.o
 .debug_macro   0x0000000000000000       0x57 HAL/lcd.o
 .debug_macro   0x0000000000000000       0x52 HAL/lcd.o
 .debug_macro   0x0000000000000000       0x1f HAL/lcd.o
 .debug_macro   0x0000000000000000       0x43 HAL/lcd.o
 .debug_macro   0x0000000000000000       0x20 HAL/lcd.o
 .debug_macro   0x0000000000000000      0x1a3 HAL/lcd.o
 .debug_macro   0x0000000000000000      0x330 HAL/lcd.o
 .debug_macro   0x0000000000000000       0x16 HAL/lcd.o
 .debug_macro   0x0000000000000000       0x29 HAL/lcd.o
 .debug_macro   0x0000000000000000       0xef HAL/lcd.o
 .debug_macro   0x0000000000000000       0x6a HAL/lcd.o
 .debug_macro   0x0000000000000000      0x1df HAL/lcd.o
 .debug_macro   0x0000000000000000      0x31e HAL/lcd.o
 .debug_macro   0x0000000000000000       0xd6 HAL/lcd.o
 .debug_macro   0x0000000000000000       0x52 HAL/lcd.o
 .debug_line    0x0000000000000000      0x719 HAL/lcd.o
 .debug_str     0x0000000000000000     0x8a9c HAL/lcd.o
 .comment       0x0000000000000000       0x7c HAL/lcd.o
 .debug_frame   0x0000000000000000      0x180 HAL/lcd.o
 .ARM.attributes
                0x0000000000000000       0x33 HAL/lcd.o
 .group         0x0000000000000000        0xc Src/main.o
 .group         0x0000000000000000        0xc Src/main.o
 .group         0x0000000000000000        0xc Src/main.o
 .group         0x0000000000000000        0xc Src/main.o
 .group         0x0000000000000000        0xc Src/main.o
 .group         0x0000000000000000        0xc Src/main.o
 .group         0x0000000000000000        0xc Src/main.o
 .group         0x0000000000000000        0xc Src/main.o
 .group         0x0000000000000000        0xc Src/main.o
 .group         0x0000000000000000        0xc Src/main.o
 .group         0x0000000000000000        0xc Src/main.o
 .group         0x0000000000000000        0xc Src/main.o
 .group         0x0000000000000000        0xc Src/main.o
 .group         0x0000000000000000        0xc Src/main.o
 .group         0x0000000000000000        0xc Src/main.o
 .group         0x0000000000000000        0xc Src/main.o
 .group         0x0000000000000000        0xc Src/main.o
 .group         0x0000000000000000        0xc Src/main.o
 .group         0x0000000000000000        0xc Src/main.o
 .group         0x0000000000000000        0xc Src/main.o
 .group         0x0000000000000000        0xc Src/main.o
 .group         0x0000000000000000        0xc Src/main.o
 .group         0x0000000000000000        0xc Src/main.o
 .group         0x0000000000000000        0xc Src/main.o
 .group         0x0000000000000000        0xc Src/main.o
 .group         0x0000000000000000        0xc Src/main.o
 .group         0x0000000000000000        0xc Src/main.o
 .group         0x0000000000000000        0xc Src/main.o
 .text          0x0000000000000000        0x0 Src/main.o
 .data          0x0000000000000000        0x0 Src/main.o
 .bss           0x0000000000000000        0x0 Src/main.o
 .text.MyWait   0x0000000000000000       0x3a Src/main.o
 .debug_macro   0x0000000000000000      0xa60 Src/main.o
 .debug_macro   0x0000000000000000       0x22 Src/main.o
 .debug_macro   0x0000000000000000       0xef Src/main.o
 .debug_macro   0x0000000000000000       0x6a Src/main.o
 .debug_macro   0x0000000000000000      0x1df Src/main.o
 .debug_macro   0x0000000000000000       0x18 Src/main.o
 .debug_macro   0x0000000000000000       0x3c Src/main.o
 .debug_macro   0x0000000000000000       0x34 Src/main.o
 .debug_macro   0x0000000000000000       0x16 Src/main.o
 .debug_macro   0x0000000000000000      0x10e Src/main.o
 .debug_macro   0x0000000000000000       0x8d Src/main.o
 .debug_macro   0x0000000000000000       0x52 Src/main.o
 .debug_macro   0x0000000000000000       0x1f Src/main.o
 .debug_macro   0x0000000000000000       0x43 Src/main.o
 .debug_macro   0x0000000000000000       0x20 Src/main.o
 .debug_macro   0x0000000000000000      0x1a3 Src/main.o
 .debug_macro   0x0000000000000000      0x330 Src/main.o
 .debug_macro   0x0000000000000000       0x16 Src/main.o
 .debug_macro   0x0000000000000000       0x29 Src/main.o
 .debug_macro   0x0000000000000000      0x31e Src/main.o
 .debug_macro   0x0000000000000000       0xd6 Src/main.o
 .group         0x0000000000000000        0xc Src/syscalls.o
 .group         0x0000000000000000        0xc Src/syscalls.o
 .group         0x0000000000000000        0xc Src/syscalls.o
 .group         0x0000000000000000        0xc Src/syscalls.o
 .group         0x0000000000000000        0xc Src/syscalls.o
 .group         0x0000000000000000        0xc Src/syscalls.o
 .group         0x0000000000000000        0xc Src/syscalls.o
 .group         0x0000000000000000        0xc Src/syscalls.o
 .group         0x0000000000000000        0xc Src/syscalls.o
 .group         0x0000000000000000        0xc Src/syscalls.o
 .group         0x0000000000000000        0xc Src/syscalls.o
 .group         0x0000000000000000        0xc Src/syscalls.o
 .group         0x0000000000000000        0xc Src/syscalls.o
 .group         0x0000000000000000        0xc Src/syscalls.o
 .group         0x0000000000000000        0xc Src/syscalls.o
 .group         0x0000000000000000        0xc Src/syscalls.o
 .group         0x0000000000000000        0xc Src/syscalls.o
 .group         0x0000000000000000        0xc Src/syscalls.o
 .group         0x0000000000000000        0xc Src/syscalls.o
 .group         0x0000000000000000        0xc Src/syscalls.o
 .group         0x0000000000000000        0xc Src/syscalls.o
 .group         0x0000000000000000        0xc Src/syscalls.o
 .group         0x0000000000000000        0xc Src/syscalls.o
 .group         0x0000000000000000        0xc Src/syscalls.o
 .group         0x0000000000000000        0xc Src/syscalls.o
 .group         0x0000000000000000        0xc Src/syscalls.o
 .group         0x0000000000000000        0xc Src/syscalls.o
 .group         0x0000000000000000        0xc Src/syscalls.o
 .group         0x0000000000000000        0xc Src/syscalls.o
 .group         0x0000000000000000        0xc Src/syscalls.o
 .group         0x0000000000000000        0xc Src/syscalls.o
 .group         0x0000000000000000        0xc Src/syscalls.o
 .group         0x0000000000000000        0xc Src/syscalls.o
 .group         0x0000000000000000        0xc Src/syscalls.o
 .group         0x0000000000000000        0xc Src/syscalls.o
 .group         0x0000000000000000        0xc Src/syscalls.o
 .group         0x0000000000000000        0xc Src/syscalls.o
 .group         0x0000000000000000        0xc Src/syscalls.o
 .group         0x0000000000000000        0xc Src/syscalls.o
 .group         0x0000000000000000        0xc Src/syscalls.o
 .group         0x0000000000000000        0xc Src/syscalls.o
 .group         0x0000000000000000        0xc Src/syscalls.o
 .group         0x0000000000000000        0xc Src/syscalls.o
 .group         0x0000000000000000        0xc Src/syscalls.o
 .text          0x0000000000000000        0x0 Src/syscalls.o
 .data          0x0000000000000000        0x0 Src/syscalls.o
 .bss           0x0000000000000000        0x0 Src/syscalls.o
 .bss.__env     0x0000000000000000        0x4 Src/syscalls.o
 .data.environ  0x0000000000000000        0x4 Src/syscalls.o
 .text.initialise_monitor_handles
                0x0000000000000000        0xc Src/syscalls.o
 .text._getpid  0x0000000000000000        0xe Src/syscalls.o
 .text._kill    0x0000000000000000       0x20 Src/syscalls.o
 .text._exit    0x0000000000000000       0x14 Src/syscalls.o
 .text._read    0x0000000000000000       0x3a Src/syscalls.o
 .text._write   0x0000000000000000       0x38 Src/syscalls.o
 .text._close   0x0000000000000000       0x16 Src/syscalls.o
 .text._fstat   0x0000000000000000       0x1e Src/syscalls.o
 .text._isatty  0x0000000000000000       0x14 Src/syscalls.o
 .text._lseek   0x0000000000000000       0x18 Src/syscalls.o
 .text._open    0x0000000000000000       0x1a Src/syscalls.o
 .text._wait    0x0000000000000000       0x1e Src/syscalls.o
 .text._unlink  0x0000000000000000       0x1e Src/syscalls.o
 .text._times   0x0000000000000000       0x16 Src/syscalls.o
 .text._stat    0x0000000000000000       0x1e Src/syscalls.o
 .text._link    0x0000000000000000       0x20 Src/syscalls.o
 .text._fork    0x0000000000000000       0x16 Src/syscalls.o
 .text._execve  0x0000000000000000       0x22 Src/syscalls.o
 .debug_info    0x0000000000000000     0x1038 Src/syscalls.o
 .debug_abbrev  0x0000000000000000      0x254 Src/syscalls.o
 .debug_loc     0x0000000000000000      0x5b8 Src/syscalls.o
 .debug_aranges
                0x0000000000000000       0xa8 Src/syscalls.o
 .debug_ranges  0x0000000000000000       0x98 Src/syscalls.o
 .debug_macro   0x0000000000000000      0x243 Src/syscalls.o
 .debug_macro   0x0000000000000000      0xa60 Src/syscalls.o
 .debug_macro   0x0000000000000000       0x22 Src/syscalls.o
 .debug_macro   0x0000000000000000       0x40 Src/syscalls.o
 .debug_macro   0x0000000000000000       0x18 Src/syscalls.o
 .debug_macro   0x0000000000000000       0x94 Src/syscalls.o
 .debug_macro   0x0000000000000000       0x3c Src/syscalls.o
 .debug_macro   0x0000000000000000       0x34 Src/syscalls.o
 .debug_macro   0x0000000000000000       0x57 Src/syscalls.o
 .debug_macro   0x0000000000000000      0x174 Src/syscalls.o
 .debug_macro   0x0000000000000000      0x330 Src/syscalls.o
 .debug_macro   0x0000000000000000       0x52 Src/syscalls.o
 .debug_macro   0x0000000000000000       0x1f Src/syscalls.o
 .debug_macro   0x0000000000000000       0x43 Src/syscalls.o
 .debug_macro   0x0000000000000000       0x20 Src/syscalls.o
 .debug_macro   0x0000000000000000      0x1a3 Src/syscalls.o
 .debug_macro   0x0000000000000000       0x10 Src/syscalls.o
 .debug_macro   0x0000000000000000       0x35 Src/syscalls.o
 .debug_macro   0x0000000000000000       0x10 Src/syscalls.o
 .debug_macro   0x0000000000000000       0x10 Src/syscalls.o
 .debug_macro   0x0000000000000000       0x10 Src/syscalls.o
 .debug_macro   0x0000000000000000       0x6a Src/syscalls.o
 .debug_macro   0x0000000000000000       0x1c Src/syscalls.o
 .debug_macro   0x0000000000000000       0x52 Src/syscalls.o
 .debug_macro   0x0000000000000000       0x40 Src/syscalls.o
 .debug_macro   0x0000000000000000       0x10 Src/syscalls.o
 .debug_macro   0x0000000000000000       0x40 Src/syscalls.o
 .debug_macro   0x0000000000000000       0xd7 Src/syscalls.o
 .debug_macro   0x0000000000000000       0x1c Src/syscalls.o
 .debug_macro   0x0000000000000000       0x3d Src/syscalls.o
 .debug_macro   0x0000000000000000       0x35 Src/syscalls.o
 .debug_macro   0x0000000000000000      0x122 Src/syscalls.o
 .debug_macro   0x0000000000000000       0x16 Src/syscalls.o
 .debug_macro   0x0000000000000000       0x16 Src/syscalls.o
 .debug_macro   0x0000000000000000       0x29 Src/syscalls.o
 .debug_macro   0x0000000000000000       0x10 Src/syscalls.o
 .debug_macro   0x0000000000000000      0x241 Src/syscalls.o
 .debug_macro   0x0000000000000000       0x1c Src/syscalls.o
 .debug_macro   0x0000000000000000       0x10 Src/syscalls.o
 .debug_macro   0x0000000000000000       0x10 Src/syscalls.o
 .debug_macro   0x0000000000000000       0x16 Src/syscalls.o
 .debug_macro   0x0000000000000000      0x145 Src/syscalls.o
 .debug_macro   0x0000000000000000      0x189 Src/syscalls.o
 .debug_macro   0x0000000000000000       0x16 Src/syscalls.o
 .debug_macro   0x0000000000000000       0x88 Src/syscalls.o
 .debug_line    0x0000000000000000      0x739 Src/syscalls.o
 .debug_str     0x0000000000000000     0x887d Src/syscalls.o
 .comment       0x0000000000000000       0x7c Src/syscalls.o
 .debug_frame   0x0000000000000000      0x2ac Src/syscalls.o
 .ARM.attributes
                0x0000000000000000       0x33 Src/syscalls.o
 .group         0x0000000000000000        0xc Src/sysmem.o
 .group         0x0000000000000000        0xc Src/sysmem.o
 .group         0x0000000000000000        0xc Src/sysmem.o
 .group         0x0000000000000000        0xc Src/sysmem.o
 .group         0x0000000000000000        0xc Src/sysmem.o
 .group         0x0000000000000000        0xc Src/sysmem.o
 .group         0x0000000000000000        0xc Src/sysmem.o
 .group         0x0000000000000000        0xc Src/sysmem.o
 .group         0x0000000000000000        0xc Src/sysmem.o
 .group         0x0000000000000000        0xc Src/sysmem.o
 .group         0x0000000000000000        0xc Src/sysmem.o
 .group         0x0000000000000000        0xc Src/sysmem.o
 .group         0x0000000000000000        0xc Src/sysmem.o
 .group         0x0000000000000000        0xc Src/sysmem.o
 .group         0x0000000000000000        0xc Src/sysmem.o
 .group         0x0000000000000000        0xc Src/sysmem.o
 .group         0x0000000000000000        0xc Src/sysmem.o
 .group         0x0000000000000000        0xc Src/sysmem.o
 .group         0x0000000000000000        0xc Src/sysmem.o
 .text          0x0000000000000000        0x0 Src/sysmem.o
 .data          0x0000000000000000        0x0 Src/sysmem.o
 .bss           0x0000000000000000        0x0 Src/sysmem.o
 .bss.__sbrk_heap_end
                0x0000000000000000        0x4 Src/sysmem.o
 .text._sbrk    0x0000000000000000       0x6c Src/sysmem.o
 .debug_info    0x0000000000000000      0xa7c Src/sysmem.o
 .debug_abbrev  0x0000000000000000      0x18e Src/sysmem.o
 .debug_loc     0x0000000000000000       0x50 Src/sysmem.o
 .debug_aranges
                0x0000000000000000       0x20 Src/sysmem.o
 .debug_ranges  0x0000000000000000       0x10 Src/sysmem.o
 .debug_macro   0x0000000000000000       0xee Src/sysmem.o
 .debug_macro   0x0000000000000000      0xa60 Src/sysmem.o
 .debug_macro   0x0000000000000000       0x10 Src/sysmem.o
 .debug_macro   0x0000000000000000       0x22 Src/sysmem.o
 .debug_macro   0x0000000000000000       0x40 Src/sysmem.o
 .debug_macro   0x0000000000000000       0x18 Src/sysmem.o
 .debug_macro   0x0000000000000000       0x94 Src/sysmem.o
 .debug_macro   0x0000000000000000       0x3c Src/sysmem.o
 .debug_macro   0x0000000000000000       0x34 Src/sysmem.o
 .debug_macro   0x0000000000000000      0x174 Src/sysmem.o
 .debug_macro   0x0000000000000000       0x57 Src/sysmem.o
 .debug_macro   0x0000000000000000       0x52 Src/sysmem.o
 .debug_macro   0x0000000000000000       0x1f Src/sysmem.o
 .debug_macro   0x0000000000000000       0x43 Src/sysmem.o
 .debug_macro   0x0000000000000000       0x20 Src/sysmem.o
 .debug_macro   0x0000000000000000      0x1a3 Src/sysmem.o
 .debug_macro   0x0000000000000000      0x23b Src/sysmem.o
 .debug_macro   0x0000000000000000       0xef Src/sysmem.o
 .debug_macro   0x0000000000000000       0x6a Src/sysmem.o
 .debug_macro   0x0000000000000000      0x1df Src/sysmem.o
 .debug_line    0x0000000000000000      0x4c2 Src/sysmem.o
 .debug_str     0x0000000000000000     0x5f4b Src/sysmem.o
 .comment       0x0000000000000000       0x7c Src/sysmem.o
 .debug_frame   0x0000000000000000       0x34 Src/sysmem.o
 .ARM.attributes
                0x0000000000000000       0x33 Src/sysmem.o
 .text          0x0000000000000000       0x14 Startup/startup_stm32f103c6tx.o
 .data          0x0000000000000000        0x0 Startup/startup_stm32f103c6tx.o
 .bss           0x0000000000000000        0x0 Startup/startup_stm32f103c6tx.o
 .group         0x0000000000000000        0xc Stm32f103c6_Drivers/EXTI/stm32f103c6_EXTI_Driver.o
 .group         0x0000000000000000        0xc Stm32f103c6_Drivers/EXTI/stm32f103c6_EXTI_Driver.o
 .group         0x0000000000000000        0xc Stm32f103c6_Drivers/EXTI/stm32f103c6_EXTI_Driver.o
 .group         0x0000000000000000        0xc Stm32f103c6_Drivers/EXTI/stm32f103c6_EXTI_Driver.o
 .group         0x0000000000000000        0xc Stm32f103c6_Drivers/EXTI/stm32f103c6_EXTI_Driver.o
 .group         0x0000000000000000        0xc Stm32f103c6_Drivers/EXTI/stm32f103c6_EXTI_Driver.o
 .group         0x0000000000000000        0xc Stm32f103c6_Drivers/EXTI/stm32f103c6_EXTI_Driver.o
 .group         0x0000000000000000        0xc Stm32f103c6_Drivers/EXTI/stm32f103c6_EXTI_Driver.o
 .group         0x0000000000000000        0xc Stm32f103c6_Drivers/EXTI/stm32f103c6_EXTI_Driver.o
 .group         0x0000000000000000        0xc Stm32f103c6_Drivers/EXTI/stm32f103c6_EXTI_Driver.o
 .group         0x0000000000000000        0xc Stm32f103c6_Drivers/EXTI/stm32f103c6_EXTI_Driver.o
 .group         0x0000000000000000        0xc Stm32f103c6_Drivers/EXTI/stm32f103c6_EXTI_Driver.o
 .group         0x0000000000000000        0xc Stm32f103c6_Drivers/EXTI/stm32f103c6_EXTI_Driver.o
 .group         0x0000000000000000        0xc Stm32f103c6_Drivers/EXTI/stm32f103c6_EXTI_Driver.o
 .group         0x0000000000000000        0xc Stm32f103c6_Drivers/EXTI/stm32f103c6_EXTI_Driver.o
 .group         0x0000000000000000        0xc Stm32f103c6_Drivers/EXTI/stm32f103c6_EXTI_Driver.o
 .group         0x0000000000000000        0xc Stm32f103c6_Drivers/EXTI/stm32f103c6_EXTI_Driver.o
 .group         0x0000000000000000        0xc Stm32f103c6_Drivers/EXTI/stm32f103c6_EXTI_Driver.o
 .group         0x0000000000000000        0xc Stm32f103c6_Drivers/EXTI/stm32f103c6_EXTI_Driver.o
 .group         0x0000000000000000        0xc Stm32f103c6_Drivers/EXTI/stm32f103c6_EXTI_Driver.o
 .group         0x0000000000000000        0xc Stm32f103c6_Drivers/EXTI/stm32f103c6_EXTI_Driver.o
 .group         0x0000000000000000        0xc Stm32f103c6_Drivers/EXTI/stm32f103c6_EXTI_Driver.o
 .group         0x0000000000000000        0xc Stm32f103c6_Drivers/EXTI/stm32f103c6_EXTI_Driver.o
 .group         0x0000000000000000        0xc Stm32f103c6_Drivers/EXTI/stm32f103c6_EXTI_Driver.o
 .group         0x0000000000000000        0xc Stm32f103c6_Drivers/EXTI/stm32f103c6_EXTI_Driver.o
 .text          0x0000000000000000        0x0 Stm32f103c6_Drivers/EXTI/stm32f103c6_EXTI_Driver.o
 .data          0x0000000000000000        0x0 Stm32f103c6_Drivers/EXTI/stm32f103c6_EXTI_Driver.o
 .bss           0x0000000000000000        0x0 Stm32f103c6_Drivers/EXTI/stm32f103c6_EXTI_Driver.o
 .text.NVIC_EXTI_Enable
                0x0000000000000000      0x14c Stm32f103c6_Drivers/EXTI/stm32f103c6_EXTI_Driver.o
 .text.NVIC_EXTI_Disable
                0x0000000000000000      0x14c Stm32f103c6_Drivers/EXTI/stm32f103c6_EXTI_Driver.o
 .text.Update_EXTI
                0x0000000000000000      0x1e4 Stm32f103c6_Drivers/EXTI/stm32f103c6_EXTI_Driver.o
 .text.MCAL_EXTI_GPIO_Init
                0x0000000000000000       0x16 Stm32f103c6_Drivers/EXTI/stm32f103c6_EXTI_Driver.o
 .text.MCAL_EXTI_GPIO_DeInit
                0x0000000000000000      0x100 Stm32f103c6_Drivers/EXTI/stm32f103c6_EXTI_Driver.o
 .text.MCAL_EXTI_GPIO_Update
                0x0000000000000000       0x16 Stm32f103c6_Drivers/EXTI/stm32f103c6_EXTI_Driver.o
 .debug_macro   0x0000000000000000      0xa60 Stm32f103c6_Drivers/EXTI/stm32f103c6_EXTI_Driver.o
 .debug_macro   0x0000000000000000       0x18 Stm32f103c6_Drivers/EXTI/stm32f103c6_EXTI_Driver.o
 .debug_macro   0x0000000000000000       0x22 Stm32f103c6_Drivers/EXTI/stm32f103c6_EXTI_Driver.o
 .debug_macro   0x0000000000000000       0x40 Stm32f103c6_Drivers/EXTI/stm32f103c6_EXTI_Driver.o
 .debug_macro   0x0000000000000000       0x94 Stm32f103c6_Drivers/EXTI/stm32f103c6_EXTI_Driver.o
 .debug_macro   0x0000000000000000       0x3c Stm32f103c6_Drivers/EXTI/stm32f103c6_EXTI_Driver.o
 .debug_macro   0x0000000000000000       0x34 Stm32f103c6_Drivers/EXTI/stm32f103c6_EXTI_Driver.o
 .debug_macro   0x0000000000000000       0x16 Stm32f103c6_Drivers/EXTI/stm32f103c6_EXTI_Driver.o
 .debug_macro   0x0000000000000000      0x10e Stm32f103c6_Drivers/EXTI/stm32f103c6_EXTI_Driver.o
 .debug_macro   0x0000000000000000       0x8d Stm32f103c6_Drivers/EXTI/stm32f103c6_EXTI_Driver.o
 .debug_macro   0x0000000000000000       0x57 Stm32f103c6_Drivers/EXTI/stm32f103c6_EXTI_Driver.o
 .debug_macro   0x0000000000000000       0x52 Stm32f103c6_Drivers/EXTI/stm32f103c6_EXTI_Driver.o
 .debug_macro   0x0000000000000000       0x1f Stm32f103c6_Drivers/EXTI/stm32f103c6_EXTI_Driver.o
 .debug_macro   0x0000000000000000       0x43 Stm32f103c6_Drivers/EXTI/stm32f103c6_EXTI_Driver.o
 .debug_macro   0x0000000000000000       0x20 Stm32f103c6_Drivers/EXTI/stm32f103c6_EXTI_Driver.o
 .debug_macro   0x0000000000000000      0x1a3 Stm32f103c6_Drivers/EXTI/stm32f103c6_EXTI_Driver.o
 .debug_macro   0x0000000000000000      0x330 Stm32f103c6_Drivers/EXTI/stm32f103c6_EXTI_Driver.o
 .debug_macro   0x0000000000000000       0x16 Stm32f103c6_Drivers/EXTI/stm32f103c6_EXTI_Driver.o
 .debug_macro   0x0000000000000000       0x29 Stm32f103c6_Drivers/EXTI/stm32f103c6_EXTI_Driver.o
 .debug_macro   0x0000000000000000       0xef Stm32f103c6_Drivers/EXTI/stm32f103c6_EXTI_Driver.o
 .debug_macro   0x0000000000000000       0x6a Stm32f103c6_Drivers/EXTI/stm32f103c6_EXTI_Driver.o
 .debug_macro   0x0000000000000000      0x1df Stm32f103c6_Drivers/EXTI/stm32f103c6_EXTI_Driver.o
 .debug_macro   0x0000000000000000      0x31e Stm32f103c6_Drivers/EXTI/stm32f103c6_EXTI_Driver.o
 .debug_macro   0x0000000000000000      0x21f Stm32f103c6_Drivers/EXTI/stm32f103c6_EXTI_Driver.o
 .group         0x0000000000000000        0xc Stm32f103c6_Drivers/GPIO/stm32f103c6_GPIO_Driver.o
 .group         0x0000000000000000        0xc Stm32f103c6_Drivers/GPIO/stm32f103c6_GPIO_Driver.o
 .group         0x0000000000000000        0xc Stm32f103c6_Drivers/GPIO/stm32f103c6_GPIO_Driver.o
 .group         0x0000000000000000        0xc Stm32f103c6_Drivers/GPIO/stm32f103c6_GPIO_Driver.o
 .group         0x0000000000000000        0xc Stm32f103c6_Drivers/GPIO/stm32f103c6_GPIO_Driver.o
 .group         0x0000000000000000        0xc Stm32f103c6_Drivers/GPIO/stm32f103c6_GPIO_Driver.o
 .group         0x0000000000000000        0xc Stm32f103c6_Drivers/GPIO/stm32f103c6_GPIO_Driver.o
 .group         0x0000000000000000        0xc Stm32f103c6_Drivers/GPIO/stm32f103c6_GPIO_Driver.o
 .group         0x0000000000000000        0xc Stm32f103c6_Drivers/GPIO/stm32f103c6_GPIO_Driver.o
 .group         0x0000000000000000        0xc Stm32f103c6_Drivers/GPIO/stm32f103c6_GPIO_Driver.o
 .group         0x0000000000000000        0xc Stm32f103c6_Drivers/GPIO/stm32f103c6_GPIO_Driver.o
 .group         0x0000000000000000        0xc Stm32f103c6_Drivers/GPIO/stm32f103c6_GPIO_Driver.o
 .group         0x0000000000000000        0xc Stm32f103c6_Drivers/GPIO/stm32f103c6_GPIO_Driver.o
 .group         0x0000000000000000        0xc Stm32f103c6_Drivers/GPIO/stm32f103c6_GPIO_Driver.o
 .group         0x0000000000000000        0xc Stm32f103c6_Drivers/GPIO/stm32f103c6_GPIO_Driver.o
 .group         0x0000000000000000        0xc Stm32f103c6_Drivers/GPIO/stm32f103c6_GPIO_Driver.o
 .group         0x0000000000000000        0xc Stm32f103c6_Drivers/GPIO/stm32f103c6_GPIO_Driver.o
 .group         0x0000000000000000        0xc Stm32f103c6_Drivers/GPIO/stm32f103c6_GPIO_Driver.o
 .group         0x0000000000000000        0xc Stm32f103c6_Drivers/GPIO/stm32f103c6_GPIO_Driver.o
 .group         0x0000000000000000        0xc Stm32f103c6_Drivers/GPIO/stm32f103c6_GPIO_Driver.o
 .group         0x0000000000000000        0xc Stm32f103c6_Drivers/GPIO/stm32f103c6_GPIO_Driver.o
 .group         0x0000000000000000        0xc Stm32f103c6_Drivers/GPIO/stm32f103c6_GPIO_Driver.o
 .group         0x0000000000000000        0xc Stm32f103c6_Drivers/GPIO/stm32f103c6_GPIO_Driver.o
 .group         0x0000000000000000        0xc Stm32f103c6_Drivers/GPIO/stm32f103c6_GPIO_Driver.o
 .text          0x0000000000000000        0x0 Stm32f103c6_Drivers/GPIO/stm32f103c6_GPIO_Driver.o
 .data          0x0000000000000000        0x0 Stm32f103c6_Drivers/GPIO/stm32f103c6_GPIO_Driver.o
 .bss           0x0000000000000000        0x0 Stm32f103c6_Drivers/GPIO/stm32f103c6_GPIO_Driver.o
 .text.MCAL_GPIO_DeInit
                0x0000000000000000       0xdc Stm32f103c6_Drivers/GPIO/stm32f103c6_GPIO_Driver.o
 .text.MCAL_GPIO_ReadPin
                0x0000000000000000       0x32 Stm32f103c6_Drivers/GPIO/stm32f103c6_GPIO_Driver.o
 .text.MCAL_GPIO_ReadPort
                0x0000000000000000       0x22 Stm32f103c6_Drivers/GPIO/stm32f103c6_GPIO_Driver.o
 .text.MCAL_GPIO_WritePort
                0x0000000000000000       0x24 Stm32f103c6_Drivers/GPIO/stm32f103c6_GPIO_Driver.o
 .text.MCAL_GPIO_TogglePin
                0x0000000000000000       0x2a Stm32f103c6_Drivers/GPIO/stm32f103c6_GPIO_Driver.o
 .text.MCAL_GPIO_TogglePort
                0x0000000000000000       0x2a Stm32f103c6_Drivers/GPIO/stm32f103c6_GPIO_Driver.o
 .text.MCAL_GPIO_LockPin
                0x0000000000000000       0x58 Stm32f103c6_Drivers/GPIO/stm32f103c6_GPIO_Driver.o
 .debug_macro   0x0000000000000000      0xa60 Stm32f103c6_Drivers/GPIO/stm32f103c6_GPIO_Driver.o
 .debug_macro   0x0000000000000000       0x18 Stm32f103c6_Drivers/GPIO/stm32f103c6_GPIO_Driver.o
 .debug_macro   0x0000000000000000       0x22 Stm32f103c6_Drivers/GPIO/stm32f103c6_GPIO_Driver.o
 .debug_macro   0x0000000000000000       0x40 Stm32f103c6_Drivers/GPIO/stm32f103c6_GPIO_Driver.o
 .debug_macro   0x0000000000000000       0x94 Stm32f103c6_Drivers/GPIO/stm32f103c6_GPIO_Driver.o
 .debug_macro   0x0000000000000000       0x3c Stm32f103c6_Drivers/GPIO/stm32f103c6_GPIO_Driver.o
 .debug_macro   0x0000000000000000       0x34 Stm32f103c6_Drivers/GPIO/stm32f103c6_GPIO_Driver.o
 .debug_macro   0x0000000000000000       0x16 Stm32f103c6_Drivers/GPIO/stm32f103c6_GPIO_Driver.o
 .debug_macro   0x0000000000000000      0x10e Stm32f103c6_Drivers/GPIO/stm32f103c6_GPIO_Driver.o
 .debug_macro   0x0000000000000000       0x8d Stm32f103c6_Drivers/GPIO/stm32f103c6_GPIO_Driver.o
 .debug_macro   0x0000000000000000       0x57 Stm32f103c6_Drivers/GPIO/stm32f103c6_GPIO_Driver.o
 .debug_macro   0x0000000000000000       0x52 Stm32f103c6_Drivers/GPIO/stm32f103c6_GPIO_Driver.o
 .debug_macro   0x0000000000000000       0x1f Stm32f103c6_Drivers/GPIO/stm32f103c6_GPIO_Driver.o
 .debug_macro   0x0000000000000000       0x43 Stm32f103c6_Drivers/GPIO/stm32f103c6_GPIO_Driver.o
 .debug_macro   0x0000000000000000       0x20 Stm32f103c6_Drivers/GPIO/stm32f103c6_GPIO_Driver.o
 .debug_macro   0x0000000000000000      0x1a3 Stm32f103c6_Drivers/GPIO/stm32f103c6_GPIO_Driver.o
 .debug_macro   0x0000000000000000      0x330 Stm32f103c6_Drivers/GPIO/stm32f103c6_GPIO_Driver.o
 .debug_macro   0x0000000000000000       0x16 Stm32f103c6_Drivers/GPIO/stm32f103c6_GPIO_Driver.o
 .debug_macro   0x0000000000000000       0x29 Stm32f103c6_Drivers/GPIO/stm32f103c6_GPIO_Driver.o
 .debug_macro   0x0000000000000000       0xef Stm32f103c6_Drivers/GPIO/stm32f103c6_GPIO_Driver.o
 .debug_macro   0x0000000000000000       0x6a Stm32f103c6_Drivers/GPIO/stm32f103c6_GPIO_Driver.o
 .debug_macro   0x0000000000000000      0x1df Stm32f103c6_Drivers/GPIO/stm32f103c6_GPIO_Driver.o
 .debug_macro   0x0000000000000000      0x31e Stm32f103c6_Drivers/GPIO/stm32f103c6_GPIO_Driver.o
 .debug_macro   0x0000000000000000       0xd6 Stm32f103c6_Drivers/GPIO/stm32f103c6_GPIO_Driver.o
 .group         0x0000000000000000        0xc Stm32f103c6_Drivers/RCC/stm32f103c6_RCC_Driver.o
 .group         0x0000000000000000        0xc Stm32f103c6_Drivers/RCC/stm32f103c6_RCC_Driver.o
 .group         0x0000000000000000        0xc Stm32f103c6_Drivers/RCC/stm32f103c6_RCC_Driver.o
 .group         0x0000000000000000        0xc Stm32f103c6_Drivers/RCC/stm32f103c6_RCC_Driver.o
 .group         0x0000000000000000        0xc Stm32f103c6_Drivers/RCC/stm32f103c6_RCC_Driver.o
 .group         0x0000000000000000        0xc Stm32f103c6_Drivers/RCC/stm32f103c6_RCC_Driver.o
 .group         0x0000000000000000        0xc Stm32f103c6_Drivers/RCC/stm32f103c6_RCC_Driver.o
 .group         0x0000000000000000        0xc Stm32f103c6_Drivers/RCC/stm32f103c6_RCC_Driver.o
 .group         0x0000000000000000        0xc Stm32f103c6_Drivers/RCC/stm32f103c6_RCC_Driver.o
 .group         0x0000000000000000        0xc Stm32f103c6_Drivers/RCC/stm32f103c6_RCC_Driver.o
 .group         0x0000000000000000        0xc Stm32f103c6_Drivers/RCC/stm32f103c6_RCC_Driver.o
 .group         0x0000000000000000        0xc Stm32f103c6_Drivers/RCC/stm32f103c6_RCC_Driver.o
 .group         0x0000000000000000        0xc Stm32f103c6_Drivers/RCC/stm32f103c6_RCC_Driver.o
 .group         0x0000000000000000        0xc Stm32f103c6_Drivers/RCC/stm32f103c6_RCC_Driver.o
 .group         0x0000000000000000        0xc Stm32f103c6_Drivers/RCC/stm32f103c6_RCC_Driver.o
 .group         0x0000000000000000        0xc Stm32f103c6_Drivers/RCC/stm32f103c6_RCC_Driver.o
 .group         0x0000000000000000        0xc Stm32f103c6_Drivers/RCC/stm32f103c6_RCC_Driver.o
 .group         0x0000000000000000        0xc Stm32f103c6_Drivers/RCC/stm32f103c6_RCC_Driver.o
 .group         0x0000000000000000        0xc Stm32f103c6_Drivers/RCC/stm32f103c6_RCC_Driver.o
 .group         0x0000000000000000        0xc Stm32f103c6_Drivers/RCC/stm32f103c6_RCC_Driver.o
 .group         0x0000000000000000        0xc Stm32f103c6_Drivers/RCC/stm32f103c6_RCC_Driver.o
 .group         0x0000000000000000        0xc Stm32f103c6_Drivers/RCC/stm32f103c6_RCC_Driver.o
 .group         0x0000000000000000        0xc Stm32f103c6_Drivers/RCC/stm32f103c6_RCC_Driver.o
 .group         0x0000000000000000        0xc Stm32f103c6_Drivers/RCC/stm32f103c6_RCC_Driver.o
 .group         0x0000000000000000        0xc Stm32f103c6_Drivers/RCC/stm32f103c6_RCC_Driver.o
 .text          0x0000000000000000        0x0 Stm32f103c6_Drivers/RCC/stm32f103c6_RCC_Driver.o
 .data          0x0000000000000000        0x0 Stm32f103c6_Drivers/RCC/stm32f103c6_RCC_Driver.o
 .bss           0x0000000000000000        0x0 Stm32f103c6_Drivers/RCC/stm32f103c6_RCC_Driver.o
 .debug_macro   0x0000000000000000      0xa60 Stm32f103c6_Drivers/RCC/stm32f103c6_RCC_Driver.o
 .debug_macro   0x0000000000000000       0x18 Stm32f103c6_Drivers/RCC/stm32f103c6_RCC_Driver.o
 .debug_macro   0x0000000000000000       0x22 Stm32f103c6_Drivers/RCC/stm32f103c6_RCC_Driver.o
 .debug_macro   0x0000000000000000       0x40 Stm32f103c6_Drivers/RCC/stm32f103c6_RCC_Driver.o
 .debug_macro   0x0000000000000000       0x94 Stm32f103c6_Drivers/RCC/stm32f103c6_RCC_Driver.o
 .debug_macro   0x0000000000000000       0x3c Stm32f103c6_Drivers/RCC/stm32f103c6_RCC_Driver.o
 .debug_macro   0x0000000000000000       0x34 Stm32f103c6_Drivers/RCC/stm32f103c6_RCC_Driver.o
 .debug_macro   0x0000000000000000       0x16 Stm32f103c6_Drivers/RCC/stm32f103c6_RCC_Driver.o
 .debug_macro   0x0000000000000000      0x10e Stm32f103c6_Drivers/RCC/stm32f103c6_RCC_Driver.o
 .debug_macro   0x0000000000000000       0x8d Stm32f103c6_Drivers/RCC/stm32f103c6_RCC_Driver.o
 .debug_macro   0x0000000000000000       0x57 Stm32f103c6_Drivers/RCC/stm32f103c6_RCC_Driver.o
 .debug_macro   0x0000000000000000       0x52 Stm32f103c6_Drivers/RCC/stm32f103c6_RCC_Driver.o
 .debug_macro   0x0000000000000000       0x1f Stm32f103c6_Drivers/RCC/stm32f103c6_RCC_Driver.o
 .debug_macro   0x0000000000000000       0x43 Stm32f103c6_Drivers/RCC/stm32f103c6_RCC_Driver.o
 .debug_macro   0x0000000000000000       0x20 Stm32f103c6_Drivers/RCC/stm32f103c6_RCC_Driver.o
 .debug_macro   0x0000000000000000      0x1a3 Stm32f103c6_Drivers/RCC/stm32f103c6_RCC_Driver.o
 .debug_macro   0x0000000000000000      0x330 Stm32f103c6_Drivers/RCC/stm32f103c6_RCC_Driver.o
 .debug_macro   0x0000000000000000       0x16 Stm32f103c6_Drivers/RCC/stm32f103c6_RCC_Driver.o
 .debug_macro   0x0000000000000000       0x29 Stm32f103c6_Drivers/RCC/stm32f103c6_RCC_Driver.o
 .debug_macro   0x0000000000000000       0xef Stm32f103c6_Drivers/RCC/stm32f103c6_RCC_Driver.o
 .debug_macro   0x0000000000000000       0x6a Stm32f103c6_Drivers/RCC/stm32f103c6_RCC_Driver.o
 .debug_macro   0x0000000000000000      0x1df Stm32f103c6_Drivers/RCC/stm32f103c6_RCC_Driver.o
 .debug_macro   0x0000000000000000      0x31e Stm32f103c6_Drivers/RCC/stm32f103c6_RCC_Driver.o
 .debug_macro   0x0000000000000000       0xd6 Stm32f103c6_Drivers/RCC/stm32f103c6_RCC_Driver.o
 .group         0x0000000000000000        0xc Stm32f103c6_Drivers/SPI/stm32f103c6_SPI_Driver.o
 .group         0x0000000000000000        0xc Stm32f103c6_Drivers/SPI/stm32f103c6_SPI_Driver.o
 .group         0x0000000000000000        0xc Stm32f103c6_Drivers/SPI/stm32f103c6_SPI_Driver.o
 .group         0x0000000000000000        0xc Stm32f103c6_Drivers/SPI/stm32f103c6_SPI_Driver.o
 .group         0x0000000000000000        0xc Stm32f103c6_Drivers/SPI/stm32f103c6_SPI_Driver.o
 .group         0x0000000000000000        0xc Stm32f103c6_Drivers/SPI/stm32f103c6_SPI_Driver.o
 .group         0x0000000000000000        0xc Stm32f103c6_Drivers/SPI/stm32f103c6_SPI_Driver.o
 .group         0x0000000000000000        0xc Stm32f103c6_Drivers/SPI/stm32f103c6_SPI_Driver.o
 .group         0x0000000000000000        0xc Stm32f103c6_Drivers/SPI/stm32f103c6_SPI_Driver.o
 .group         0x0000000000000000        0xc Stm32f103c6_Drivers/SPI/stm32f103c6_SPI_Driver.o
 .group         0x0000000000000000        0xc Stm32f103c6_Drivers/SPI/stm32f103c6_SPI_Driver.o
 .group         0x0000000000000000        0xc Stm32f103c6_Drivers/SPI/stm32f103c6_SPI_Driver.o
 .group         0x0000000000000000        0xc Stm32f103c6_Drivers/SPI/stm32f103c6_SPI_Driver.o
 .group         0x0000000000000000        0xc Stm32f103c6_Drivers/SPI/stm32f103c6_SPI_Driver.o
 .group         0x0000000000000000        0xc Stm32f103c6_Drivers/SPI/stm32f103c6_SPI_Driver.o
 .group         0x0000000000000000        0xc Stm32f103c6_Drivers/SPI/stm32f103c6_SPI_Driver.o
 .group         0x0000000000000000        0xc Stm32f103c6_Drivers/SPI/stm32f103c6_SPI_Driver.o
 .group         0x0000000000000000        0xc Stm32f103c6_Drivers/SPI/stm32f103c6_SPI_Driver.o
 .group         0x0000000000000000        0xc Stm32f103c6_Drivers/SPI/stm32f103c6_SPI_Driver.o
 .group         0x0000000000000000        0xc Stm32f103c6_Drivers/SPI/stm32f103c6_SPI_Driver.o
 .group         0x0000000000000000        0xc Stm32f103c6_Drivers/SPI/stm32f103c6_SPI_Driver.o
 .group         0x0000000000000000        0xc Stm32f103c6_Drivers/SPI/stm32f103c6_SPI_Driver.o
 .group         0x0000000000000000        0xc Stm32f103c6_Drivers/SPI/stm32f103c6_SPI_Driver.o
 .group         0x0000000000000000        0xc Stm32f103c6_Drivers/SPI/stm32f103c6_SPI_Driver.o
 .group         0x0000000000000000        0xc Stm32f103c6_Drivers/SPI/stm32f103c6_SPI_Driver.o
 .text          0x0000000000000000        0x0 Stm32f103c6_Drivers/SPI/stm32f103c6_SPI_Driver.o
 .data          0x0000000000000000        0x0 Stm32f103c6_Drivers/SPI/stm32f103c6_SPI_Driver.o
 .bss           0x0000000000000000        0x0 Stm32f103c6_Drivers/SPI/stm32f103c6_SPI_Driver.o
 .text.MCAL_SPI_DeInit
                0x0000000000000000       0x4c Stm32f103c6_Drivers/SPI/stm32f103c6_SPI_Driver.o
 .text.MCAL_SPI_SendData
                0x0000000000000000       0x36 Stm32f103c6_Drivers/SPI/stm32f103c6_SPI_Driver.o
 .text.MCAL_SPI_ReceiveData
                0x0000000000000000       0x36 Stm32f103c6_Drivers/SPI/stm32f103c6_SPI_Driver.o
 .debug_macro   0x0000000000000000      0xa60 Stm32f103c6_Drivers/SPI/stm32f103c6_SPI_Driver.o
 .debug_macro   0x0000000000000000       0x18 Stm32f103c6_Drivers/SPI/stm32f103c6_SPI_Driver.o
 .debug_macro   0x0000000000000000       0x22 Stm32f103c6_Drivers/SPI/stm32f103c6_SPI_Driver.o
 .debug_macro   0x0000000000000000       0x40 Stm32f103c6_Drivers/SPI/stm32f103c6_SPI_Driver.o
 .debug_macro   0x0000000000000000       0x94 Stm32f103c6_Drivers/SPI/stm32f103c6_SPI_Driver.o
 .debug_macro   0x0000000000000000       0x3c Stm32f103c6_Drivers/SPI/stm32f103c6_SPI_Driver.o
 .debug_macro   0x0000000000000000       0x34 Stm32f103c6_Drivers/SPI/stm32f103c6_SPI_Driver.o
 .debug_macro   0x0000000000000000       0x16 Stm32f103c6_Drivers/SPI/stm32f103c6_SPI_Driver.o
 .debug_macro   0x0000000000000000      0x10e Stm32f103c6_Drivers/SPI/stm32f103c6_SPI_Driver.o
 .debug_macro   0x0000000000000000       0x8d Stm32f103c6_Drivers/SPI/stm32f103c6_SPI_Driver.o
 .debug_macro   0x0000000000000000       0x57 Stm32f103c6_Drivers/SPI/stm32f103c6_SPI_Driver.o
 .debug_macro   0x0000000000000000       0x52 Stm32f103c6_Drivers/SPI/stm32f103c6_SPI_Driver.o
 .debug_macro   0x0000000000000000       0x1f Stm32f103c6_Drivers/SPI/stm32f103c6_SPI_Driver.o
 .debug_macro   0x0000000000000000       0x43 Stm32f103c6_Drivers/SPI/stm32f103c6_SPI_Driver.o
 .debug_macro   0x0000000000000000       0x20 Stm32f103c6_Drivers/SPI/stm32f103c6_SPI_Driver.o
 .debug_macro   0x0000000000000000      0x1a3 Stm32f103c6_Drivers/SPI/stm32f103c6_SPI_Driver.o
 .debug_macro   0x0000000000000000      0x330 Stm32f103c6_Drivers/SPI/stm32f103c6_SPI_Driver.o
 .debug_macro   0x0000000000000000       0x16 Stm32f103c6_Drivers/SPI/stm32f103c6_SPI_Driver.o
 .debug_macro   0x0000000000000000       0x29 Stm32f103c6_Drivers/SPI/stm32f103c6_SPI_Driver.o
 .debug_macro   0x0000000000000000       0xef Stm32f103c6_Drivers/SPI/stm32f103c6_SPI_Driver.o
 .debug_macro   0x0000000000000000       0x6a Stm32f103c6_Drivers/SPI/stm32f103c6_SPI_Driver.o
 .debug_macro   0x0000000000000000      0x1df Stm32f103c6_Drivers/SPI/stm32f103c6_SPI_Driver.o
 .debug_macro   0x0000000000000000      0x31e Stm32f103c6_Drivers/SPI/stm32f103c6_SPI_Driver.o
 .debug_macro   0x0000000000000000       0xdc Stm32f103c6_Drivers/SPI/stm32f103c6_SPI_Driver.o
 .group         0x0000000000000000        0xc Stm32f103c6_Drivers/USART/stm32f103c6_USART_Driver.o
 .group         0x0000000000000000        0xc Stm32f103c6_Drivers/USART/stm32f103c6_USART_Driver.o
 .group         0x0000000000000000        0xc Stm32f103c6_Drivers/USART/stm32f103c6_USART_Driver.o
 .group         0x0000000000000000        0xc Stm32f103c6_Drivers/USART/stm32f103c6_USART_Driver.o
 .group         0x0000000000000000        0xc Stm32f103c6_Drivers/USART/stm32f103c6_USART_Driver.o
 .group         0x0000000000000000        0xc Stm32f103c6_Drivers/USART/stm32f103c6_USART_Driver.o
 .group         0x0000000000000000        0xc Stm32f103c6_Drivers/USART/stm32f103c6_USART_Driver.o
 .group         0x0000000000000000        0xc Stm32f103c6_Drivers/USART/stm32f103c6_USART_Driver.o
 .group         0x0000000000000000        0xc Stm32f103c6_Drivers/USART/stm32f103c6_USART_Driver.o
 .group         0x0000000000000000        0xc Stm32f103c6_Drivers/USART/stm32f103c6_USART_Driver.o
 .group         0x0000000000000000        0xc Stm32f103c6_Drivers/USART/stm32f103c6_USART_Driver.o
 .group         0x0000000000000000        0xc Stm32f103c6_Drivers/USART/stm32f103c6_USART_Driver.o
 .group         0x0000000000000000        0xc Stm32f103c6_Drivers/USART/stm32f103c6_USART_Driver.o
 .group         0x0000000000000000        0xc Stm32f103c6_Drivers/USART/stm32f103c6_USART_Driver.o
 .group         0x0000000000000000        0xc Stm32f103c6_Drivers/USART/stm32f103c6_USART_Driver.o
 .group         0x0000000000000000        0xc Stm32f103c6_Drivers/USART/stm32f103c6_USART_Driver.o
 .group         0x0000000000000000        0xc Stm32f103c6_Drivers/USART/stm32f103c6_USART_Driver.o
 .group         0x0000000000000000        0xc Stm32f103c6_Drivers/USART/stm32f103c6_USART_Driver.o
 .group         0x0000000000000000        0xc Stm32f103c6_Drivers/USART/stm32f103c6_USART_Driver.o
 .group         0x0000000000000000        0xc Stm32f103c6_Drivers/USART/stm32f103c6_USART_Driver.o
 .group         0x0000000000000000        0xc Stm32f103c6_Drivers/USART/stm32f103c6_USART_Driver.o
 .group         0x0000000000000000        0xc Stm32f103c6_Drivers/USART/stm32f103c6_USART_Driver.o
 .group         0x0000000000000000        0xc Stm32f103c6_Drivers/USART/stm32f103c6_USART_Driver.o
 .group         0x0000000000000000        0xc Stm32f103c6_Drivers/USART/stm32f103c6_USART_Driver.o
 .group         0x0000000000000000        0xc Stm32f103c6_Drivers/USART/stm32f103c6_USART_Driver.o
 .group         0x0000000000000000        0xc Stm32f103c6_Drivers/USART/stm32f103c6_USART_Driver.o
 .text          0x0000000000000000        0x0 Stm32f103c6_Drivers/USART/stm32f103c6_USART_Driver.o
 .data          0x0000000000000000        0x0 Stm32f103c6_Drivers/USART/stm32f103c6_USART_Driver.o
 .bss           0x0000000000000000        0x0 Stm32f103c6_Drivers/USART/stm32f103c6_USART_Driver.o
 .text.MCAL_USART_DeInit
                0x0000000000000000       0x94 Stm32f103c6_Drivers/USART/stm32f103c6_USART_Driver.o
 .text.MCAL_USART_Wait_TC
                0x0000000000000000       0x20 Stm32f103c6_Drivers/USART/stm32f103c6_USART_Driver.o
 .debug_macro   0x0000000000000000      0xa60 Stm32f103c6_Drivers/USART/stm32f103c6_USART_Driver.o
 .debug_macro   0x0000000000000000       0x18 Stm32f103c6_Drivers/USART/stm32f103c6_USART_Driver.o
 .debug_macro   0x0000000000000000       0x22 Stm32f103c6_Drivers/USART/stm32f103c6_USART_Driver.o
 .debug_macro   0x0000000000000000       0x40 Stm32f103c6_Drivers/USART/stm32f103c6_USART_Driver.o
 .debug_macro   0x0000000000000000       0x94 Stm32f103c6_Drivers/USART/stm32f103c6_USART_Driver.o
 .debug_macro   0x0000000000000000       0x3c Stm32f103c6_Drivers/USART/stm32f103c6_USART_Driver.o
 .debug_macro   0x0000000000000000       0x34 Stm32f103c6_Drivers/USART/stm32f103c6_USART_Driver.o
 .debug_macro   0x0000000000000000       0x16 Stm32f103c6_Drivers/USART/stm32f103c6_USART_Driver.o
 .debug_macro   0x0000000000000000      0x10e Stm32f103c6_Drivers/USART/stm32f103c6_USART_Driver.o
 .debug_macro   0x0000000000000000       0x8d Stm32f103c6_Drivers/USART/stm32f103c6_USART_Driver.o
 .debug_macro   0x0000000000000000       0x57 Stm32f103c6_Drivers/USART/stm32f103c6_USART_Driver.o
 .debug_macro   0x0000000000000000       0x52 Stm32f103c6_Drivers/USART/stm32f103c6_USART_Driver.o
 .debug_macro   0x0000000000000000       0x1f Stm32f103c6_Drivers/USART/stm32f103c6_USART_Driver.o
 .debug_macro   0x0000000000000000       0x43 Stm32f103c6_Drivers/USART/stm32f103c6_USART_Driver.o
 .debug_macro   0x0000000000000000       0x20 Stm32f103c6_Drivers/USART/stm32f103c6_USART_Driver.o
 .debug_macro   0x0000000000000000      0x1a3 Stm32f103c6_Drivers/USART/stm32f103c6_USART_Driver.o
 .debug_macro   0x0000000000000000      0x330 Stm32f103c6_Drivers/USART/stm32f103c6_USART_Driver.o
 .debug_macro   0x0000000000000000       0x16 Stm32f103c6_Drivers/USART/stm32f103c6_USART_Driver.o
 .debug_macro   0x0000000000000000       0x29 Stm32f103c6_Drivers/USART/stm32f103c6_USART_Driver.o
 .debug_macro   0x0000000000000000       0xef Stm32f103c6_Drivers/USART/stm32f103c6_USART_Driver.o
 .debug_macro   0x0000000000000000       0x6a Stm32f103c6_Drivers/USART/stm32f103c6_USART_Driver.o
 .debug_macro   0x0000000000000000      0x1df Stm32f103c6_Drivers/USART/stm32f103c6_USART_Driver.o
 .debug_macro   0x0000000000000000      0x31e Stm32f103c6_Drivers/USART/stm32f103c6_USART_Driver.o
 .debug_macro   0x0000000000000000       0xdc Stm32f103c6_Drivers/USART/stm32f103c6_USART_Driver.o
 .debug_macro   0x0000000000000000       0x16 Stm32f103c6_Drivers/USART/stm32f103c6_USART_Driver.o
 .debug_macro   0x0000000000000000       0xdf Stm32f103c6_Drivers/USART/stm32f103c6_USART_Driver.o
 .text          0x0000000000000000        0x0 c:/st/stm32cubeide_1.4.0/stm32cubeide/plugins/com.st.stm32cube.ide.mcu.externaltools.gnu-tools-for-stm32.7-2018-q2-update.win32_1.4.0.202007081208/tools/bin/../lib/gcc/arm-none-eabi/7.3.1/../../../../arm-none-eabi/lib/thumb/v7-m\libc_nano.a(lib_a-errno.o)
 .data          0x0000000000000000        0x0 c:/st/stm32cubeide_1.4.0/stm32cubeide/plugins/com.st.stm32cube.ide.mcu.externaltools.gnu-tools-for-stm32.7-2018-q2-update.win32_1.4.0.202007081208/tools/bin/../lib/gcc/arm-none-eabi/7.3.1/../../../../arm-none-eabi/lib/thumb/v7-m\libc_nano.a(lib_a-errno.o)
 .bss           0x0000000000000000        0x0 c:/st/stm32cubeide_1.4.0/stm32cubeide/plugins/com.st.stm32cube.ide.mcu.externaltools.gnu-tools-for-stm32.7-2018-q2-update.win32_1.4.0.202007081208/tools/bin/../lib/gcc/arm-none-eabi/7.3.1/../../../../arm-none-eabi/lib/thumb/v7-m\libc_nano.a(lib_a-errno.o)
 .text.__errno  0x0000000000000000        0xc c:/st/stm32cubeide_1.4.0/stm32cubeide/plugins/com.st.stm32cube.ide.mcu.externaltools.gnu-tools-for-stm32.7-2018-q2-update.win32_1.4.0.202007081208/tools/bin/../lib/gcc/arm-none-eabi/7.3.1/../../../../arm-none-eabi/lib/thumb/v7-m\libc_nano.a(lib_a-errno.o)
 .debug_frame   0x0000000000000000       0x20 c:/st/stm32cubeide_1.4.0/stm32cubeide/plugins/com.st.stm32cube.ide.mcu.externaltools.gnu-tools-for-stm32.7-2018-q2-update.win32_1.4.0.202007081208/tools/bin/../lib/gcc/arm-none-eabi/7.3.1/../../../../arm-none-eabi/lib/thumb/v7-m\libc_nano.a(lib_a-errno.o)
 .ARM.attributes
                0x0000000000000000       0x2d c:/st/stm32cubeide_1.4.0/stm32cubeide/plugins/com.st.stm32cube.ide.mcu.externaltools.gnu-tools-for-stm32.7-2018-q2-update.win32_1.4.0.202007081208/tools/bin/../lib/gcc/arm-none-eabi/7.3.1/../../../../arm-none-eabi/lib/thumb/v7-m\libc_nano.a(lib_a-errno.o)
 .text          0x0000000000000000        0x0 c:/st/stm32cubeide_1.4.0/stm32cubeide/plugins/com.st.stm32cube.ide.mcu.externaltools.gnu-tools-for-stm32.7-2018-q2-update.win32_1.4.0.202007081208/tools/bin/../lib/gcc/arm-none-eabi/7.3.1/../../../../arm-none-eabi/lib/thumb/v7-m\libc_nano.a(lib_a-exit.o)
 .data          0x0000000000000000        0x0 c:/st/stm32cubeide_1.4.0/stm32cubeide/plugins/com.st.stm32cube.ide.mcu.externaltools.gnu-tools-for-stm32.7-2018-q2-update.win32_1.4.0.202007081208/tools/bin/../lib/gcc/arm-none-eabi/7.3.1/../../../../arm-none-eabi/lib/thumb/v7-m\libc_nano.a(lib_a-exit.o)
 .bss           0x0000000000000000        0x0 c:/st/stm32cubeide_1.4.0/stm32cubeide/plugins/com.st.stm32cube.ide.mcu.externaltools.gnu-tools-for-stm32.7-2018-q2-update.win32_1.4.0.202007081208/tools/bin/../lib/gcc/arm-none-eabi/7.3.1/../../../../arm-none-eabi/lib/thumb/v7-m\libc_nano.a(lib_a-exit.o)
 .text.exit     0x0000000000000000       0x28 c:/st/stm32cubeide_1.4.0/stm32cubeide/plugins/com.st.stm32cube.ide.mcu.externaltools.gnu-tools-for-stm32.7-2018-q2-update.win32_1.4.0.202007081208/tools/bin/../lib/gcc/arm-none-eabi/7.3.1/../../../../arm-none-eabi/lib/thumb/v7-m\libc_nano.a(lib_a-exit.o)
 .debug_frame   0x0000000000000000       0x28 c:/st/stm32cubeide_1.4.0/stm32cubeide/plugins/com.st.stm32cube.ide.mcu.externaltools.gnu-tools-for-stm32.7-2018-q2-update.win32_1.4.0.202007081208/tools/bin/../lib/gcc/arm-none-eabi/7.3.1/../../../../arm-none-eabi/lib/thumb/v7-m\libc_nano.a(lib_a-exit.o)
 .ARM.attributes
                0x0000000000000000       0x2d c:/st/stm32cubeide_1.4.0/stm32cubeide/plugins/com.st.stm32cube.ide.mcu.externaltools.gnu-tools-for-stm32.7-2018-q2-update.win32_1.4.0.202007081208/tools/bin/../lib/gcc/arm-none-eabi/7.3.1/../../../../arm-none-eabi/lib/thumb/v7-m\libc_nano.a(lib_a-exit.o)
 .text          0x0000000000000000        0x0 c:/st/stm32cubeide_1.4.0/stm32cubeide/plugins/com.st.stm32cube.ide.mcu.externaltools.gnu-tools-for-stm32.7-2018-q2-update.win32_1.4.0.202007081208/tools/bin/../lib/gcc/arm-none-eabi/7.3.1/../../../../arm-none-eabi/lib/thumb/v7-m\libc_nano.a(lib_a-impure.o)
 .data          0x0000000000000000        0x0 c:/st/stm32cubeide_1.4.0/stm32cubeide/plugins/com.st.stm32cube.ide.mcu.externaltools.gnu-tools-for-stm32.7-2018-q2-update.win32_1.4.0.202007081208/tools/bin/../lib/gcc/arm-none-eabi/7.3.1/../../../../arm-none-eabi/lib/thumb/v7-m\libc_nano.a(lib_a-impure.o)
 .bss           0x0000000000000000        0x0 c:/st/stm32cubeide_1.4.0/stm32cubeide/plugins/com.st.stm32cube.ide.mcu.externaltools.gnu-tools-for-stm32.7-2018-q2-update.win32_1.4.0.202007081208/tools/bin/../lib/gcc/arm-none-eabi/7.3.1/../../../../arm-none-eabi/lib/thumb/v7-m\libc_nano.a(lib_a-impure.o)
 .data._impure_ptr
                0x0000000000000000        0x4 c:/st/stm32cubeide_1.4.0/stm32cubeide/plugins/com.st.stm32cube.ide.mcu.externaltools.gnu-tools-for-stm32.7-2018-q2-update.win32_1.4.0.202007081208/tools/bin/../lib/gcc/arm-none-eabi/7.3.1/../../../../arm-none-eabi/lib/thumb/v7-m\libc_nano.a(lib_a-impure.o)
 .data.impure_data
                0x0000000000000000       0x60 c:/st/stm32cubeide_1.4.0/stm32cubeide/plugins/com.st.stm32cube.ide.mcu.externaltools.gnu-tools-for-stm32.7-2018-q2-update.win32_1.4.0.202007081208/tools/bin/../lib/gcc/arm-none-eabi/7.3.1/../../../../arm-none-eabi/lib/thumb/v7-m\libc_nano.a(lib_a-impure.o)
 .rodata._global_impure_ptr
                0x0000000000000000        0x4 c:/st/stm32cubeide_1.4.0/stm32cubeide/plugins/com.st.stm32cube.ide.mcu.externaltools.gnu-tools-for-stm32.7-2018-q2-update.win32_1.4.0.202007081208/tools/bin/../lib/gcc/arm-none-eabi/7.3.1/../../../../arm-none-eabi/lib/thumb/v7-m\libc_nano.a(lib_a-impure.o)
 .ARM.attributes
                0x0000000000000000       0x2d c:/st/stm32cubeide_1.4.0/stm32cubeide/plugins/com.st.stm32cube.ide.mcu.externaltools.gnu-tools-for-stm32.7-2018-q2-update.win32_1.4.0.202007081208/tools/bin/../lib/gcc/arm-none-eabi/7.3.1/../../../../arm-none-eabi/lib/thumb/v7-m\libc_nano.a(lib_a-impure.o)
 .text          0x0000000000000000        0x0 c:/st/stm32cubeide_1.4.0/stm32cubeide/plugins/com.st.stm32cube.ide.mcu.externaltools.gnu-tools-for-stm32.7-2018-q2-update.win32_1.4.0.202007081208/tools/bin/../lib/gcc/arm-none-eabi/7.3.1/../../../../arm-none-eabi/lib/thumb/v7-m\libc_nano.a(lib_a-init.o)
 .data          0x0000000000000000        0x0 c:/st/stm32cubeide_1.4.0/stm32cubeide/plugins/com.st.stm32cube.ide.mcu.externaltools.gnu-tools-for-stm32.7-2018-q2-update.win32_1.4.0.202007081208/tools/bin/../lib/gcc/arm-none-eabi/7.3.1/../../../../arm-none-eabi/lib/thumb/v7-m\libc_nano.a(lib_a-init.o)
 .bss           0x0000000000000000        0x0 c:/st/stm32cubeide_1.4.0/stm32cubeide/plugins/com.st.stm32cube.ide.mcu.externaltools.gnu-tools-for-stm32.7-2018-q2-update.win32_1.4.0.202007081208/tools/bin/../lib/gcc/arm-none-eabi/7.3.1/../../../../arm-none-eabi/lib/thumb/v7-m\libc_nano.a(lib_a-init.o)
 .text          0x0000000000000000        0x0 c:/st/stm32cubeide_1.4.0/stm32cubeide/plugins/com.st.stm32cube.ide.mcu.externaltools.gnu-tools-for-stm32.7-2018-q2-update.win32_1.4.0.202007081208/tools/bin/../lib/gcc/arm-none-eabi/7.3.1/../../../../arm-none-eabi/lib/thumb/v7-m\libc_nano.a(lib_a-memset.o)
 .data          0x0000000000000000        0x0 c:/st/stm32cubeide_1.4.0/stm32cubeide/plugins/com.st.stm32cube.ide.mcu.externaltools.gnu-tools-for-stm32.7-2018-q2-update.win32_1.4.0.202007081208/tools/bin/../lib/gcc/arm-none-eabi/7.3.1/../../../../arm-none-eabi/lib/thumb/v7-m\libc_nano.a(lib_a-memset.o)
 .bss           0x0000000000000000        0x0 c:/st/stm32cubeide_1.4.0/stm32cubeide/plugins/com.st.stm32cube.ide.mcu.externaltools.gnu-tools-for-stm32.7-2018-q2-update.win32_1.4.0.202007081208/tools/bin/../lib/gcc/arm-none-eabi/7.3.1/../../../../arm-none-eabi/lib/thumb/v7-m\libc_nano.a(lib_a-memset.o)
 .text.memset   0x0000000000000000       0x10 c:/st/stm32cubeide_1.4.0/stm32cubeide/plugins/com.st.stm32cube.ide.mcu.externaltools.gnu-tools-for-stm32.7-2018-q2-update.win32_1.4.0.202007081208/tools/bin/../lib/gcc/arm-none-eabi/7.3.1/../../../../arm-none-eabi/lib/thumb/v7-m\libc_nano.a(lib_a-memset.o)
 .debug_frame   0x0000000000000000       0x20 c:/st/stm32cubeide_1.4.0/stm32cubeide/plugins/com.st.stm32cube.ide.mcu.externaltools.gnu-tools-for-stm32.7-2018-q2-update.win32_1.4.0.202007081208/tools/bin/../lib/gcc/arm-none-eabi/7.3.1/../../../../arm-none-eabi/lib/thumb/v7-m\libc_nano.a(lib_a-memset.o)
 .ARM.attributes
                0x0000000000000000       0x2d c:/st/stm32cubeide_1.4.0/stm32cubeide/plugins/com.st.stm32cube.ide.mcu.externaltools.gnu-tools-for-stm32.7-2018-q2-update.win32_1.4.0.202007081208/tools/bin/../lib/gcc/arm-none-eabi/7.3.1/../../../../arm-none-eabi/lib/thumb/v7-m\libc_nano.a(lib_a-memset.o)
 .text          0x0000000000000000        0x0 c:/st/stm32cubeide_1.4.0/stm32cubeide/plugins/com.st.stm32cube.ide.mcu.externaltools.gnu-tools-for-stm32.7-2018-q2-update.win32_1.4.0.202007081208/tools/bin/../lib/gcc/arm-none-eabi/7.3.1/thumb/v7-m/crtend.o
 .data          0x0000000000000000        0x0 c:/st/stm32cubeide_1.4.0/stm32cubeide/plugins/com.st.stm32cube.ide.mcu.externaltools.gnu-tools-for-stm32.7-2018-q2-update.win32_1.4.0.202007081208/tools/bin/../lib/gcc/arm-none-eabi/7.3.1/thumb/v7-m/crtend.o
 .bss           0x0000000000000000        0x0 c:/st/stm32cubeide_1.4.0/stm32cubeide/plugins/com.st.stm32cube.ide.mcu.externaltools.gnu-tools-for-stm32.7-2018-q2-update.win32_1.4.0.202007081208/tools/bin/../lib/gcc/arm-none-eabi/7.3.1/thumb/v7-m/crtend.o
 .eh_frame      0x0000000000000000        0x4 c:/st/stm32cubeide_1.4.0/stm32cubeide/plugins/com.st.stm32cube.ide.mcu.externaltools.gnu-tools-for-stm32.7-2018-q2-update.win32_1.4.0.202007081208/tools/bin/../lib/gcc/arm-none-eabi/7.3.1/thumb/v7-m/crtend.o
 .ARM.attributes
                0x0000000000000000       0x2d c:/st/stm32cubeide_1.4.0/stm32cubeide/plugins/com.st.stm32cube.ide.mcu.externaltools.gnu-tools-for-stm32.7-2018-q2-update.win32_1.4.0.202007081208/tools/bin/../lib/gcc/arm-none-eabi/7.3.1/thumb/v7-m/crtend.o
 .text          0x0000000000000000        0x0 c:/st/stm32cubeide_1.4.0/stm32cubeide/plugins/com.st.stm32cube.ide.mcu.externaltools.gnu-tools-for-stm32.7-2018-q2-update.win32_1.4.0.202007081208/tools/bin/../lib/gcc/arm-none-eabi/7.3.1/thumb/v7-m/crtn.o
 .data          0x0000000000000000        0x0 c:/st/stm32cubeide_1.4.0/stm32cubeide/plugins/com.st.stm32cube.ide.mcu.externaltools.gnu-tools-for-stm32.7-2018-q2-update.win32_1.4.0.202007081208/tools/bin/../lib/gcc/arm-none-eabi/7.3.1/thumb/v7-m/crtn.o
 .bss           0x0000000000000000        0x0 c:/st/stm32cubeide_1.4.0/stm32cubeide/plugins/com.st.stm32cube.ide.mcu.externaltools.gnu-tools-for-stm32.7-2018-q2-update.win32_1.4.0.202007081208/tools/bin/../lib/gcc/arm-none-eabi/7.3.1/thumb/v7-m/crtn.o

Memory Configuration

Name             Origin             Length             Attributes
RAM              0x0000000020000000 0x0000000000002800 xrw
ROM              0x0000000008000000 0x0000000000008000 xr
*default*        0x0000000000000000 0xffffffffffffffff

Linker script and memory map

LOAD c:/st/stm32cubeide_1.4.0/stm32cubeide/plugins/com.st.stm32cube.ide.mcu.externaltools.gnu-tools-for-stm32.7-2018-q2-update.win32_1.4.0.202007081208/tools/bin/../lib/gcc/arm-none-eabi/7.3.1/thumb/v7-m/crti.o
LOAD c:/st/stm32cubeide_1.4.0/stm32cubeide/plugins/com.st.stm32cube.ide.mcu.externaltools.gnu-tools-for-stm32.7-2018-q2-update.win32_1.4.0.202007081208/tools/bin/../lib/gcc/arm-none-eabi/7.3.1/thumb/v7-m/crtbegin.o
LOAD c:/st/stm32cubeide_1.4.0/stm32cubeide/plugins/com.st.stm32cube.ide.mcu.externaltools.gnu-tools-for-stm32.7-2018-q2-update.win32_1.4.0.202007081208/tools/bin/../lib/gcc/arm-none-eabi/7.3.1/../../../../arm-none-eabi/lib/thumb/v7-m/crt0.o
LOAD HAL/Keypad.o
LOAD HAL/lcd.o
LOAD Src/main.o
LOAD Src/syscalls.o
LOAD Src/sysmem.o
LOAD Startup/startup_stm32f103c6tx.o
LOAD Stm32f103c6_Drivers/EXTI/stm32f103c6_EXTI_Driver.o
LOAD Stm32f103c6_Drivers/GPIO/stm32f103c6_GPIO_Driver.o
LOAD Stm32f103c6_Drivers/RCC/stm32f103c6_RCC_Driver.o
LOAD Stm32f103c6_Drivers/SPI/stm32f103c6_SPI_Driver.o
LOAD Stm32f103c6_Drivers/USART/stm32f103c6_USART_Driver.o
START GROUP
LOAD c:/st/stm32cubeide_1.4.0/stm32cubeide/plugins/com.st.stm32cube.ide.mcu.externaltools.gnu-tools-for-stm32.7-2018-q2-update.win32_1.4.0.202007081208/tools/bin/../lib/gcc/arm-none-eabi/7.3.1/../../../../arm-none-eabi/lib/thumb/v7-m\libc_nano.a
LOAD c:/st/stm32cubeide_1.4.0/stm32cubeide/plugins/com.st.stm32cube.ide.mcu.externaltools.gnu-tools-for-stm32.7-2018-q2-update.win32_1.4.0.202007081208/tools/bin/../lib/gcc/arm-none-eabi/7.3.1/../../../../arm-none-eabi/lib/thumb/v7-m\libm.a
END GROUP
START GROUP
LOAD c:/st/stm32cubeide_1.4.0/stm32cubeide/plugins/com.st.stm32cube.ide.mcu.externaltools.gnu-tools-for-stm32.7-2018-q2-update.win32_1.4.0.202007081208/tools/bin/../lib/gcc/arm-none-eabi/7.3.1/thumb/v7-m\libgcc.a
LOAD c:/st/stm32cubeide_1.4.0/stm32cubeide/plugins/com.st.stm32cube.ide.mcu.externaltools.gnu-tools-for-stm32.7-2018-q2-update.win32_1.4.0.202007081208/tools/bin/../lib/gcc/arm-none-eabi/7.3.1/../../../../arm-none-eabi/lib/thumb/v7-m\libg_nano.a
LOAD c:/st/stm32cubeide_1.4.0/stm32cubeide/plugins/com.st.stm32cube.ide.mcu.externaltools.gnu-tools-for-stm32.7-2018-q2-update.win32_1.4.0.202007081208/tools/bin/../lib/gcc/arm-none-eabi/7.3.1/../../../../arm-none-eabi/lib/thumb/v7-m\libc_nano.a
END GROUP
START GROUP
LOAD c:/st/stm32cubeide_1.4.0/stm32cubeide/plugins/com.st.stm32cube.ide.mcu.externaltools.gnu-tools-for-stm32.7-2018-q2-update.win32_1.4.0.202007081208/tools/bin/../lib/gcc/arm-none-eabi/7.3.1/thumb/v7-m\libgcc.a
LOAD c:/st/stm32cubeide_1.4.0/stm32cubeide/plugins/com.st.stm32cube.ide.mcu.externaltools.gnu-tools-for-stm32.7-2018-q2-update.win32_1.4.0.202007081208/tools/bin/../lib/gcc/arm-none-eabi/7.3.1/../../../../arm-none-eabi/lib/thumb/v7-m\libc_nano.a
LOAD c:/st/stm32cubeide_1.4.0/stm32cubeide/plugins/com.st.stm32cube.ide.mcu.externaltools.gnu-tools-for-stm32.7-2018-q2-update.win32_1.4.0.202007081208/tools/bin/../lib/gcc/arm-none-eabi/7.3.1/../../../../arm-none-eabi/lib/thumb/v7-m\libnosys.a
END GROUP
START GROUP
LOAD c:/st/stm32cubeide_1.4.0/stm32cubeide/plugins/com.st.stm32cube.ide.mcu.externaltools.gnu-tools-for-stm32.7-2018-q2-update.win32_1.4.0.202007081208/tools/bin/../lib/gcc/arm-none-eabi/7.3.1/thumb/v7-m\libgcc.a
LOAD c:/st/stm32cubeide_1.4.0/stm32cubeide/plugins/com.st.stm32cube.ide.mcu.externaltools.gnu-tools-for-stm32.7-2018-q2-update.win32_1.4.0.202007081208/tools/bin/../lib/gcc/arm-none-eabi/7.3.1/../../../../arm-none-eabi/lib/thumb/v7-m\libc_nano.a
LOAD c:/st/stm32cubeide_1.4.0/stm32cubeide/plugins/com.st.stm32cube.ide.mcu.externaltools.gnu-tools-for-stm32.7-2018-q2-update.win32_1.4.0.202007081208/tools/bin/../lib/gcc/arm-none-eabi/7.3.1/../../../../arm-none-eabi/lib/thumb/v7-m\libnosys.a
END GROUP
LOAD c:/st/stm32cubeide_1.4.0/stm32cubeide/plugins/com.st.stm32cube.ide.mcu.externaltools.gnu-tools-for-stm32.7-2018-q2-update.win32_1.4.0.202007081208/tools/bin/../lib/gcc/arm-none-eabi/7.3.1/thumb/v7-m/crtend.o
LOAD c:/st/stm32cubeide_1.4.0/stm32cubeide/plugins/com.st.stm32cube.ide.mcu.externaltools.gnu-tools-for-stm32.7-2018-q2-update.win32_1.4.0.202007081208/tools/bin/../lib/gcc/arm-none-eabi/7.3.1/thumb/v7-m/crtn.o
                0x0000000020002800                _estack = (ORIGIN (RAM) + LENGTH (RAM))
                0x0000000000000200                _Min_Heap_Size = 0x200
                0x0000000000000400                _Min_Stack_Size = 0x400

.isr_vector     0x0000000008000000      0x130
                0x0000000008000000                . = ALIGN (0x4)
 *(.isr_vector)
 .isr_vector    0x0000000008000000      0x130 Startup/startup_stm32f103c6tx.o
                0x0000000008000000                g_pfnVectors
                0x0000000008000130                . = ALIGN (0x4)

.text           0x0000000008000130      0xf68
                0x0000000008000130                . = ALIGN (0x4)
 *(.text)
 .text          0x0000000008000130       0x40 c:/st/stm32cubeide_1.4.0/stm32cubeide/plugins/com.st.stm32cube.ide.mcu.externaltools.gnu-tools-for-stm32.7-2018-q2-update.win32_1.4.0.202007081208/tools/bin/../lib/gcc/arm-none-eabi/7.3.1/thumb/v7-m/crtbegin.o
 *(.text*)
 .text.CALL_BACK
                0x0000000008000170       0x64 Src/main.o
                0x0000000008000170                CALL_BACK
 .text.main     0x00000000080001d4       0xac Src/main.o
                0x00000000080001d4                main
 .text.Reset_Handler
                0x0000000008000280       0x50 Startup/startup_stm32f103c6tx.o
                0x0000000008000280                Reset_Handler
 .text.Default_Handler
                0x00000000080002d0        0x2 Startup/startup_stm32f103c6tx.o
                0x00000000080002d0                TIM8_TRG_COM_IRQHandler
                0x00000000080002d0                TIM8_CC_IRQHandler
                0x00000000080002d0                DebugMon_Handler
                0x00000000080002d0                TIM1_CC_IRQHandler
                0x00000000080002d0                HardFault_Handler
                0x00000000080002d0                TIM6_IRQHandler
                0x00000000080002d0                SysTick_Handler
                0x00000000080002d0                PVD_IRQHandler
                0x00000000080002d0                SDIO_IRQHandler
                0x00000000080002d0                PendSV_Handler
                0x00000000080002d0                NMI_Handler
                0x00000000080002d0                USB_HP_CAN_TX_IRQHandler
                0x00000000080002d0                I2C2_EV_IRQHandler
                0x00000000080002d0                UsageFault_Handler
                0x00000000080002d0                ADC1_2_IRQHandler
                0x00000000080002d0                CAN_SCE_IRQHandler
                0x00000000080002d0                TAMPER_IRQHandler
                0x00000000080002d0                TIM8_UP_IRQHandler
                0x00000000080002d0                DMA2_Channel2_IRQHandler
                0x00000000080002d0                DMA1_Channel4_IRQHandler
                0x00000000080002d0                RTC_IRQHandler
                0x00000000080002d0                DMA1_Channel7_IRQHandler
                0x00000000080002d0                UART5_IRQHandler
                0x00000000080002d0                ADC3_IRQHandler
                0x00000000080002d0                TIM4_IRQHandler
                0x00000000080002d0                CAN_RX1_IRQHandler
                0x00000000080002d0                DMA2_Channel1_IRQHandler
                0x00000000080002d0                I2C1_EV_IRQHandler
                0x00000000080002d0                DMA1_Channel6_IRQHandler
                0x00000000080002d0                UART4_IRQHandler
                0x00000000080002d0                TIM3_IRQHandler
                0x00000000080002d0                RCC_IRQHandler
                0x00000000080002d0                TIM1_TRG_COM_IRQHandler
                0x00000000080002d0                DMA1_Channel1_IRQHandler
                0x00000000080002d0                Default_Handler
                0x00000000080002d0                TIM7_IRQHandler
                0x00000000080002d0                TIM5_IRQHandler
                0x00000000080002d0                USB_LP_CAN_RX0_IRQHandler
                0x00000000080002d0                MemManage_Handler
                0x00000000080002d0                SVC_Handler
                0x00000000080002d0                DMA1_Channel5_IRQHandler
                0x00000000080002d0                DMA1_Channel3_IRQHandler
                0x00000000080002d0                FSMC_IRQHandler
                0x00000000080002d0                TIM1_UP_IRQHandler
                0x00000000080002d0                WWDG_IRQHandler
                0x00000000080002d0                TIM2_IRQHandler
                0x00000000080002d0                TIM1_BRK_IRQHandler
                0x00000000080002d0                RTCAlarm_IRQHandler
                0x00000000080002d0                DMA2_Channel4_5_IRQHandler
                0x00000000080002d0                I2C2_ER_IRQHandler
                0x00000000080002d0                DMA1_Channel2_IRQHandler
                0x00000000080002d0                TIM8_BRK_IRQHandler
                0x00000000080002d0                FLASH_IRQHandler
                0x00000000080002d0                BusFault_Handler
                0x00000000080002d0                SPI3_IRQHandler
                0x00000000080002d0                I2C1_ER_IRQHandler
                0x00000000080002d0                DMA2_Channel3_IRQHandler
 *fill*         0x00000000080002d2        0x2 
 .text.EXTI0_IRQHandler
                0x00000000080002d4       0x2c Stm32f103c6_Drivers/EXTI/stm32f103c6_EXTI_Driver.o
                0x00000000080002d4                EXTI0_IRQHandler
 .text.EXTI1_IRQHandler
                0x0000000008000300       0x24 Stm32f103c6_Drivers/EXTI/stm32f103c6_EXTI_Driver.o
                0x0000000008000300                EXTI1_IRQHandler
 .text.EXTI2_IRQHandler
                0x0000000008000324       0x24 Stm32f103c6_Drivers/EXTI/stm32f103c6_EXTI_Driver.o
                0x0000000008000324                EXTI2_IRQHandler
 .text.EXTI3_IRQHandler
                0x0000000008000348       0x24 Stm32f103c6_Drivers/EXTI/stm32f103c6_EXTI_Driver.o
                0x0000000008000348                EXTI3_IRQHandler
 .text.EXTI4_IRQHandler
                0x000000000800036c       0x24 Stm32f103c6_Drivers/EXTI/stm32f103c6_EXTI_Driver.o
                0x000000000800036c                EXTI4_IRQHandler
 .text.EXTI9_5_IRQHandler
                0x0000000008000390       0xa8 Stm32f103c6_Drivers/EXTI/stm32f103c6_EXTI_Driver.o
                0x0000000008000390                EXTI9_5_IRQHandler
 .text.EXTI15_10_IRQHandler
                0x0000000008000438       0xc4 Stm32f103c6_Drivers/EXTI/stm32f103c6_EXTI_Driver.o
                0x0000000008000438                EXTI15_10_IRQHandler
 .text.Get_CRL_CRH_PinPosition
                0x00000000080004fc       0xc6 Stm32f103c6_Drivers/GPIO/stm32f103c6_GPIO_Driver.o
 .text.MCAL_GPIO_Init
                0x00000000080005c2      0x116 Stm32f103c6_Drivers/GPIO/stm32f103c6_GPIO_Driver.o
                0x00000000080005c2                MCAL_GPIO_Init
 .text.MCAL_GPIO_WritePin
                0x00000000080006d8       0x38 Stm32f103c6_Drivers/GPIO/stm32f103c6_GPIO_Driver.o
                0x00000000080006d8                MCAL_GPIO_WritePin
 .text.MCAL_RCC_GetSYSCLK_Freq
                0x0000000008000710       0x3c Stm32f103c6_Drivers/RCC/stm32f103c6_RCC_Driver.o
                0x0000000008000710                MCAL_RCC_GetSYSCLK_Freq
 .text.MCAL_RCC_GetHCLK_Freq
                0x000000000800074c       0x2c Stm32f103c6_Drivers/RCC/stm32f103c6_RCC_Driver.o
                0x000000000800074c                MCAL_RCC_GetHCLK_Freq
 .text.MCAL_RCC_GetPCLK1_Freq
                0x0000000008000778       0x2c Stm32f103c6_Drivers/RCC/stm32f103c6_RCC_Driver.o
                0x0000000008000778                MCAL_RCC_GetPCLK1_Freq
 .text.MCAL_RCC_GetPCLK2_Freq
                0x00000000080007a4       0x2c Stm32f103c6_Drivers/RCC/stm32f103c6_RCC_Driver.o
                0x00000000080007a4                MCAL_RCC_GetPCLK2_Freq
 .text.MCAL_SPI_Init
                0x00000000080007d0      0x118 Stm32f103c6_Drivers/SPI/stm32f103c6_SPI_Driver.o
                0x00000000080007d0                MCAL_SPI_Init
 .text.MCAL_SPI_GPIO_SetPins
                0x00000000080008e8      0x1a0 Stm32f103c6_Drivers/SPI/stm32f103c6_SPI_Driver.o
                0x00000000080008e8                MCAL_SPI_GPIO_SetPins
 .text.MCAL_SPI_TX_RX
                0x0000000008000a88       0x54 Stm32f103c6_Drivers/SPI/stm32f103c6_SPI_Driver.o
                0x0000000008000a88                MCAL_SPI_TX_RX
 .text.SPI1_IRQHandler
                0x0000000008000adc       0x5c Stm32f103c6_Drivers/SPI/stm32f103c6_SPI_Driver.o
                0x0000000008000adc                SPI1_IRQHandler
 .text.SPI2_IRQHandler
                0x0000000008000b38       0x5c Stm32f103c6_Drivers/SPI/stm32f103c6_SPI_Driver.o
                0x0000000008000b38                SPI2_IRQHandler
 .text.USART_GetIndex
                0x0000000008000b94       0x34 Stm32f103c6_Drivers/USART/stm32f103c6_USART_Driver.o
 .text.MCAL_USART_GPIO_SetPins
                0x0000000008000bc8       0xe0 Stm32f103c6_Drivers/USART/stm32f103c6_USART_Driver.o
                0x0000000008000bc8                MCAL_USART_GPIO_SetPins
 .text.MCAL_USART_Init
                0x0000000008000ca8      0x1c0 Stm32f103c6_Drivers/USART/stm32f103c6_USART_Driver.o
                0x0000000008000ca8                MCAL_USART_Init
 .text.MCAL_USART_TransmitData
                0x0000000008000e68       0x6c Stm32f103c6_Drivers/USART/stm32f103c6_USART_Driver.o
                0x0000000008000e68                MCAL_USART_TransmitData
 .text.MCAL_USART_ReceiveData
                0x0000000008000ed4       0x74 Stm32f103c6_Drivers/USART/stm32f103c6_USART_Driver.o
                0x0000000008000ed4                MCAL_USART_ReceiveData
 .text.USART1_IRQHandler
                0x0000000008000f48       0x50 Stm32f103c6_Drivers/USART/stm32f103c6_USART_Driver.o
                0x0000000008000f48                USART1_IRQHandler
 .text.USART2_IRQHandler
                0x0000000008000f98       0x50 Stm32f103c6_Drivers/USART/stm32f103c6_USART_Driver.o
                0x0000000008000f98                USART2_IRQHandler
 .text.USART3_IRQHandler
                0x0000000008000fe8       0x50 Stm32f103c6_Drivers/USART/stm32f103c6_USART_Driver.o
                0x0000000008000fe8                USART3_IRQHandler
 .text.__libc_init_array
                0x0000000008001038       0x48 c:/st/stm32cubeide_1.4.0/stm32cubeide/plugins/com.st.stm32cube.ide.mcu.externaltools.gnu-tools-for-stm32.7-2018-q2-update.win32_1.4.0.202007081208/tools/bin/../lib/gcc/arm-none-eabi/7.3.1/../../../../arm-none-eabi/lib/thumb/v7-m\libc_nano.a(lib_a-init.o)
                0x0000000008001038                __libc_init_array
 *(.glue_7)
 .glue_7        0x0000000008001080        0x0 linker stubs
 *(.glue_7t)
 .glue_7t       0x0000000008001080        0x0 linker stubs
 *(.eh_frame)
 .eh_frame      0x0000000008001080        0x0 c:/st/stm32cubeide_1.4.0/stm32cubeide/plugins/com.st.stm32cube.ide.mcu.externaltools.gnu-tools-for-stm32.7-2018-q2-update.win32_1.4.0.202007081208/tools/bin/../lib/gcc/arm-none-eabi/7.3.1/thumb/v7-m/crtbegin.o
 *(.init)
 .init          0x0000000008001080        0x4 c:/st/stm32cubeide_1.4.0/stm32cubeide/plugins/com.st.stm32cube.ide.mcu.externaltools.gnu-tools-for-stm32.7-2018-q2-update.win32_1.4.0.202007081208/tools/bin/../lib/gcc/arm-none-eabi/7.3.1/thumb/v7-m/crti.o
                0x0000000008001080                _init
 .init          0x0000000008001084        0x8 c:/st/stm32cubeide_1.4.0/stm32cubeide/plugins/com.st.stm32cube.ide.mcu.externaltools.gnu-tools-for-stm32.7-2018-q2-update.win32_1.4.0.202007081208/tools/bin/../lib/gcc/arm-none-eabi/7.3.1/thumb/v7-m/crtn.o
 *(.fini)
 .fini          0x000000000800108c        0x4 c:/st/stm32cubeide_1.4.0/stm32cubeide/plugins/com.st.stm32cube.ide.mcu.externaltools.gnu-tools-for-stm32.7-2018-q2-update.win32_1.4.0.202007081208/tools/bin/../lib/gcc/arm-none-eabi/7.3.1/thumb/v7-m/crti.o
                0x000000000800108c                _fini
 .fini          0x0000000008001090        0x8 c:/st/stm32cubeide_1.4.0/stm32cubeide/plugins/com.st.stm32cube.ide.mcu.externaltools.gnu-tools-for-stm32.7-2018-q2-update.win32_1.4.0.202007081208/tools/bin/../lib/gcc/arm-none-eabi/7.3.1/thumb/v7-m/crtn.o
                0x0000000008001098                . = ALIGN (0x4)
                0x0000000008001098                _etext = .

.vfp11_veneer   0x0000000008001098        0x0
 .vfp11_veneer  0x0000000008001098        0x0 linker stubs

.v4_bx          0x0000000008001098        0x0
 .v4_bx         0x0000000008001098        0x0 linker stubs

.iplt           0x0000000008001098        0x0
 .iplt          0x0000000008001098        0x0 c:/st/stm32cubeide_1.4.0/stm32cubeide/plugins/com.st.stm32cube.ide.mcu.externaltools.gnu-tools-for-stm32.7-2018-q2-update.win32_1.4.0.202007081208/tools/bin/../lib/gcc/arm-none-eabi/7.3.1/thumb/v7-m/crtbegin.o

.rodata         0x0000000008001098       0x60
                0x0000000008001098                . = ALIGN (0x4)
 *(.rodata)
 *(.rodata*)
 .rodata.APBPrescalerTable
                0x0000000008001098       0x20 Stm32f103c6_Drivers/RCC/stm32f103c6_RCC_Driver.o
                0x0000000008001098                APBPrescalerTable
 .rodata.AHBPrescalerTable
                0x00000000080010b8       0x40 Stm32f103c6_Drivers/RCC/stm32f103c6_RCC_Driver.o
                0x00000000080010b8                AHBPrescalerTable
                0x00000000080010f8                . = ALIGN (0x4)

.rel.dyn        0x00000000080010f8        0x0
 .rel.iplt      0x00000000080010f8        0x0 c:/st/stm32cubeide_1.4.0/stm32cubeide/plugins/com.st.stm32cube.ide.mcu.externaltools.gnu-tools-for-stm32.7-2018-q2-update.win32_1.4.0.202007081208/tools/bin/../lib/gcc/arm-none-eabi/7.3.1/thumb/v7-m/crtbegin.o

.ARM.extab      0x00000000080010f8        0x0
                0x00000000080010f8                . = ALIGN (0x4)
 *(.ARM.extab* .gnu.linkonce.armextab.*)
                0x00000000080010f8                . = ALIGN (0x4)

.ARM            0x00000000080010f8        0x0
                0x00000000080010f8                . = ALIGN (0x4)
                0x00000000080010f8                __exidx_start = .
 *(.ARM.exidx*)
                0x00000000080010f8                __exidx_end = .
                0x00000000080010f8                . = ALIGN (0x4)

.preinit_array  0x00000000080010f8        0x0
                0x00000000080010f8                . = ALIGN (0x4)
                0x00000000080010f8                PROVIDE (__preinit_array_start = .)
 *(.preinit_array*)
                0x00000000080010f8                PROVIDE (__preinit_array_end = .)
                0x00000000080010f8                . = ALIGN (0x4)

.init_array     0x00000000080010f8        0x4
                0x00000000080010f8                . = ALIGN (0x4)
                0x00000000080010f8                PROVIDE (__init_array_start = .)
 *(SORT_BY_NAME(.init_array.*))
 *(.init_array*)
 .init_array    0x00000000080010f8        0x4 c:/st/stm32cubeide_1.4.0/stm32cubeide/plugins/com.st.stm32cube.ide.mcu.externaltools.gnu-tools-for-stm32.7-2018-q2-update.win32_1.4.0.202007081208/tools/bin/../lib/gcc/arm-none-eabi/7.3.1/thumb/v7-m/crtbegin.o
                0x00000000080010fc                PROVIDE (__init_array_end = .)
                0x00000000080010fc                . = ALIGN (0x4)

.fini_array     0x00000000080010fc        0x4
                0x00000000080010fc                . = ALIGN (0x4)
                [!provide]                        PROVIDE (__fini_array_start = .)
 *(SORT_BY_NAME(.fini_array.*))
 *(.fini_array*)
 .fini_array    0x00000000080010fc        0x4 c:/st/stm32cubeide_1.4.0/stm32cubeide/plugins/com.st.stm32cube.ide.mcu.externaltools.gnu-tools-for-stm32.7-2018-q2-update.win32_1.4.0.202007081208/tools/bin/../lib/gcc/arm-none-eabi/7.3.1/thumb/v7-m/crtbegin.o
                [!provide]                        PROVIDE (__fini_array_end = .)
                0x0000000008001100                . = ALIGN (0x4)
                0x0000000008001100                _sidata = LOADADDR (.data)

.data           0x0000000020000000        0x0 load address 0x0000000008001100
                0x0000000020000000                . = ALIGN (0x4)
                0x0000000020000000                _sdata = .
 *(.data)
 *(.data*)
                0x0000000020000000                . = ALIGN (0x4)
                0x0000000020000000                _edata = .

.igot.plt       0x0000000020000000        0x0 load address 0x0000000008001100
 .igot.plt      0x0000000020000000        0x0 c:/st/stm32cubeide_1.4.0/stm32cubeide/plugins/com.st.stm32cube.ide.mcu.externaltools.gnu-tools-for-stm32.7-2018-q2-update.win32_1.4.0.202007081208/tools/bin/../lib/gcc/arm-none-eabi/7.3.1/thumb/v7-m/crtbegin.o
                0x0000000020000000                . = ALIGN (0x4)

.bss            0x0000000020000000       0x74 load address 0x0000000008001100
                0x0000000020000000                _sbss = .
                0x0000000020000000                __bss_start__ = _sbss
 *(.bss)
 .bss           0x0000000020000000       0x1c c:/st/stm32cubeide_1.4.0/stm32cubeide/plugins/com.st.stm32cube.ide.mcu.externaltools.gnu-tools-for-stm32.7-2018-q2-update.win32_1.4.0.202007081208/tools/bin/../lib/gcc/arm-none-eabi/7.3.1/thumb/v7-m/crtbegin.o
 *(.bss*)
 .bss.ch        0x000000002000001c        0x1 Src/main.o
 *fill*         0x000000002000001d        0x3 
 .bss.Global_SPI_Cfg
                0x0000000020000020        0x8 Stm32f103c6_Drivers/SPI/stm32f103c6_SPI_Driver.o
                0x0000000020000020                Global_SPI_Cfg
 .bss.g_USART_Config
                0x0000000020000028        0xc Stm32f103c6_Drivers/USART/stm32f103c6_USART_Driver.o
 *(COMMON)
 COMMON         0x0000000020000034       0x40 Stm32f103c6_Drivers/EXTI/stm32f103c6_EXTI_Driver.o
                0x0000000020000034                GP_IRQ_CallBack
                0x0000000020000074                . = ALIGN (0x4)
                0x0000000020000074                _ebss = .
                0x0000000020000074                __bss_end__ = _ebss

._user_heap_stack
                0x0000000020000074      0x604 load address 0x0000000008001100
                0x0000000020000078                . = ALIGN (0x8)
 *fill*         0x0000000020000074        0x4 
                [!provide]                        PROVIDE (end = .)
                0x0000000020000078                PROVIDE (_end = .)
                0x0000000020000278                . = (. + _Min_Heap_Size)
 *fill*         0x0000000020000078      0x200 
                0x0000000020000678                . = (. + _Min_Stack_Size)
 *fill*         0x0000000020000278      0x400 
                0x0000000020000678                . = ALIGN (0x8)

/DISCARD/
 libc.a(*)
 libm.a(*)
 libgcc.a(*)

.ARM.attributes
                0x0000000000000000       0x29
 *(.ARM.attributes)
 .ARM.attributes
                0x0000000000000000       0x1d c:/st/stm32cubeide_1.4.0/stm32cubeide/plugins/com.st.stm32cube.ide.mcu.externaltools.gnu-tools-for-stm32.7-2018-q2-update.win32_1.4.0.202007081208/tools/bin/../lib/gcc/arm-none-eabi/7.3.1/thumb/v7-m/crti.o
 .ARM.attributes
                0x000000000000001d       0x2d c:/st/stm32cubeide_1.4.0/stm32cubeide/plugins/com.st.stm32cube.ide.mcu.externaltools.gnu-tools-for-stm32.7-2018-q2-update.win32_1.4.0.202007081208/tools/bin/../lib/gcc/arm-none-eabi/7.3.1/thumb/v7-m/crtbegin.o
 .ARM.attributes
                0x000000000000004a       0x33 Src/main.o
 .ARM.attributes
                0x000000000000007d       0x21 Startup/startup_stm32f103c6tx.o
 .ARM.attributes
                0x000000000000009e       0x33 Stm32f103c6_Drivers/EXTI/stm32f103c6_EXTI_Driver.o
 .ARM.attributes
                0x00000000000000d1       0x33 Stm32f103c6_Drivers/GPIO/stm32f103c6_GPIO_Driver.o
 .ARM.attributes
                0x0000000000000104       0x33 Stm32f103c6_Drivers/RCC/stm32f103c6_RCC_Driver.o
 .ARM.attributes
                0x0000000000000137       0x33 Stm32f103c6_Drivers/SPI/stm32f103c6_SPI_Driver.o
 .ARM.attributes
                0x000000000000016a       0x33 Stm32f103c6_Drivers/USART/stm32f103c6_USART_Driver.o
 .ARM.attributes
                0x000000000000019d       0x2d c:/st/stm32cubeide_1.4.0/stm32cubeide/plugins/com.st.stm32cube.ide.mcu.externaltools.gnu-tools-for-stm32.7-2018-q2-update.win32_1.4.0.202007081208/tools/bin/../lib/gcc/arm-none-eabi/7.3.1/../../../../arm-none-eabi/lib/thumb/v7-m\libc_nano.a(lib_a-init.o)
 .ARM.attributes
                0x00000000000001ca       0x1d c:/st/stm32cubeide_1.4.0/stm32cubeide/plugins/com.st.stm32cube.ide.mcu.externaltools.gnu-tools-for-stm32.7-2018-q2-update.win32_1.4.0.202007081208/tools/bin/../lib/gcc/arm-none-eabi/7.3.1/thumb/v7-m/crtn.o
OUTPUT(stm32f103c6_Drivers.elf elf32-littlearm)

.debug_info     0x0000000000000000     0x52a4
 .debug_info    0x0000000000000000      0xe20 Src/main.o
 .debug_info    0x0000000000000e20       0x22 Startup/startup_stm32f103c6tx.o
 .debug_info    0x0000000000000e42      0xdb8 Stm32f103c6_Drivers/EXTI/stm32f103c6_EXTI_Driver.o
 .debug_info    0x0000000000001bfa      0xd83 Stm32f103c6_Drivers/GPIO/stm32f103c6_GPIO_Driver.o
 .debug_info    0x000000000000297d      0xaf3 Stm32f103c6_Drivers/RCC/stm32f103c6_RCC_Driver.o
 .debug_info    0x0000000000003470      0xee6 Stm32f103c6_Drivers/SPI/stm32f103c6_SPI_Driver.o
 .debug_info    0x0000000000004356      0xf4e Stm32f103c6_Drivers/USART/stm32f103c6_USART_Driver.o

.debug_abbrev   0x0000000000000000      0xc91
 .debug_abbrev  0x0000000000000000      0x21e Src/main.o
 .debug_abbrev  0x000000000000021e       0x12 Startup/startup_stm32f103c6tx.o
 .debug_abbrev  0x0000000000000230      0x201 Stm32f103c6_Drivers/EXTI/stm32f103c6_EXTI_Driver.o
 .debug_abbrev  0x0000000000000431      0x230 Stm32f103c6_Drivers/GPIO/stm32f103c6_GPIO_Driver.o
 .debug_abbrev  0x0000000000000661      0x19b Stm32f103c6_Drivers/RCC/stm32f103c6_RCC_Driver.o
 .debug_abbrev  0x00000000000007fc      0x24f Stm32f103c6_Drivers/SPI/stm32f103c6_SPI_Driver.o
 .debug_abbrev  0x0000000000000a4b      0x246 Stm32f103c6_Drivers/USART/stm32f103c6_USART_Driver.o

.debug_loc      0x0000000000000000      0xe58
 .debug_loc     0x0000000000000000       0xe4 Src/main.o
 .debug_loc     0x00000000000000e4      0x320 Stm32f103c6_Drivers/EXTI/stm32f103c6_EXTI_Driver.o
 .debug_loc     0x0000000000000404      0x38c Stm32f103c6_Drivers/GPIO/stm32f103c6_GPIO_Driver.o
 .debug_loc     0x0000000000000790       0xc8 Stm32f103c6_Drivers/RCC/stm32f103c6_RCC_Driver.o
 .debug_loc     0x0000000000000858      0x2bc Stm32f103c6_Drivers/SPI/stm32f103c6_SPI_Driver.o
 .debug_loc     0x0000000000000b14      0x344 Stm32f103c6_Drivers/USART/stm32f103c6_USART_Driver.o

.debug_aranges  0x0000000000000000      0x238
 .debug_aranges
                0x0000000000000000       0x30 Src/main.o
 .debug_aranges
                0x0000000000000030       0x28 Startup/startup_stm32f103c6tx.o
 .debug_aranges
                0x0000000000000058       0x80 Stm32f103c6_Drivers/EXTI/stm32f103c6_EXTI_Driver.o
 .debug_aranges
                0x00000000000000d8       0x68 Stm32f103c6_Drivers/GPIO/stm32f103c6_GPIO_Driver.o
 .debug_aranges
                0x0000000000000140       0x38 Stm32f103c6_Drivers/RCC/stm32f103c6_RCC_Driver.o
 .debug_aranges
                0x0000000000000178       0x58 Stm32f103c6_Drivers/SPI/stm32f103c6_SPI_Driver.o
 .debug_aranges
                0x00000000000001d0       0x68 Stm32f103c6_Drivers/USART/stm32f103c6_USART_Driver.o

.debug_ranges   0x0000000000000000      0x1d0
 .debug_ranges  0x0000000000000000       0x20 Src/main.o
 .debug_ranges  0x0000000000000020       0x20 Startup/startup_stm32f103c6tx.o
 .debug_ranges  0x0000000000000040       0x70 Stm32f103c6_Drivers/EXTI/stm32f103c6_EXTI_Driver.o
 .debug_ranges  0x00000000000000b0       0x58 Stm32f103c6_Drivers/GPIO/stm32f103c6_GPIO_Driver.o
 .debug_ranges  0x0000000000000108       0x28 Stm32f103c6_Drivers/RCC/stm32f103c6_RCC_Driver.o
 .debug_ranges  0x0000000000000130       0x48 Stm32f103c6_Drivers/SPI/stm32f103c6_SPI_Driver.o
 .debug_ranges  0x0000000000000178       0x58 Stm32f103c6_Drivers/USART/stm32f103c6_USART_Driver.o

.debug_macro    0x0000000000000000      0xee8
 .debug_macro   0x0000000000000000      0x183 Src/main.o
 .debug_macro   0x0000000000000183       0x8e Src/main.o
 .debug_macro   0x0000000000000211       0x51 Src/main.o
 .debug_macro   0x0000000000000262       0x46 Src/main.o
 .debug_macro   0x00000000000002a8      0x21f Src/main.o
 .debug_macro   0x00000000000004c7       0x16 Src/main.o
 .debug_macro   0x00000000000004dd       0xdf Src/main.o
 .debug_macro   0x00000000000005bc       0xe3 Src/main.o
 .debug_macro   0x000000000000069f      0x14e Stm32f103c6_Drivers/EXTI/stm32f103c6_EXTI_Driver.o
 .debug_macro   0x00000000000007ed       0xdc Stm32f103c6_Drivers/EXTI/stm32f103c6_EXTI_Driver.o
 .debug_macro   0x00000000000008c9      0x13f Stm32f103c6_Drivers/GPIO/stm32f103c6_GPIO_Driver.o
 .debug_macro   0x0000000000000a08      0x14e Stm32f103c6_Drivers/RCC/stm32f103c6_RCC_Driver.o
 .debug_macro   0x0000000000000b56       0x10 Stm32f103c6_Drivers/RCC/stm32f103c6_RCC_Driver.o
 .debug_macro   0x0000000000000b66      0x154 Stm32f103c6_Drivers/SPI/stm32f103c6_SPI_Driver.o
 .debug_macro   0x0000000000000cba       0xdd Stm32f103c6_Drivers/SPI/stm32f103c6_SPI_Driver.o
 .debug_macro   0x0000000000000d97      0x151 Stm32f103c6_Drivers/USART/stm32f103c6_USART_Driver.o

.debug_line     0x0000000000000000     0x2849
 .debug_line    0x0000000000000000      0x622 Src/main.o
 .debug_line    0x0000000000000622       0x84 Startup/startup_stm32f103c6tx.o
 .debug_line    0x00000000000006a6      0x75b Stm32f103c6_Drivers/EXTI/stm32f103c6_EXTI_Driver.o
 .debug_line    0x0000000000000e01      0x695 Stm32f103c6_Drivers/GPIO/stm32f103c6_GPIO_Driver.o
 .debug_line    0x0000000000001496      0x5d3 Stm32f103c6_Drivers/RCC/stm32f103c6_RCC_Driver.o
 .debug_line    0x0000000000001a69      0x695 Stm32f103c6_Drivers/SPI/stm32f103c6_SPI_Driver.o
 .debug_line    0x00000000000020fe      0x74b Stm32f103c6_Drivers/USART/stm32f103c6_USART_Driver.o

.debug_str      0x0000000000000000     0xb097
 .debug_str     0x0000000000000000     0xa95f Src/main.o
                                       0xac02 (size before relaxing)
 .debug_str     0x000000000000a95f       0x31 Startup/startup_stm32f103c6tx.o
                                         0x6e (size before relaxing)
 .debug_str     0x000000000000a990      0x286 Stm32f103c6_Drivers/EXTI/stm32f103c6_EXTI_Driver.o
                                       0xa093 (size before relaxing)
 .debug_str     0x000000000000ac16      0x167 Stm32f103c6_Drivers/GPIO/stm32f103c6_GPIO_Driver.o
                                       0x89b4 (size before relaxing)
 .debug_str     0x000000000000ad7d       0xb4 Stm32f103c6_Drivers/RCC/stm32f103c6_RCC_Driver.o
                                       0x88fb (size before relaxing)
 .debug_str     0x000000000000ae31      0x144 Stm32f103c6_Drivers/SPI/stm32f103c6_SPI_Driver.o
                                       0x9032 (size before relaxing)
 .debug_str     0x000000000000af75      0x122 Stm32f103c6_Drivers/USART/stm32f103c6_USART_Driver.o
                                       0x90da (size before relaxing)

.comment        0x0000000000000000       0x7b
 .comment       0x0000000000000000       0x7b Src/main.o
                                         0x7c (size before relaxing)
 .comment       0x000000000000007b       0x7c Stm32f103c6_Drivers/EXTI/stm32f103c6_EXTI_Driver.o
 .comment       0x000000000000007b       0x7c Stm32f103c6_Drivers/GPIO/stm32f103c6_GPIO_Driver.o
 .comment       0x000000000000007b       0x7c Stm32f103c6_Drivers/RCC/stm32f103c6_RCC_Driver.o
 .comment       0x000000000000007b       0x7c Stm32f103c6_Drivers/SPI/stm32f103c6_SPI_Driver.o
 .comment       0x000000000000007b       0x7c Stm32f103c6_Drivers/USART/stm32f103c6_USART_Driver.o

.debug_frame    0x0000000000000000      0x740
 .debug_frame   0x0000000000000000       0x7c Src/main.o
 .debug_frame   0x000000000000007c      0x1b0 Stm32f103c6_Drivers/EXTI/stm32f103c6_EXTI_Driver.o
 .debug_frame   0x000000000000022c      0x19c Stm32f103c6_Drivers/GPIO/stm32f103c6_GPIO_Driver.o
 .debug_frame   0x00000000000003c8       0x84 Stm32f103c6_Drivers/RCC/stm32f103c6_RCC_Driver.o
 .debug_frame   0x000000000000044c      0x144 Stm32f103c6_Drivers/SPI/stm32f103c6_SPI_Driver.o
 .debug_frame   0x0000000000000590      0x184 Stm32f103c6_Drivers/USART/stm32f103c6_USART_Driver.o
 .debug_frame   0x0000000000000714       0x2c c:/st/stm32cubeide_1.4.0/stm32cubeide/plugins/com.st.stm32cube.ide.mcu.externaltools.gnu-tools-for-stm32.7-2018-q2-update.win32_1.4.0.202007081208/tools/bin/../lib/gcc/arm-none-eabi/7.3.1/../../../../arm-none-eabi/lib/thumb/v7-m\libc_nano.a(lib_a-init.o)
