stm32f103c6_EXTI_Driver.c:30:6:NVIC_EXTI_Enable	16	static
stm32f103c6_EXTI_Driver.c:59:6:NVIC_EXTI_Disable	16	static
stm32f103c6_EXTI_Driver.c:90:6:Update_EXTI	24	static
stm32f103c6_EXTI_Driver.c:148:6:MCAL_EXTI_GPIO_Init	16	static
stm32f103c6_EXTI_Driver.c:152:6:MCAL_EXTI_GPIO_DeInit	4	static
stm32f103c6_EXTI_Driver.c:184:6:MCAL_EXTI_GPIO_Update	16	static
stm32f103c6_EXTI_Driver.c:202:6:EXTI0_IRQHandler	8	static
stm32f103c6_EXTI_Driver.c:212:6:EXTI1_IRQHandler	8	static
stm32f103c6_EXTI_Driver.c:217:6:EXTI2_IRQHandler	8	static
stm32f103c6_EXTI_Driver.c:222:6:EXTI3_IRQHandler	8	static
stm32f103c6_EXTI_Driver.c:227:6:EXTI4_IRQHandler	8	static
stm32f103c6_EXTI_Driver.c:232:6:EXTI9_5_IRQHandler	8	static
stm32f103c6_EXTI_Driver.c:240:6:EXTI15_10_IRQHandler	8	static
